   1              		.cpu cortex-m0
   2              		.fpu softvfp
   3              		.eabi_attribute 20, 1
   4              		.eabi_attribute 21, 1
   5              		.eabi_attribute 23, 3
   6              		.eabi_attribute 24, 1
   7              		.eabi_attribute 25, 1
   8              		.eabi_attribute 26, 1
   9              		.eabi_attribute 30, 2
  10              		.eabi_attribute 34, 0
  11              		.eabi_attribute 18, 4
  12              		.code	16
  13              		.file	"Accelerometer.c"
  14              		.text
  15              	.Ltext0:
  16              		.cfi_sections	.debug_frame
  17              		.global	__aeabi_i2f
  18              		.global	__aeabi_fmul
  19              		.global	__aeabi_fsub
  20              		.global	__aeabi_fadd
  21              		.global	__aeabi_fdiv
  22              		.section	.text.zeroAccelerometer,"ax",%progbits
  23              		.align	2
  24              		.global	zeroAccelerometer
  25              		.code	16
  26              		.thumb_func
  28              	zeroAccelerometer:
  29              	.LFB1:
  30              		.file 1 "../Sources/Accelerometer.c"
   1:../Sources/Accelerometer.c **** /*
   2:../Sources/Accelerometer.c ****  * Accelerometer.c
   3:../Sources/Accelerometer.c ****  *
   4:../Sources/Accelerometer.c ****  *  Created on: Nov 18, 2015
   5:../Sources/Accelerometer.c ****  *      Author: bentr_000
   6:../Sources/Accelerometer.c ****  */
   7:../Sources/Accelerometer.c **** 
   8:../Sources/Accelerometer.c **** #include "Accelerometer.h"
   9:../Sources/Accelerometer.c **** 
  10:../Sources/Accelerometer.c **** #define MMA8451_ADDRESS 0x1d
  11:../Sources/Accelerometer.c **** 
  12:../Sources/Accelerometer.c **** 
  13:../Sources/Accelerometer.c **** 
  14:../Sources/Accelerometer.c **** //MMA8451_CTRL_REG_1
  15:../Sources/Accelerometer.c **** #define MMA8451_ACTIVE_BIT_MASK 	0x01
  16:../Sources/Accelerometer.c **** #define MMA8451_F_READ_BIT_MASK 	0x02
  17:../Sources/Accelerometer.c **** #define MMA8451_50HZ_ODR_BIT_MASK	0x20
  18:../Sources/Accelerometer.c **** #define MMA8451_LNOISE_BIT_MASK		0x04
  19:../Sources/Accelerometer.c **** 
  20:../Sources/Accelerometer.c **** //MMA8451_CTRL_REG_2
  21:../Sources/Accelerometer.c **** #define MMA8641_HIGH_RES 0x02
  22:../Sources/Accelerometer.c **** 
  23:../Sources/Accelerometer.c **** #define MMA8451_OUT_X_MSB 	0x01
  24:../Sources/Accelerometer.c **** #define MMA8451_OUT_X_LSB 	0x02
  25:../Sources/Accelerometer.c **** #define MMA8451_OUT_Y_MSB 	0x03
  26:../Sources/Accelerometer.c **** #define MMA8451_OUT_Y_LSB 	0x04
  27:../Sources/Accelerometer.c **** #define MMA8451_OUT_Z_MSB 	0x05
  28:../Sources/Accelerometer.c **** #define MMA8451_OUT_Z_LSB 	0x06
  29:../Sources/Accelerometer.c **** #define WHO_AM_I			0x0D
  30:../Sources/Accelerometer.c **** #define MMA8451_CTRL_REG_1 	0x2A
  31:../Sources/Accelerometer.c **** #define MMA8451_CTRL_REG_2	0x2B
  32:../Sources/Accelerometer.c **** #define XYZ_DATA_CFG		0x0E
  33:../Sources/Accelerometer.c **** 
  34:../Sources/Accelerometer.c **** static uint8_t buf[16];
  35:../Sources/Accelerometer.c **** static float xBias, yBias, zBias;
  36:../Sources/Accelerometer.c **** 
  37:../Sources/Accelerometer.c **** void Init_Accelerometer()
  38:../Sources/Accelerometer.c **** {
  39:../Sources/Accelerometer.c **** 	I2CWriteRegister(0x1d, MMA8451_CTRL_REG_2, 0x00 | MMA8641_HIGH_RES);
  40:../Sources/Accelerometer.c **** 	I2CWriteRegister(0x1d, MMA8451_CTRL_REG_1, 0x00 | MMA8451_50HZ_ODR_BIT_MASK | MMA8451_ACTIVE_BIT_M
  41:../Sources/Accelerometer.c **** 	TERMINAL_PRINTF("MMA8451 address: %x", getID());
  42:../Sources/Accelerometer.c **** 	zeroAccelerometer();
  43:../Sources/Accelerometer.c **** }
  44:../Sources/Accelerometer.c **** 
  45:../Sources/Accelerometer.c **** void zeroAccelerometer()
  46:../Sources/Accelerometer.c **** {
  31              		.loc 1 46 0
  32              		.cfi_startproc
  33              	.LVL0:
  34 0000 F8B5     		push	{r3, r4, r5, r6, r7, lr}
  35              	.LCFI0:
  36              		.cfi_def_cfa_offset 24
  37              		.cfi_offset 3, -24
  38              		.cfi_offset 4, -20
  39              		.cfi_offset 5, -16
  40              		.cfi_offset 6, -12
  41              		.cfi_offset 7, -8
  42              		.cfi_offset 14, -4
  47:../Sources/Accelerometer.c **** 	float xAccSum = 0;
  48:../Sources/Accelerometer.c **** 	float yAccSum = 0;
  49:../Sources/Accelerometer.c **** 	float zAccSum = 0;
  50:../Sources/Accelerometer.c **** 	xBias = 0;
  51:../Sources/Accelerometer.c **** 	yBias = 0;
  43              		.loc 1 51 0
  44 0002 5148     		ldr	r0, .L8
  46:../Sources/Accelerometer.c **** {
  45              		.loc 1 46 0
  46 0004 5F46     		mov	r7, fp
  47 0006 5646     		mov	r6, sl
  48 0008 4D46     		mov	r5, r9
  49 000a 4446     		mov	r4, r8
  50:../Sources/Accelerometer.c **** 	xBias = 0;
  50              		.loc 1 50 0
  51 000c 4F4B     		ldr	r3, .L8+4
  52:../Sources/Accelerometer.c **** 	zBias = 0;
  52              		.loc 1 52 0
  53 000e 5049     		ldr	r1, .L8+8
  46:../Sources/Accelerometer.c **** {
  54              		.loc 1 46 0
  55 0010 F0B4     		push	{r4, r5, r6, r7}
  56              	.LCFI1:
  57              		.cfi_def_cfa_offset 40
  58              		.cfi_offset 8, -40
  59              		.cfi_offset 9, -36
  60              		.cfi_offset 10, -32
  61              		.cfi_offset 11, -28
  50:../Sources/Accelerometer.c **** 	xBias = 0;
  62              		.loc 1 50 0
  63 0012 0027     		mov	r7, #0
  64 0014 4F4C     		ldr	r4, .L8+12
  65 0016 504D     		ldr	r5, .L8+16
  66 0018 9B46     		mov	fp, r3
  67 001a 1F60     		str	r7, [r3]
  51:../Sources/Accelerometer.c **** 	yBias = 0;
  68              		.loc 1 51 0
  69 001c 8246     		mov	sl, r0
  70 001e 0760     		str	r7, [r0]
  71              		.loc 1 52 0
  72 0020 0F60     		str	r7, [r1]
  73              	.LVL1:
  74 0022 6426     		mov	r6, #100
  48:../Sources/Accelerometer.c **** 	float yAccSum = 0;
  75              		.loc 1 48 0
  76 0024 B846     		mov	r8, r7
  47:../Sources/Accelerometer.c **** 	float xAccSum = 0;
  77              		.loc 1 47 0
  78 0026 B946     		mov	r9, r7
  79              	.LVL2:
  80              	.L6:
  81              	.LBB9:
  53:../Sources/Accelerometer.c **** 	for (int i = 0; i < 100; i++)
  54:../Sources/Accelerometer.c **** 	{
  55:../Sources/Accelerometer.c **** 		while(TFC_Ticker[0] <= 20){}		
  82              		.loc 1 55 0
  83 0028 2268     		ldr	r2, [r4]
  84 002a 142A     		cmp	r2, #20
  85 002c FCD9     		bls	.L6
  56:../Sources/Accelerometer.c **** 		TFC_Ticker[0] = 0;
  86              		.loc 1 56 0
  87 002e 0023     		mov	r3, #0
  88              	.LBB10:
  89              	.LBB11:
  57:../Sources/Accelerometer.c **** 		xAccSum += getXAcc();
  58:../Sources/Accelerometer.c **** 		yAccSum += getYAcc();
  59:../Sources/Accelerometer.c **** 		zAccSum += getZAcc();
  60:../Sources/Accelerometer.c **** 	}	
  61:../Sources/Accelerometer.c **** 	xBias = xAccSum / 100.0f;
  62:../Sources/Accelerometer.c **** 	yBias = yAccSum / 100.0f;
  63:../Sources/Accelerometer.c **** 	zBias = zAccSum / 100.0f;
  64:../Sources/Accelerometer.c **** }
  65:../Sources/Accelerometer.c **** 
  66:../Sources/Accelerometer.c **** float getXAcc()
  67:../Sources/Accelerometer.c **** {
  68:../Sources/Accelerometer.c **** 	buf[0] = I2CReadRegister(MMA8451_ADDRESS, MMA8451_OUT_X_MSB);
  90              		.loc 1 68 0
  91 0030 0121     		mov	r1, #1
  92 0032 1D20     		mov	r0, #29
  93              	.LBE11:
  94              	.LBE10:
  56:../Sources/Accelerometer.c **** 		TFC_Ticker[0] = 0;
  95              		.loc 1 56 0
  96 0034 2360     		str	r3, [r4]
  97              	.LBB13:
  98              	.LBB12:
  99              		.loc 1 68 0
 100 0036 FFF7FEFF 		bl	I2CReadRegister
 101              	.LVL3:
  69:../Sources/Accelerometer.c **** 	buf[1] = I2CReadRegister(MMA8451_ADDRESS, MMA8451_OUT_X_LSB);
 102              		.loc 1 69 0
 103 003a 0221     		mov	r1, #2
  68:../Sources/Accelerometer.c **** 	buf[0] = I2CReadRegister(MMA8451_ADDRESS, MMA8451_OUT_X_MSB);
 104              		.loc 1 68 0
 105 003c 2870     		strb	r0, [r5]
 106              		.loc 1 69 0
 107 003e 1D20     		mov	r0, #29
 108 0040 FFF7FEFF 		bl	I2CReadRegister
 109              	.LVL4:
  70:../Sources/Accelerometer.c **** 	return ((((((int8_t)buf[0])*256 + (int8_t)buf[1]) / 4) / 4096.0f) * 9.81f) - xBias;
 110              		.loc 1 70 0
 111 0044 0021     		mov	r1, #0
  69:../Sources/Accelerometer.c **** 	buf[1] = I2CReadRegister(MMA8451_ADDRESS, MMA8451_OUT_X_LSB);
 112              		.loc 1 69 0
 113 0046 6870     		strb	r0, [r5, #1]
 114              		.loc 1 70 0
 115 0048 6A56     		ldrsb	r2, [r5, r1]
 116 004a 40B2     		sxtb	r0, r0
 117 004c 1302     		lsl	r3, r2, #8
 118 004e 1918     		add	r1, r3, r0
 119 0050 CA17     		asr	r2, r1, #31
 120 0052 930F     		lsr	r3, r2, #30
 121 0054 5818     		add	r0, r3, r1
 122 0056 8010     		asr	r0, r0, #2
 123 0058 FFF7FEFF 		bl	__aeabi_i2f
 124              	.LVL5:
 125 005c E621     		mov	r1, #230
 126 005e 8905     		lsl	r1, r1, #22
 127 0060 FFF7FEFF 		bl	__aeabi_fmul
 128              	.LVL6:
 129 0064 3D49     		ldr	r1, .L8+20
 130 0066 FFF7FEFF 		bl	__aeabi_fmul
 131              	.LVL7:
 132 006a 5A46     		mov	r2, fp
 133 006c 1168     		ldr	r1, [r2]
 134 006e FFF7FEFF 		bl	__aeabi_fsub
 135              	.LVL8:
 136 0072 011C     		add	r1, r0, #0
 137              	.LBE12:
 138              	.LBE13:
  57:../Sources/Accelerometer.c **** 		xAccSum += getXAcc();
 139              		.loc 1 57 0
 140 0074 4846     		mov	r0, r9
 141 0076 FFF7FEFF 		bl	__aeabi_fadd
 142              	.LVL9:
 143              	.LBB14:
 144              	.LBB15:
  71:../Sources/Accelerometer.c **** }
  72:../Sources/Accelerometer.c **** 
  73:../Sources/Accelerometer.c **** float getYAcc()
  74:../Sources/Accelerometer.c **** {
  75:../Sources/Accelerometer.c **** 	buf[0] = I2CReadRegister(MMA8451_ADDRESS, MMA8451_OUT_Y_MSB);
 145              		.loc 1 75 0
 146 007a 0321     		mov	r1, #3
 147              	.LBE15:
 148              	.LBE14:
  57:../Sources/Accelerometer.c **** 		xAccSum += getXAcc();
 149              		.loc 1 57 0
 150 007c 8146     		mov	r9, r0
 151              	.LVL10:
 152              	.LBB17:
 153              	.LBB16:
 154              		.loc 1 75 0
 155 007e 1D20     		mov	r0, #29
 156              	.LVL11:
 157 0080 FFF7FEFF 		bl	I2CReadRegister
 158              	.LVL12:
  76:../Sources/Accelerometer.c **** 	buf[1] = I2CReadRegister(MMA8451_ADDRESS, MMA8451_OUT_Y_LSB);
 159              		.loc 1 76 0
 160 0084 0421     		mov	r1, #4
  75:../Sources/Accelerometer.c **** 	buf[0] = I2CReadRegister(MMA8451_ADDRESS, MMA8451_OUT_Y_MSB);
 161              		.loc 1 75 0
 162 0086 2870     		strb	r0, [r5]
 163              		.loc 1 76 0
 164 0088 1D20     		mov	r0, #29
 165 008a FFF7FEFF 		bl	I2CReadRegister
 166              	.LVL13:
  77:../Sources/Accelerometer.c **** 	return ((((((int8_t)buf[0])*256 + (int8_t)buf[1]) / 4) / 4096.0f) * 9.81f) - yBias;
 167              		.loc 1 77 0
 168 008e 0023     		mov	r3, #0
  76:../Sources/Accelerometer.c **** 	buf[1] = I2CReadRegister(MMA8451_ADDRESS, MMA8451_OUT_Y_LSB);
 169              		.loc 1 76 0
 170 0090 6870     		strb	r0, [r5, #1]
 171              		.loc 1 77 0
 172 0092 E956     		ldrsb	r1, [r5, r3]
 173 0094 40B2     		sxtb	r0, r0
 174 0096 0A02     		lsl	r2, r1, #8
 175 0098 1118     		add	r1, r2, r0
 176 009a CB17     		asr	r3, r1, #31
 177 009c 9A0F     		lsr	r2, r3, #30
 178 009e 5018     		add	r0, r2, r1
 179 00a0 8010     		asr	r0, r0, #2
 180 00a2 FFF7FEFF 		bl	__aeabi_i2f
 181              	.LVL14:
 182 00a6 E621     		mov	r1, #230
 183 00a8 8905     		lsl	r1, r1, #22
 184 00aa FFF7FEFF 		bl	__aeabi_fmul
 185              	.LVL15:
 186 00ae 2B49     		ldr	r1, .L8+20
 187 00b0 FFF7FEFF 		bl	__aeabi_fmul
 188              	.LVL16:
 189 00b4 5346     		mov	r3, sl
 190 00b6 1968     		ldr	r1, [r3]
 191 00b8 FFF7FEFF 		bl	__aeabi_fsub
 192              	.LVL17:
 193 00bc 011C     		add	r1, r0, #0
 194              	.LBE16:
 195              	.LBE17:
  58:../Sources/Accelerometer.c **** 		yAccSum += getYAcc();
 196              		.loc 1 58 0
 197 00be 4046     		mov	r0, r8
 198 00c0 FFF7FEFF 		bl	__aeabi_fadd
 199              	.LVL18:
 200              	.LBB18:
 201              	.LBB19:
  78:../Sources/Accelerometer.c **** }
  79:../Sources/Accelerometer.c **** 
  80:../Sources/Accelerometer.c **** float getZAcc()
  81:../Sources/Accelerometer.c **** {
  82:../Sources/Accelerometer.c **** 	buf[0] = I2CReadRegister(MMA8451_ADDRESS, MMA8451_OUT_Z_MSB);
 202              		.loc 1 82 0
 203 00c4 0521     		mov	r1, #5
 204              	.LBE19:
 205              	.LBE18:
  58:../Sources/Accelerometer.c **** 		yAccSum += getYAcc();
 206              		.loc 1 58 0
 207 00c6 8046     		mov	r8, r0
 208              	.LVL19:
 209              	.LBB21:
 210              	.LBB20:
 211              		.loc 1 82 0
 212 00c8 1D20     		mov	r0, #29
 213              	.LVL20:
 214 00ca FFF7FEFF 		bl	I2CReadRegister
 215              	.LVL21:
  83:../Sources/Accelerometer.c **** 	buf[1] = I2CReadRegister(MMA8451_ADDRESS, MMA8451_OUT_Z_LSB);
 216              		.loc 1 83 0
 217 00ce 0621     		mov	r1, #6
  82:../Sources/Accelerometer.c **** 	buf[0] = I2CReadRegister(MMA8451_ADDRESS, MMA8451_OUT_Z_MSB);
 218              		.loc 1 82 0
 219 00d0 2870     		strb	r0, [r5]
 220              		.loc 1 83 0
 221 00d2 1D20     		mov	r0, #29
 222 00d4 FFF7FEFF 		bl	I2CReadRegister
 223              	.LVL22:
  84:../Sources/Accelerometer.c **** 	return ((((((int8_t)buf[0])*256 + (int8_t)buf[1]) / 4) / 4096.0f) * 9.81f) - zBias;
 224              		.loc 1 84 0
 225 00d8 0022     		mov	r2, #0
  83:../Sources/Accelerometer.c **** 	buf[1] = I2CReadRegister(MMA8451_ADDRESS, MMA8451_OUT_Z_LSB);
 226              		.loc 1 83 0
 227 00da 6870     		strb	r0, [r5, #1]
 228              		.loc 1 84 0
 229 00dc A956     		ldrsb	r1, [r5, r2]
 230 00de 40B2     		sxtb	r0, r0
 231 00e0 0B02     		lsl	r3, r1, #8
 232 00e2 1A18     		add	r2, r3, r0
 233 00e4 D117     		asr	r1, r2, #31
 234 00e6 8B0F     		lsr	r3, r1, #30
 235 00e8 9818     		add	r0, r3, r2
 236 00ea 8010     		asr	r0, r0, #2
 237 00ec FFF7FEFF 		bl	__aeabi_i2f
 238              	.LVL23:
 239 00f0 E622     		mov	r2, #230
 240 00f2 9105     		lsl	r1, r2, #22
 241 00f4 FFF7FEFF 		bl	__aeabi_fmul
 242              	.LVL24:
 243 00f8 1849     		ldr	r1, .L8+20
 244 00fa FFF7FEFF 		bl	__aeabi_fmul
 245              	.LVL25:
 246 00fe 1449     		ldr	r1, .L8+8
 247 0100 013E     		sub	r6, r6, #1
 248 0102 0968     		ldr	r1, [r1]
 249 0104 FFF7FEFF 		bl	__aeabi_fsub
 250              	.LVL26:
 251 0108 011C     		add	r1, r0, #0
 252              	.LBE20:
 253              	.LBE21:
  59:../Sources/Accelerometer.c **** 		zAccSum += getZAcc();
 254              		.loc 1 59 0
 255 010a 381C     		add	r0, r7, #0
 256 010c FFF7FEFF 		bl	__aeabi_fadd
 257              	.LVL27:
 258 0110 071C     		add	r7, r0, #0
 259              	.LVL28:
  53:../Sources/Accelerometer.c **** 	for (int i = 0; i < 100; i++)
 260              		.loc 1 53 0
 261 0112 002E     		cmp	r6, #0
 262 0114 88D1     		bne	.L6
 263              	.LBE9:
  61:../Sources/Accelerometer.c **** 	xBias = xAccSum / 100.0f;
 264              		.loc 1 61 0
 265 0116 4846     		mov	r0, r9
 266              	.LVL29:
 267 0118 1149     		ldr	r1, .L8+24
 268 011a FFF7FEFF 		bl	__aeabi_fdiv
 269              	.LVL30:
 270 011e 5E46     		mov	r6, fp
 271 0120 3060     		str	r0, [r6]
  62:../Sources/Accelerometer.c **** 	yBias = yAccSum / 100.0f;
 272              		.loc 1 62 0
 273 0122 0F49     		ldr	r1, .L8+24
 274 0124 4046     		mov	r0, r8
 275 0126 FFF7FEFF 		bl	__aeabi_fdiv
 276              	.LVL31:
 277 012a 5446     		mov	r4, sl
 278 012c 2060     		str	r0, [r4]
  63:../Sources/Accelerometer.c **** 	zBias = zAccSum / 100.0f;
 279              		.loc 1 63 0
 280 012e 0C49     		ldr	r1, .L8+24
 281 0130 381C     		add	r0, r7, #0
 282 0132 FFF7FEFF 		bl	__aeabi_fdiv
 283              	.LVL32:
 284 0136 064D     		ldr	r5, .L8+8
  64:../Sources/Accelerometer.c **** }
 285              		.loc 1 64 0
 286              		@ sp needed for prologue
  63:../Sources/Accelerometer.c **** 	zBias = zAccSum / 100.0f;
 287              		.loc 1 63 0
 288 0138 2860     		str	r0, [r5]
 289              	.LVL33:
 290              	.LVL34:
 291              	.LVL35:
  64:../Sources/Accelerometer.c **** }
 292              		.loc 1 64 0
 293 013a 3CBC     		pop	{r2, r3, r4, r5}
 294 013c 9046     		mov	r8, r2
 295 013e 9946     		mov	r9, r3
 296 0140 A246     		mov	sl, r4
 297 0142 AB46     		mov	fp, r5
 298 0144 F8BD     		pop	{r3, r4, r5, r6, r7, pc}
 299              	.L9:
 300 0146 C046     		.align	2
 301              	.L8:
 302 0148 00000000 		.word	.LANCHOR1
 303 014c 00000000 		.word	.LANCHOR0
 304 0150 00000000 		.word	.LANCHOR2
 305 0154 00000000 		.word	TFC_Ticker
 306 0158 00000000 		.word	.LANCHOR3
 307 015c C3F51C41 		.word	1092416963
 308 0160 0000C842 		.word	1120403456
 309              		.cfi_endproc
 310              	.LFE1:
 312              		.section	.text.Init_Accelerometer,"ax",%progbits
 313              		.align	2
 314              		.global	Init_Accelerometer
 315              		.code	16
 316              		.thumb_func
 318              	Init_Accelerometer:
 319              	.LFB0:
  38:../Sources/Accelerometer.c **** {
 320              		.loc 1 38 0
 321              		.cfi_startproc
 322 0000 08B5     		push	{r3, lr}
 323              	.LCFI2:
 324              		.cfi_def_cfa_offset 8
 325              		.cfi_offset 3, -8
 326              		.cfi_offset 14, -4
  39:../Sources/Accelerometer.c **** 	I2CWriteRegister(0x1d, MMA8451_CTRL_REG_2, 0x00 | MMA8641_HIGH_RES);
 327              		.loc 1 39 0
 328 0002 1D20     		mov	r0, #29
 329 0004 2B21     		mov	r1, #43
 330 0006 0222     		mov	r2, #2
 331 0008 FFF7FEFF 		bl	I2CWriteRegister
 332              	.LVL36:
  40:../Sources/Accelerometer.c **** 	I2CWriteRegister(0x1d, MMA8451_CTRL_REG_1, 0x00 | MMA8451_50HZ_ODR_BIT_MASK | MMA8451_ACTIVE_BIT_M
 333              		.loc 1 40 0
 334 000c 2522     		mov	r2, #37
 335 000e 1D20     		mov	r0, #29
 336 0010 2A21     		mov	r1, #42
 337 0012 FFF7FEFF 		bl	I2CWriteRegister
 338              	.LVL37:
 339              	.LBB24:
 340              	.LBB25:
  85:../Sources/Accelerometer.c **** }
  86:../Sources/Accelerometer.c **** 
  87:../Sources/Accelerometer.c **** int16_t getRawXAcc()
  88:../Sources/Accelerometer.c **** {
  89:../Sources/Accelerometer.c **** 	buf[0] = I2CReadRegister(MMA8451_ADDRESS, MMA8451_OUT_X_MSB);
  90:../Sources/Accelerometer.c **** 	buf[1] = I2CReadRegister(MMA8451_ADDRESS, MMA8451_OUT_X_LSB);
  91:../Sources/Accelerometer.c **** 	return((int8_t)buf[0]*256 + (int8_t)buf[1]) / 4;
  92:../Sources/Accelerometer.c **** }
  93:../Sources/Accelerometer.c **** 
  94:../Sources/Accelerometer.c **** int16_t getRawYAcc()
  95:../Sources/Accelerometer.c **** {
  96:../Sources/Accelerometer.c **** 	buf[0] = I2CReadRegister(MMA8451_ADDRESS, MMA8451_OUT_Y_MSB);
  97:../Sources/Accelerometer.c **** 	buf[1] = I2CReadRegister(MMA8451_ADDRESS, MMA8451_OUT_Y_LSB);
  98:../Sources/Accelerometer.c **** 	return((int8_t)buf[0]*256 + (int8_t)buf[1]) / 4;
  99:../Sources/Accelerometer.c **** }
 100:../Sources/Accelerometer.c **** 
 101:../Sources/Accelerometer.c **** int16_t getRawZAcc()
 102:../Sources/Accelerometer.c **** {
 103:../Sources/Accelerometer.c **** 	buf[0] = I2CReadRegister(MMA8451_ADDRESS, MMA8451_OUT_Z_MSB);
 104:../Sources/Accelerometer.c **** 	buf[1] = I2CReadRegister(MMA8451_ADDRESS, MMA8451_OUT_Z_LSB);
 105:../Sources/Accelerometer.c **** 	return((int8_t)buf[0]*256 + (int8_t)buf[1]) / 4;
 106:../Sources/Accelerometer.c **** }
 107:../Sources/Accelerometer.c **** 
 108:../Sources/Accelerometer.c **** uint8_t getID()
 109:../Sources/Accelerometer.c **** {
 110:../Sources/Accelerometer.c **** 	return I2CReadRegister(MMA8451_ADDRESS, WHO_AM_I);
 341              		.loc 1 110 0
 342 0016 0D21     		mov	r1, #13
 343 0018 1D20     		mov	r0, #29
 344 001a FFF7FEFF 		bl	I2CReadRegister
 345              	.LVL38:
 346              	.LBE25:
 347              	.LBE24:
  41:../Sources/Accelerometer.c **** 	TERMINAL_PRINTF("MMA8451 address: %x", getID());
 348              		.loc 1 41 0
 349 001e 0449     		ldr	r1, .L11
 350              	.LBB27:
 351              	.LBB26:
 352              		.loc 1 110 0
 353 0020 021C     		mov	r2, r0
 354              	.LBE26:
 355              	.LBE27:
  41:../Sources/Accelerometer.c **** 	TERMINAL_PRINTF("MMA8451 address: %x", getID());
 356              		.loc 1 41 0
 357 0022 0448     		ldr	r0, .L11+4
 358 0024 FFF7FEFF 		bl	Qprintf
 359              	.LVL39:
  43:../Sources/Accelerometer.c **** }
 360              		.loc 1 43 0
 361              		@ sp needed for prologue
  42:../Sources/Accelerometer.c **** 	zeroAccelerometer();
 362              		.loc 1 42 0
 363 0028 FFF7FEFF 		bl	zeroAccelerometer
 364              	.LVL40:
  43:../Sources/Accelerometer.c **** }
 365              		.loc 1 43 0
 366 002c 08BD     		pop	{r3, pc}
 367              	.L12:
 368 002e C046     		.align	2
 369              	.L11:
 370 0030 00000000 		.word	.LC7
 371 0034 00000000 		.word	SDA_SERIAL_OUTGOING_QUEUE
 372              		.cfi_endproc
 373              	.LFE0:
 375              		.section	.text.getXAcc,"ax",%progbits
 376              		.align	2
 377              		.global	getXAcc
 378              		.code	16
 379              		.thumb_func
 381              	getXAcc:
 382              	.LFB2:
  67:../Sources/Accelerometer.c **** {
 383              		.loc 1 67 0
 384              		.cfi_startproc
 385 0000 10B5     		push	{r4, lr}
 386              	.LCFI3:
 387              		.cfi_def_cfa_offset 8
 388              		.cfi_offset 4, -8
 389              		.cfi_offset 14, -4
  68:../Sources/Accelerometer.c **** 	buf[0] = I2CReadRegister(MMA8451_ADDRESS, MMA8451_OUT_X_MSB);
 390              		.loc 1 68 0
 391 0002 0121     		mov	r1, #1
 392 0004 1D20     		mov	r0, #29
 393 0006 FFF7FEFF 		bl	I2CReadRegister
 394              	.LVL41:
 395 000a 0F4C     		ldr	r4, .L14
  69:../Sources/Accelerometer.c **** 	buf[1] = I2CReadRegister(MMA8451_ADDRESS, MMA8451_OUT_X_LSB);
 396              		.loc 1 69 0
 397 000c 0221     		mov	r1, #2
  68:../Sources/Accelerometer.c **** 	buf[0] = I2CReadRegister(MMA8451_ADDRESS, MMA8451_OUT_X_MSB);
 398              		.loc 1 68 0
 399 000e 2070     		strb	r0, [r4]
  69:../Sources/Accelerometer.c **** 	buf[1] = I2CReadRegister(MMA8451_ADDRESS, MMA8451_OUT_X_LSB);
 400              		.loc 1 69 0
 401 0010 1D20     		mov	r0, #29
 402 0012 FFF7FEFF 		bl	I2CReadRegister
 403              	.LVL42:
  70:../Sources/Accelerometer.c **** 	return ((((((int8_t)buf[0])*256 + (int8_t)buf[1]) / 4) / 4096.0f) * 9.81f) - xBias;
 404              		.loc 1 70 0
 405 0016 0023     		mov	r3, #0
  69:../Sources/Accelerometer.c **** 	buf[1] = I2CReadRegister(MMA8451_ADDRESS, MMA8451_OUT_X_LSB);
 406              		.loc 1 69 0
 407 0018 6070     		strb	r0, [r4, #1]
  70:../Sources/Accelerometer.c **** 	return ((((((int8_t)buf[0])*256 + (int8_t)buf[1]) / 4) / 4096.0f) * 9.81f) - xBias;
 408              		.loc 1 70 0
 409 001a E156     		ldrsb	r1, [r4, r3]
 410 001c 40B2     		sxtb	r0, r0
 411 001e 0A02     		lsl	r2, r1, #8
 412 0020 1418     		add	r4, r2, r0
 413 0022 E317     		asr	r3, r4, #31
 414 0024 990F     		lsr	r1, r3, #30
 415 0026 0A19     		add	r2, r1, r4
 416 0028 9010     		asr	r0, r2, #2
 417 002a E624     		mov	r4, #230
 418 002c FFF7FEFF 		bl	__aeabi_i2f
 419              	.LVL43:
 420 0030 A105     		lsl	r1, r4, #22
 421 0032 FFF7FEFF 		bl	__aeabi_fmul
 422              	.LVL44:
 423 0036 0549     		ldr	r1, .L14+4
 424 0038 FFF7FEFF 		bl	__aeabi_fmul
 425              	.LVL45:
 426 003c 044B     		ldr	r3, .L14+8
  71:../Sources/Accelerometer.c **** }
 427              		.loc 1 71 0
 428              		@ sp needed for prologue
  70:../Sources/Accelerometer.c **** 	return ((((((int8_t)buf[0])*256 + (int8_t)buf[1]) / 4) / 4096.0f) * 9.81f) - xBias;
 429              		.loc 1 70 0
 430 003e 1968     		ldr	r1, [r3]
 431 0040 FFF7FEFF 		bl	__aeabi_fsub
 432              	.LVL46:
  71:../Sources/Accelerometer.c **** }
 433              		.loc 1 71 0
 434 0044 10BD     		pop	{r4, pc}
 435              	.L15:
 436 0046 C046     		.align	2
 437              	.L14:
 438 0048 00000000 		.word	.LANCHOR3
 439 004c C3F51C41 		.word	1092416963
 440 0050 00000000 		.word	.LANCHOR0
 441              		.cfi_endproc
 442              	.LFE2:
 444              		.section	.text.getYAcc,"ax",%progbits
 445              		.align	2
 446              		.global	getYAcc
 447              		.code	16
 448              		.thumb_func
 450              	getYAcc:
 451              	.LFB3:
  74:../Sources/Accelerometer.c **** {
 452              		.loc 1 74 0
 453              		.cfi_startproc
 454 0000 10B5     		push	{r4, lr}
 455              	.LCFI4:
 456              		.cfi_def_cfa_offset 8
 457              		.cfi_offset 4, -8
 458              		.cfi_offset 14, -4
  75:../Sources/Accelerometer.c **** 	buf[0] = I2CReadRegister(MMA8451_ADDRESS, MMA8451_OUT_Y_MSB);
 459              		.loc 1 75 0
 460 0002 0321     		mov	r1, #3
 461 0004 1D20     		mov	r0, #29
 462 0006 FFF7FEFF 		bl	I2CReadRegister
 463              	.LVL47:
 464 000a 0F4C     		ldr	r4, .L17
  76:../Sources/Accelerometer.c **** 	buf[1] = I2CReadRegister(MMA8451_ADDRESS, MMA8451_OUT_Y_LSB);
 465              		.loc 1 76 0
 466 000c 0421     		mov	r1, #4
  75:../Sources/Accelerometer.c **** 	buf[0] = I2CReadRegister(MMA8451_ADDRESS, MMA8451_OUT_Y_MSB);
 467              		.loc 1 75 0
 468 000e 2070     		strb	r0, [r4]
  76:../Sources/Accelerometer.c **** 	buf[1] = I2CReadRegister(MMA8451_ADDRESS, MMA8451_OUT_Y_LSB);
 469              		.loc 1 76 0
 470 0010 1D20     		mov	r0, #29
 471 0012 FFF7FEFF 		bl	I2CReadRegister
 472              	.LVL48:
  77:../Sources/Accelerometer.c **** 	return ((((((int8_t)buf[0])*256 + (int8_t)buf[1]) / 4) / 4096.0f) * 9.81f) - yBias;
 473              		.loc 1 77 0
 474 0016 0023     		mov	r3, #0
  76:../Sources/Accelerometer.c **** 	buf[1] = I2CReadRegister(MMA8451_ADDRESS, MMA8451_OUT_Y_LSB);
 475              		.loc 1 76 0
 476 0018 6070     		strb	r0, [r4, #1]
  77:../Sources/Accelerometer.c **** 	return ((((((int8_t)buf[0])*256 + (int8_t)buf[1]) / 4) / 4096.0f) * 9.81f) - yBias;
 477              		.loc 1 77 0
 478 001a E156     		ldrsb	r1, [r4, r3]
 479 001c 40B2     		sxtb	r0, r0
 480 001e 0A02     		lsl	r2, r1, #8
 481 0020 1418     		add	r4, r2, r0
 482 0022 E317     		asr	r3, r4, #31
 483 0024 990F     		lsr	r1, r3, #30
 484 0026 0A19     		add	r2, r1, r4
 485 0028 9010     		asr	r0, r2, #2
 486 002a E624     		mov	r4, #230
 487 002c FFF7FEFF 		bl	__aeabi_i2f
 488              	.LVL49:
 489 0030 A105     		lsl	r1, r4, #22
 490 0032 FFF7FEFF 		bl	__aeabi_fmul
 491              	.LVL50:
 492 0036 0549     		ldr	r1, .L17+4
 493 0038 FFF7FEFF 		bl	__aeabi_fmul
 494              	.LVL51:
 495 003c 044B     		ldr	r3, .L17+8
  78:../Sources/Accelerometer.c **** }
 496              		.loc 1 78 0
 497              		@ sp needed for prologue
  77:../Sources/Accelerometer.c **** 	return ((((((int8_t)buf[0])*256 + (int8_t)buf[1]) / 4) / 4096.0f) * 9.81f) - yBias;
 498              		.loc 1 77 0
 499 003e 1968     		ldr	r1, [r3]
 500 0040 FFF7FEFF 		bl	__aeabi_fsub
 501              	.LVL52:
  78:../Sources/Accelerometer.c **** }
 502              		.loc 1 78 0
 503 0044 10BD     		pop	{r4, pc}
 504              	.L18:
 505 0046 C046     		.align	2
 506              	.L17:
 507 0048 00000000 		.word	.LANCHOR3
 508 004c C3F51C41 		.word	1092416963
 509 0050 00000000 		.word	.LANCHOR1
 510              		.cfi_endproc
 511              	.LFE3:
 513              		.section	.text.getZAcc,"ax",%progbits
 514              		.align	2
 515              		.global	getZAcc
 516              		.code	16
 517              		.thumb_func
 519              	getZAcc:
 520              	.LFB4:
  81:../Sources/Accelerometer.c **** {
 521              		.loc 1 81 0
 522              		.cfi_startproc
 523 0000 10B5     		push	{r4, lr}
 524              	.LCFI5:
 525              		.cfi_def_cfa_offset 8
 526              		.cfi_offset 4, -8
 527              		.cfi_offset 14, -4
  82:../Sources/Accelerometer.c **** 	buf[0] = I2CReadRegister(MMA8451_ADDRESS, MMA8451_OUT_Z_MSB);
 528              		.loc 1 82 0
 529 0002 0521     		mov	r1, #5
 530 0004 1D20     		mov	r0, #29
 531 0006 FFF7FEFF 		bl	I2CReadRegister
 532              	.LVL53:
 533 000a 0F4C     		ldr	r4, .L20
  83:../Sources/Accelerometer.c **** 	buf[1] = I2CReadRegister(MMA8451_ADDRESS, MMA8451_OUT_Z_LSB);
 534              		.loc 1 83 0
 535 000c 0621     		mov	r1, #6
  82:../Sources/Accelerometer.c **** 	buf[0] = I2CReadRegister(MMA8451_ADDRESS, MMA8451_OUT_Z_MSB);
 536              		.loc 1 82 0
 537 000e 2070     		strb	r0, [r4]
  83:../Sources/Accelerometer.c **** 	buf[1] = I2CReadRegister(MMA8451_ADDRESS, MMA8451_OUT_Z_LSB);
 538              		.loc 1 83 0
 539 0010 1D20     		mov	r0, #29
 540 0012 FFF7FEFF 		bl	I2CReadRegister
 541              	.LVL54:
  84:../Sources/Accelerometer.c **** 	return ((((((int8_t)buf[0])*256 + (int8_t)buf[1]) / 4) / 4096.0f) * 9.81f) - zBias;
 542              		.loc 1 84 0
 543 0016 0023     		mov	r3, #0
  83:../Sources/Accelerometer.c **** 	buf[1] = I2CReadRegister(MMA8451_ADDRESS, MMA8451_OUT_Z_LSB);
 544              		.loc 1 83 0
 545 0018 6070     		strb	r0, [r4, #1]
  84:../Sources/Accelerometer.c **** 	return ((((((int8_t)buf[0])*256 + (int8_t)buf[1]) / 4) / 4096.0f) * 9.81f) - zBias;
 546              		.loc 1 84 0
 547 001a E156     		ldrsb	r1, [r4, r3]
 548 001c 40B2     		sxtb	r0, r0
 549 001e 0A02     		lsl	r2, r1, #8
 550 0020 1418     		add	r4, r2, r0
 551 0022 E317     		asr	r3, r4, #31
 552 0024 990F     		lsr	r1, r3, #30
 553 0026 0A19     		add	r2, r1, r4
 554 0028 9010     		asr	r0, r2, #2
 555 002a E624     		mov	r4, #230
 556 002c FFF7FEFF 		bl	__aeabi_i2f
 557              	.LVL55:
 558 0030 A105     		lsl	r1, r4, #22
 559 0032 FFF7FEFF 		bl	__aeabi_fmul
 560              	.LVL56:
 561 0036 0549     		ldr	r1, .L20+4
 562 0038 FFF7FEFF 		bl	__aeabi_fmul
 563              	.LVL57:
 564 003c 044B     		ldr	r3, .L20+8
  85:../Sources/Accelerometer.c **** }
 565              		.loc 1 85 0
 566              		@ sp needed for prologue
  84:../Sources/Accelerometer.c **** 	return ((((((int8_t)buf[0])*256 + (int8_t)buf[1]) / 4) / 4096.0f) * 9.81f) - zBias;
 567              		.loc 1 84 0
 568 003e 1968     		ldr	r1, [r3]
 569 0040 FFF7FEFF 		bl	__aeabi_fsub
 570              	.LVL58:
  85:../Sources/Accelerometer.c **** }
 571              		.loc 1 85 0
 572 0044 10BD     		pop	{r4, pc}
 573              	.L21:
 574 0046 C046     		.align	2
 575              	.L20:
 576 0048 00000000 		.word	.LANCHOR3
 577 004c C3F51C41 		.word	1092416963
 578 0050 00000000 		.word	.LANCHOR2
 579              		.cfi_endproc
 580              	.LFE4:
 582              		.section	.text.getRawXAcc,"ax",%progbits
 583              		.align	2
 584              		.global	getRawXAcc
 585              		.code	16
 586              		.thumb_func
 588              	getRawXAcc:
 589              	.LFB5:
  88:../Sources/Accelerometer.c **** {
 590              		.loc 1 88 0
 591              		.cfi_startproc
 592 0000 10B5     		push	{r4, lr}
 593              	.LCFI6:
 594              		.cfi_def_cfa_offset 8
 595              		.cfi_offset 4, -8
 596              		.cfi_offset 14, -4
  89:../Sources/Accelerometer.c **** 	buf[0] = I2CReadRegister(MMA8451_ADDRESS, MMA8451_OUT_X_MSB);
 597              		.loc 1 89 0
 598 0002 0121     		mov	r1, #1
 599 0004 1D20     		mov	r0, #29
 600 0006 FFF7FEFF 		bl	I2CReadRegister
 601              	.LVL59:
 602 000a 084C     		ldr	r4, .L23
  90:../Sources/Accelerometer.c **** 	buf[1] = I2CReadRegister(MMA8451_ADDRESS, MMA8451_OUT_X_LSB);
 603              		.loc 1 90 0
 604 000c 0221     		mov	r1, #2
  89:../Sources/Accelerometer.c **** 	buf[0] = I2CReadRegister(MMA8451_ADDRESS, MMA8451_OUT_X_MSB);
 605              		.loc 1 89 0
 606 000e 2070     		strb	r0, [r4]
  90:../Sources/Accelerometer.c **** 	buf[1] = I2CReadRegister(MMA8451_ADDRESS, MMA8451_OUT_X_LSB);
 607              		.loc 1 90 0
 608 0010 1D20     		mov	r0, #29
 609 0012 FFF7FEFF 		bl	I2CReadRegister
 610              	.LVL60:
  91:../Sources/Accelerometer.c **** 	return((int8_t)buf[0]*256 + (int8_t)buf[1]) / 4;
 611              		.loc 1 91 0
 612 0016 0023     		mov	r3, #0
  90:../Sources/Accelerometer.c **** 	buf[1] = I2CReadRegister(MMA8451_ADDRESS, MMA8451_OUT_X_LSB);
 613              		.loc 1 90 0
 614 0018 6070     		strb	r0, [r4, #1]
  91:../Sources/Accelerometer.c **** 	return((int8_t)buf[0]*256 + (int8_t)buf[1]) / 4;
 615              		.loc 1 91 0
 616 001a E156     		ldrsb	r1, [r4, r3]
 617 001c 40B2     		sxtb	r0, r0
 618 001e 0A02     		lsl	r2, r1, #8
 619 0020 1418     		add	r4, r2, r0
 620 0022 E317     		asr	r3, r4, #31
 621 0024 990F     		lsr	r1, r3, #30
 622 0026 0A19     		add	r2, r1, r4
 623 0028 9010     		asr	r0, r2, #2
  92:../Sources/Accelerometer.c **** }
 624              		.loc 1 92 0
 625              		@ sp needed for prologue
 626 002a 10BD     		pop	{r4, pc}
 627              	.L24:
 628              		.align	2
 629              	.L23:
 630 002c 00000000 		.word	.LANCHOR3
 631              		.cfi_endproc
 632              	.LFE5:
 634              		.section	.text.getRawYAcc,"ax",%progbits
 635              		.align	2
 636              		.global	getRawYAcc
 637              		.code	16
 638              		.thumb_func
 640              	getRawYAcc:
 641              	.LFB6:
  95:../Sources/Accelerometer.c **** {
 642              		.loc 1 95 0
 643              		.cfi_startproc
 644 0000 10B5     		push	{r4, lr}
 645              	.LCFI7:
 646              		.cfi_def_cfa_offset 8
 647              		.cfi_offset 4, -8
 648              		.cfi_offset 14, -4
  96:../Sources/Accelerometer.c **** 	buf[0] = I2CReadRegister(MMA8451_ADDRESS, MMA8451_OUT_Y_MSB);
 649              		.loc 1 96 0
 650 0002 0321     		mov	r1, #3
 651 0004 1D20     		mov	r0, #29
 652 0006 FFF7FEFF 		bl	I2CReadRegister
 653              	.LVL61:
 654 000a 084C     		ldr	r4, .L26
  97:../Sources/Accelerometer.c **** 	buf[1] = I2CReadRegister(MMA8451_ADDRESS, MMA8451_OUT_Y_LSB);
 655              		.loc 1 97 0
 656 000c 0421     		mov	r1, #4
  96:../Sources/Accelerometer.c **** 	buf[0] = I2CReadRegister(MMA8451_ADDRESS, MMA8451_OUT_Y_MSB);
 657              		.loc 1 96 0
 658 000e 2070     		strb	r0, [r4]
  97:../Sources/Accelerometer.c **** 	buf[1] = I2CReadRegister(MMA8451_ADDRESS, MMA8451_OUT_Y_LSB);
 659              		.loc 1 97 0
 660 0010 1D20     		mov	r0, #29
 661 0012 FFF7FEFF 		bl	I2CReadRegister
 662              	.LVL62:
  98:../Sources/Accelerometer.c **** 	return((int8_t)buf[0]*256 + (int8_t)buf[1]) / 4;
 663              		.loc 1 98 0
 664 0016 0023     		mov	r3, #0
  97:../Sources/Accelerometer.c **** 	buf[1] = I2CReadRegister(MMA8451_ADDRESS, MMA8451_OUT_Y_LSB);
 665              		.loc 1 97 0
 666 0018 6070     		strb	r0, [r4, #1]
  98:../Sources/Accelerometer.c **** 	return((int8_t)buf[0]*256 + (int8_t)buf[1]) / 4;
 667              		.loc 1 98 0
 668 001a E156     		ldrsb	r1, [r4, r3]
 669 001c 40B2     		sxtb	r0, r0
 670 001e 0A02     		lsl	r2, r1, #8
 671 0020 1418     		add	r4, r2, r0
 672 0022 E317     		asr	r3, r4, #31
 673 0024 990F     		lsr	r1, r3, #30
 674 0026 0A19     		add	r2, r1, r4
 675 0028 9010     		asr	r0, r2, #2
  99:../Sources/Accelerometer.c **** }
 676              		.loc 1 99 0
 677              		@ sp needed for prologue
 678 002a 10BD     		pop	{r4, pc}
 679              	.L27:
 680              		.align	2
 681              	.L26:
 682 002c 00000000 		.word	.LANCHOR3
 683              		.cfi_endproc
 684              	.LFE6:
 686              		.section	.text.getRawZAcc,"ax",%progbits
 687              		.align	2
 688              		.global	getRawZAcc
 689              		.code	16
 690              		.thumb_func
 692              	getRawZAcc:
 693              	.LFB7:
 102:../Sources/Accelerometer.c **** {
 694              		.loc 1 102 0
 695              		.cfi_startproc
 696 0000 10B5     		push	{r4, lr}
 697              	.LCFI8:
 698              		.cfi_def_cfa_offset 8
 699              		.cfi_offset 4, -8
 700              		.cfi_offset 14, -4
 103:../Sources/Accelerometer.c **** 	buf[0] = I2CReadRegister(MMA8451_ADDRESS, MMA8451_OUT_Z_MSB);
 701              		.loc 1 103 0
 702 0002 0521     		mov	r1, #5
 703 0004 1D20     		mov	r0, #29
 704 0006 FFF7FEFF 		bl	I2CReadRegister
 705              	.LVL63:
 706 000a 084C     		ldr	r4, .L29
 104:../Sources/Accelerometer.c **** 	buf[1] = I2CReadRegister(MMA8451_ADDRESS, MMA8451_OUT_Z_LSB);
 707              		.loc 1 104 0
 708 000c 0621     		mov	r1, #6
 103:../Sources/Accelerometer.c **** 	buf[0] = I2CReadRegister(MMA8451_ADDRESS, MMA8451_OUT_Z_MSB);
 709              		.loc 1 103 0
 710 000e 2070     		strb	r0, [r4]
 104:../Sources/Accelerometer.c **** 	buf[1] = I2CReadRegister(MMA8451_ADDRESS, MMA8451_OUT_Z_LSB);
 711              		.loc 1 104 0
 712 0010 1D20     		mov	r0, #29
 713 0012 FFF7FEFF 		bl	I2CReadRegister
 714              	.LVL64:
 105:../Sources/Accelerometer.c **** 	return((int8_t)buf[0]*256 + (int8_t)buf[1]) / 4;
 715              		.loc 1 105 0
 716 0016 0023     		mov	r3, #0
 104:../Sources/Accelerometer.c **** 	buf[1] = I2CReadRegister(MMA8451_ADDRESS, MMA8451_OUT_Z_LSB);
 717              		.loc 1 104 0
 718 0018 6070     		strb	r0, [r4, #1]
 105:../Sources/Accelerometer.c **** 	return((int8_t)buf[0]*256 + (int8_t)buf[1]) / 4;
 719              		.loc 1 105 0
 720 001a E156     		ldrsb	r1, [r4, r3]
 721 001c 40B2     		sxtb	r0, r0
 722 001e 0A02     		lsl	r2, r1, #8
 723 0020 1418     		add	r4, r2, r0
 724 0022 E317     		asr	r3, r4, #31
 725 0024 990F     		lsr	r1, r3, #30
 726 0026 0A19     		add	r2, r1, r4
 727 0028 9010     		asr	r0, r2, #2
 106:../Sources/Accelerometer.c **** }
 728              		.loc 1 106 0
 729              		@ sp needed for prologue
 730 002a 10BD     		pop	{r4, pc}
 731              	.L30:
 732              		.align	2
 733              	.L29:
 734 002c 00000000 		.word	.LANCHOR3
 735              		.cfi_endproc
 736              	.LFE7:
 738              		.section	.text.getID,"ax",%progbits
 739              		.align	2
 740              		.global	getID
 741              		.code	16
 742              		.thumb_func
 744              	getID:
 745              	.LFB8:
 109:../Sources/Accelerometer.c **** {
 746              		.loc 1 109 0
 747              		.cfi_startproc
 748 0000 08B5     		push	{r3, lr}
 749              	.LCFI9:
 750              		.cfi_def_cfa_offset 8
 751              		.cfi_offset 3, -8
 752              		.cfi_offset 14, -4
 753              		.loc 1 110 0
 754 0002 1D20     		mov	r0, #29
 755 0004 0D21     		mov	r1, #13
 756 0006 FFF7FEFF 		bl	I2CReadRegister
 757              	.LVL65:
 111:../Sources/Accelerometer.c **** }
 758              		.loc 1 111 0
 759              		@ sp needed for prologue
 760 000a 08BD     		pop	{r3, pc}
 761              		.cfi_endproc
 762              	.LFE8:
 764              		.section	.bss.xBias,"aw",%nobits
 765              		.align	2
 766              		.set	.LANCHOR0,. + 0
 769              	xBias:
 770 0000 00000000 		.space	4
 771              		.section	.bss.yBias,"aw",%nobits
 772              		.align	2
 773              		.set	.LANCHOR1,. + 0
 776              	yBias:
 777 0000 00000000 		.space	4
 778              		.section	.rodata.str1.4,"aMS",%progbits,1
 779              		.align	2
 780              	.LC7:
 781 0000 4D4D4138 		.ascii	"MMA8451 address: %x\000"
 781      34353120 
 781      61646472 
 781      6573733A 
 781      20257800 
 782              		.section	.bss.zBias,"aw",%nobits
 783              		.align	2
 784              		.set	.LANCHOR2,. + 0
 787              	zBias:
 788 0000 00000000 		.space	4
 789              		.section	.bss.buf,"aw",%nobits
 790              		.align	2
 791              		.set	.LANCHOR3,. + 0
 794              	buf:
 795 0000 00000000 		.space	16
 795      00000000 
 795      00000000 
 795      00000000 
 796              		.text
 797              	.Letext0:
 798              		.file 2 "C:/Freescale/CW MCU v10.6/MCU/ARM_GCC_Support/ewl/EWL_C/include/cstdint"
 799              		.file 3 "C:/Users/bentr_000/Google Drive/GitHub/TFC-Group2-2016/CodeWarrior Code/FRDM-TFC/Project_
 800              		.file 4 "C:/Users/bentr_000/Google Drive/GitHub/TFC-Group2-2016/CodeWarrior Code/FRDM-TFC/Project_
 801              		.file 5 "C:/Users/bentr_000/Google Drive/GitHub/TFC-Group2-2016/CodeWarrior Code/FRDM-TFC/Project_
DEFINED SYMBOLS
                            *ABS*:00000000 Accelerometer.c
C:\Users\BENTR_~1\AppData\Local\Temp\ccRwopO8.s:23     .text.zeroAccelerometer:00000000 $t
C:\Users\BENTR_~1\AppData\Local\Temp\ccRwopO8.s:28     .text.zeroAccelerometer:00000000 zeroAccelerometer
C:\Users\BENTR_~1\AppData\Local\Temp\ccRwopO8.s:302    .text.zeroAccelerometer:00000148 $d
C:\Users\BENTR_~1\AppData\Local\Temp\ccRwopO8.s:313    .text.Init_Accelerometer:00000000 $t
C:\Users\BENTR_~1\AppData\Local\Temp\ccRwopO8.s:318    .text.Init_Accelerometer:00000000 Init_Accelerometer
C:\Users\BENTR_~1\AppData\Local\Temp\ccRwopO8.s:370    .text.Init_Accelerometer:00000030 $d
C:\Users\BENTR_~1\AppData\Local\Temp\ccRwopO8.s:376    .text.getXAcc:00000000 $t
C:\Users\BENTR_~1\AppData\Local\Temp\ccRwopO8.s:381    .text.getXAcc:00000000 getXAcc
C:\Users\BENTR_~1\AppData\Local\Temp\ccRwopO8.s:438    .text.getXAcc:00000048 $d
C:\Users\BENTR_~1\AppData\Local\Temp\ccRwopO8.s:445    .text.getYAcc:00000000 $t
C:\Users\BENTR_~1\AppData\Local\Temp\ccRwopO8.s:450    .text.getYAcc:00000000 getYAcc
C:\Users\BENTR_~1\AppData\Local\Temp\ccRwopO8.s:507    .text.getYAcc:00000048 $d
C:\Users\BENTR_~1\AppData\Local\Temp\ccRwopO8.s:514    .text.getZAcc:00000000 $t
C:\Users\BENTR_~1\AppData\Local\Temp\ccRwopO8.s:519    .text.getZAcc:00000000 getZAcc
C:\Users\BENTR_~1\AppData\Local\Temp\ccRwopO8.s:576    .text.getZAcc:00000048 $d
C:\Users\BENTR_~1\AppData\Local\Temp\ccRwopO8.s:583    .text.getRawXAcc:00000000 $t
C:\Users\BENTR_~1\AppData\Local\Temp\ccRwopO8.s:588    .text.getRawXAcc:00000000 getRawXAcc
C:\Users\BENTR_~1\AppData\Local\Temp\ccRwopO8.s:630    .text.getRawXAcc:0000002c $d
C:\Users\BENTR_~1\AppData\Local\Temp\ccRwopO8.s:635    .text.getRawYAcc:00000000 $t
C:\Users\BENTR_~1\AppData\Local\Temp\ccRwopO8.s:640    .text.getRawYAcc:00000000 getRawYAcc
C:\Users\BENTR_~1\AppData\Local\Temp\ccRwopO8.s:682    .text.getRawYAcc:0000002c $d
C:\Users\BENTR_~1\AppData\Local\Temp\ccRwopO8.s:687    .text.getRawZAcc:00000000 $t
C:\Users\BENTR_~1\AppData\Local\Temp\ccRwopO8.s:692    .text.getRawZAcc:00000000 getRawZAcc
C:\Users\BENTR_~1\AppData\Local\Temp\ccRwopO8.s:734    .text.getRawZAcc:0000002c $d
C:\Users\BENTR_~1\AppData\Local\Temp\ccRwopO8.s:739    .text.getID:00000000 $t
C:\Users\BENTR_~1\AppData\Local\Temp\ccRwopO8.s:744    .text.getID:00000000 getID
C:\Users\BENTR_~1\AppData\Local\Temp\ccRwopO8.s:765    .bss.xBias:00000000 $d
C:\Users\BENTR_~1\AppData\Local\Temp\ccRwopO8.s:769    .bss.xBias:00000000 xBias
C:\Users\BENTR_~1\AppData\Local\Temp\ccRwopO8.s:772    .bss.yBias:00000000 $d
C:\Users\BENTR_~1\AppData\Local\Temp\ccRwopO8.s:776    .bss.yBias:00000000 yBias
C:\Users\BENTR_~1\AppData\Local\Temp\ccRwopO8.s:779    .rodata.str1.4:00000000 $d
C:\Users\BENTR_~1\AppData\Local\Temp\ccRwopO8.s:783    .bss.zBias:00000000 $d
C:\Users\BENTR_~1\AppData\Local\Temp\ccRwopO8.s:787    .bss.zBias:00000000 zBias
C:\Users\BENTR_~1\AppData\Local\Temp\ccRwopO8.s:790    .bss.buf:00000000 $d
C:\Users\BENTR_~1\AppData\Local\Temp\ccRwopO8.s:794    .bss.buf:00000000 buf
                     .debug_frame:00000010 $d

UNDEFINED SYMBOLS
__aeabi_i2f
__aeabi_fmul
__aeabi_fsub
__aeabi_fadd
__aeabi_fdiv
I2CReadRegister
TFC_Ticker
I2CWriteRegister
Qprintf
SDA_SERIAL_OUTGOING_QUEUE
