Archive member included because of file (symbol)

C:/Freescale/CW MCU v10.6/MCU/ARM_GCC_Support/ewl/lib/armv6-m\libc.a(sscanf.o)
                              ./Sources/TFC/TFC_Terminal.o (sscanf)
C:/Freescale/CW MCU v10.6/MCU/ARM_GCC_Support/ewl/lib/armv6-m\libc.a(vsprintf.o)
                              ./Sources/TFC/TFC_Queue.o (vsprintf)
C:/Freescale/CW MCU v10.6/MCU/ARM_GCC_Support/ewl/lib/armv6-m\libc.a(vsscanf.o)
                              C:/Freescale/CW MCU v10.6/MCU/ARM_GCC_Support/ewl/lib/armv6-m\libc.a(sscanf.o) (vsscanf)
C:/Freescale/CW MCU v10.6/MCU/ARM_GCC_Support/ewl/lib/armv6-m\libc.a(exit.o)
                              ./Project_Settings/Startup_Code/__arm_start.o (exit)
C:/Freescale/CW MCU v10.6/MCU/ARM_GCC_Support/ewl/lib/armv6-m\libc.a(memset.o)
                              ./Project_Settings/Startup_Code/__arm_start.o (memset)
C:/Freescale/CW MCU v10.6/MCU/ARM_GCC_Support/ewl/lib/armv6-m\libc.a(strcmp.o)
                              ./Sources/TFC/TFC_Terminal.o (strcmp)
C:/Freescale/CW MCU v10.6/MCU/ARM_GCC_Support/ewl/lib/armv6-m\libc.a(strcpy.o)
                              ./Sources/TFC/TFC_Terminal.o (strcpy)
C:/Freescale/CW MCU v10.6/MCU/ARM_GCC_Support/ewl/lib/armv6-m\libc.a(strlen.o)
                              ./Sources/TFC/TFC_Queue.o (strlen)
C:/Freescale/CW MCU v10.6/MCU/ARM_GCC_Support/ewl/lib/armv6-m\libc.a(printformat_.o)
                              (__pformatter_)
C:/Freescale/CW MCU v10.6/MCU/ARM_GCC_Support/ewl/lib/armv6-m\libc.a(scanformat_.o)
                              (__sformatter)
C:/Freescale/CW MCU v10.6/MCU/ARM_GCC_Support/ewl/lib/armv6-m\libc.a(ctype_aeabi.o)
                              C:/Freescale/CW MCU v10.6/MCU/ARM_GCC_Support/ewl/lib/armv6-m\libc.a(scanformat_.o) (isspace)
C:/Freescale/CW MCU v10.6/MCU/ARM_GCC_Support/ewl/lib/armv6-m\libc.a(vsnprintf.o)
                              C:/Freescale/CW MCU v10.6/MCU/ARM_GCC_Support/ewl/lib/armv6-m\libc.a(vsprintf.o) (vsnprintf)
C:/Freescale/CW MCU v10.6/MCU/ARM_GCC_Support/ewl/lib/armv6-m\libc.a(__strtoul.o)
                              C:/Freescale/CW MCU v10.6/MCU/ARM_GCC_Support/ewl/lib/armv6-m\libc.a(scanformat_.o) (__strtoul)
C:/Freescale/CW MCU v10.6/MCU/ARM_GCC_Support/ewl/lib/armv6-m\libc.a(__filll_mem.o)
                              C:/Freescale/CW MCU v10.6/MCU/ARM_GCC_Support/ewl/lib/armv6-m\libc.a(memset.o) (__fill_mem)
C:/Freescale/CW MCU v10.6/MCU/ARM_GCC_Support/ewl/lib/armv6-m\libc.a(memchr.o)
                              C:/Freescale/CW MCU v10.6/MCU/ARM_GCC_Support/ewl/lib/armv6-m\libc.a(printformat_.o) (memchr)
C:/Freescale/CW MCU v10.6/MCU/ARM_GCC_Support/ewl/lib/armv6-m\libc.a(memcpy.o)
                              C:/Freescale/CW MCU v10.6/MCU/ARM_GCC_Support/ewl/lib/armv6-m\libc.a(scanformat_.o) (memcpy)
C:/Freescale/CW MCU v10.6/MCU/ARM_GCC_Support/ewl/lib/armv6-m\libc.a(strchr.o)
                              C:/Freescale/CW MCU v10.6/MCU/ARM_GCC_Support/ewl/lib/armv6-m\libc.a(printformat_.o) (strchr)
C:/Freescale/CW MCU v10.6/MCU/ARM_GCC_Support/ewl/lib/armv6-m\libm.a(w_pow.o)
                              ./Sources/Probability.o (pow)
C:/Freescale/CW MCU v10.6/MCU/ARM_GCC_Support/ewl/lib/armv6-m\libm.a(e_pow.o)
                              C:/Freescale/CW MCU v10.6/MCU/ARM_GCC_Support/ewl/lib/armv6-m\libm.a(w_pow.o) (__ieee754_pow)
C:/Freescale/CW MCU v10.6/MCU/ARM_GCC_Support/ewl/lib/armv6-m\libm.a(float.o)
                              C:/Freescale/CW MCU v10.6/MCU/ARM_GCC_Support/ewl/lib/armv6-m\libm.a(e_pow.o) (__double_nan)
C:/Freescale/CW MCU v10.6/MCU/ARM_GCC_Support/ewl/lib/armv6-m\libm.a(math_api.o)
                              C:/Freescale/CW MCU v10.6/MCU/ARM_GCC_Support/ewl/lib/armv6-m\libm.a(e_pow.o) (__fpclassifyd)
C:/Freescale/CW MCU v10.6/MCU/ARM_GCC_Support/ewl/lib/armv6-m\libm.a(scalbn.o)
                              C:/Freescale/CW MCU v10.6/MCU/ARM_GCC_Support/ewl/lib/armv6-m\libm.a(e_pow.o) (scalbn)
C:/Freescale/CW MCU v10.6/MCU/ARM_GCC_Support/ewl/lib/armv6-m\libm.a(w_sqrt.o)
                              C:/Freescale/CW MCU v10.6/MCU/ARM_GCC_Support/ewl/lib/armv6-m\libm.a(e_pow.o) (sqrt)
C:/Freescale/CW MCU v10.6/MCU/ARM_GCC_Support/ewl/lib/armv6-m\libm.a(e_sqrt.o)
                              C:/Freescale/CW MCU v10.6/MCU/ARM_GCC_Support/ewl/lib/armv6-m\libm.a(w_sqrt.o) (__ieee754_sqrt)
C:/Freescale/CW MCU v10.6/MCU/ARM_GCC_Support/ewl/lib/armv6-m\libm.a(s_frexp.o)
                              C:/Freescale/CW MCU v10.6/MCU/ARM_GCC_Support/ewl/lib/armv6-m\libm.a(scalbn.o) (frexp)
C:/Freescale/CW MCU v10.6/MCU/ARM_GCC_Support/ewl/lib/armv6-m\libm.a(s_ldexp.o)
                              C:/Freescale/CW MCU v10.6/MCU/ARM_GCC_Support/ewl/lib/armv6-m\libm.a(scalbn.o) (ldexp)
c:/freescale/cw mcu v10.6/cross_tools/arm-none-eabi-gcc-4_7_3/bin/../lib/gcc/arm-none-eabi/4.7.3/armv6-m\libgcc.a(_thumb1_case_sqi.o)
[...]
Memory Configuration

Name             Origin             Length             Attributes
m_interrupts     0x00000000         0x000000c0         xr
m_cfmprotrom     0x00000400         0x00000010         xr
m_text           0x00000800         0x0001f800         xr
m_data           0x1ffff000         0x00004000         xrw
*default*        0x00000000         0xffffffff

Linker script and memory map

LOAD ./Project_Settings/Startup_Code/kinetis_sysinit.o
LOAD ./Project_Settings/Startup_Code/__arm_start.o
LOAD ./Project_Settings/Startup_Code/__arm_end.o
LOAD ./Sources/TFC/TFC_arm_cm0.o
LOAD ./Sources/TFC/TFC_UART.o
LOAD ./Sources/TFC/TFC_Terminal.o
LOAD ./Sources/TFC/TFC_Servo.o
LOAD ./Sources/TFC/TFC_Queue.o
LOAD ./Sources/TFC/TFC_Motor.o
LOAD ./Sources/TFC/TFC_LineScanCamera.o
LOAD ./Sources/TFC/TFC_CrystalClock.o
LOAD ./Sources/TFC/TFC_BoardSupport.o
LOAD ./Sources/TFC/TFC_ARM_SysTick.o
LOAD ./Sources/TFC/TFC_ADC.o
LOAD ./Sources/main.o
LOAD ./Sources/Telemetry.o
LOAD ./Sources/TargetSpeedControl.o
LOAD ./Sources/SteeringControl.o
LOAD ./Sources/SpeedSensor.o
LOAD ./Sources/SpeedControl.o
LOAD ./Sources/ServoMapping.o
LOAD ./Sources/Probability.o
LOAD ./Sources/LineDetectionDouble.o
LOAD ./Sources/LED.o
LOAD ./Sources/LCD.o
LOAD ./Sources/I2C.o
LOAD ./Sources/EdgeDetection.o
LOAD ./Sources/AutoExposure.o
LOAD ./Sources/ActiveDifferential.o
LOAD ./Sources/Accelerometer.o
                0x00008b34                __pformatter = __pformatter_
                [0x00008f5c]                __sformatter = __sformatter
START GROUP
LOAD C:/Freescale/CW MCU v10.6/MCU/ARM_GCC_Support/ewl/lib/armv6-m\libc.a
LOAD C:/Freescale/CW MCU v10.6/MCU/ARM_GCC_Support/ewl/lib/armv6-m\libm.a
LOAD c:/freescale/cw mcu v10.6/cross_tools/arm-none-eabi-gcc-4_7_3/bin/../lib/gcc/arm-none-eabi/4.7.3/armv6-m\libgcc.a
LOAD C:/Freescale/CW MCU v10.6/MCU/ARM_GCC_Support/ewl/lib/armv6-m\librt.a
LOAD C:/Freescale/CW MCU v10.6/MCU/ARM_GCC_Support/ewl/lib/armv6-m\libuart.a
END GROUP
                0x20003000                _estack = 0x20003000
                0x20003000                __SP_INIT = _estack
                0x00000400                __heap_size = 0x400
                0x00000400                __stack_size = 0x400

.interrupts     0x00000000       0xc0
                0x00000000                __vector_table = .
                0x00000000                . = ALIGN (0x4)
 *(.vectortable)
 .vectortable   0x00000000       0xc0 ./Project_Settings/Startup_Code/kinetis_sysinit.o
                0x00000000                InterruptVector
                0x000000c0                . = ALIGN (0x4)

.cfmprotect     0x00000400        0x0
                0x00000400                . = ALIGN (0x4)
 *(.cfmconfig)
                0x00000400                . = ALIGN (0x4)

.text           0x00000800     0xa7c8
                0x00000800                . = ALIGN (0x4)
 *(.text)
 .text          0x00000800       0x14 c:/freescale/cw mcu v10.6/cross_tools/arm-none-eabi-gcc-4_7_3/bin/../lib/gcc/arm-none-eabi/4.7.3/armv6-m\libgcc.a(_thumb1_case_sqi.o)
                0x00000800                __gnu_thumb1_case_sqi
 .text          0x00000814       0x14 c:/freescale/cw mcu v10.6/cross_tools/arm-none-eabi-gcc-4_7_3/bin/../lib/gcc/arm-none-eabi/4.7.3/armv6-m\libgcc.a(_thumb1_case_uqi.o)
                0x00000814                __gnu_thumb1_case_uqi
 .text          0x00000828       0x9c c:/freescale/cw mcu v10.6/cross_tools/arm-none-eabi-gcc-4_7_3/bin/../lib/gcc/arm-none-eabi/4.7.3/armv6-m\libgcc.a(_udivsi3.o)
                0x00000828                __aeabi_uidiv
                0x00000828                __udivsi3
                0x000008b0                __aeabi_uidivmod
 .text          0x000008c4       0xc0 c:/freescale/cw mcu v10.6/cross_tools/arm-none-eabi-gcc-4_7_3/bin/../lib/gcc/arm-none-eabi/4.7.3/armv6-m\libgcc.a(_divsi3.o)
                0x000008c4                __divsi3
                0x000008c4                __aeabi_idiv
                0x00000970                __aeabi_idivmod
 .text          0x00000984        0x4 c:/freescale/cw mcu v10.6/cross_tools/arm-none-eabi-gcc-4_7_3/bin/../lib/gcc/arm-none-eabi/4.7.3/armv6-m\libgcc.a(_dvmd_tls.o)
                0x00000984                __aeabi_idiv0
                0x00000984                __aeabi_ldiv0
 .text          0x00000988       0x7c c:/freescale/cw mcu v10.6/cross_tools/arm-none-eabi-gcc-4_7_3/bin/../lib/gcc/arm-none-eabi/4.7.3/armv6-m\libgcc.a(_arm_cmpdf2.o)
                0x00000988                __aeabi_cdrcmple
                0x00000998                __aeabi_cdcmple
                0x00000998                __aeabi_cdcmpeq
                0x000009a8                __aeabi_dcmpeq
                0x000009b4                __aeabi_dcmplt
                0x000009c8                __aeabi_dcmple
                0x000009dc                __aeabi_dcmpgt
                0x000009f0                __aeabi_dcmpge
 .text          0x00000a04       0x74 c:/freescale/cw mcu v10.6/cross_tools/arm-none-eabi-gcc-4_7_3/bin/../lib/gcc/arm-none-eabi/4.7.3/armv6-m\libgcc.a(_arm_cmpsf2.o)
                0x00000a04                __aeabi_cfrcmple
                0x00000a0c                __aeabi_cfcmpeq
                0x00000a0c                __aeabi_cfcmple
                0x00000a1c                __aeabi_fcmpeq
                0x00000a28                __aeabi_fcmplt
                0x00000a3c                __aeabi_fcmple
                0x00000a50                __aeabi_fcmpgt
                0x00000a64                __aeabi_fcmpge
 .text          0x00000a78       0x30 c:/freescale/cw mcu v10.6/cross_tools/arm-none-eabi-gcc-4_7_3/bin/../lib/gcc/arm-none-eabi/4.7.3/armv6-m\libgcc.a(_fixunssfsi.o)
                0x00000a78                __fixunssfsi
                0x00000a78                __aeabi_f2uiz
 .text          0x00000aa8       0x40 c:/freescale/cw mcu v10.6/cross_tools/arm-none-eabi-gcc-4_7_3/bin/../lib/gcc/arm-none-eabi/4.7.3/armv6-m\libgcc.a(_fixunsdfsi.o)
                0x00000aa8                __aeabi_d2uiz
                0x00000aa8                __fixunsdfsi
 .text          0x00000ae8      0x3a4 c:/freescale/cw mcu v10.6/cross_tools/arm-none-eabi-gcc-4_7_3/bin/../lib/gcc/arm-none-eabi/4.7.3/armv6-m\libgcc.a(addsf3.o)
                0x00000ae8                __aeabi_fadd
 .text          0x00000e8c      0x274 c:/freescale/cw mcu v10.6/cross_tools/arm-none-eabi-gcc-4_7_3/bin/../lib/gcc/arm-none-eabi/4.7.3/armv6-m\libgcc.a(divsf3.o)
                0x00000e8c                __aeabi_fdiv
 .text          0x00001100       0x50 c:/freescale/cw mcu v10.6/cross_tools/arm-none-eabi-gcc-4_7_3/bin/../lib/gcc/arm-none-eabi/4.7.3/armv6-m\libgcc.a(eqsf2.o)
                0x00001100                __eqsf2
                0x00001100                __nesf2
 .text          0x00001150       0x90 c:/freescale/cw mcu v10.6/cross_tools/arm-none-eabi-gcc-4_7_3/bin/../lib/gcc/arm-none-eabi/4.7.3/armv6-m\libgcc.a(gesf2.o)
                0x00001150                __gesf2
                0x00001150                __gtsf2
 .text          0x000011e0       0x90 c:/freescale/cw mcu v10.6/cross_tools/arm-none-eabi-gcc-4_7_3/bin/../lib/gcc/arm-none-eabi/4.7.3/armv6-m\libgcc.a(lesf2.o)
                0x000011e0                __ltsf2
                0x000011e0                __lesf2
 .text          0x00001270      0x260 c:/freescale/cw mcu v10.6/cross_tools/arm-none-eabi-gcc-4_7_3/bin/../lib/gcc/arm-none-eabi/4.7.3/armv6-m\libgcc.a(mulsf3.o)
                0x00001270                __aeabi_fmul
 .text          0x000014d0      0x3ac c:/freescale/cw mcu v10.6/cross_tools/arm-none-eabi-gcc-4_7_3/bin/../lib/gcc/arm-none-eabi/4.7.3/armv6-m\libgcc.a(subsf3.o)
                0x000014d0                __aeabi_fsub
 .text          0x0000187c       0x40 c:/freescale/cw mcu v10.6/cross_tools/arm-none-eabi-gcc-4_7_3/bin/../lib/gcc/arm-none-eabi/4.7.3/armv6-m\libgcc.a(fixsfsi.o)
                0x0000187c                __aeabi_f2iz
 .text          0x000018bc       0xa8 c:/freescale/cw mcu v10.6/cross_tools/arm-none-eabi-gcc-4_7_3/bin/../lib/gcc/arm-none-eabi/4.7.3/armv6-m\libgcc.a(floatsisf.o)
                0x000018bc                __aeabi_i2f
 .text          0x00001964       0xa8 c:/freescale/cw mcu v10.6/cross_tools/arm-none-eabi-gcc-4_7_3/bin/../lib/gcc/arm-none-eabi/4.7.3/armv6-m\libgcc.a(floatunsisf.o)
                0x00001964                __aeabi_ui2f
 .text          0x00001a0c      0x758 c:/freescale/cw mcu v10.6/cross_tools/arm-none-eabi-gcc-4_7_3/bin/../lib/gcc/arm-none-eabi/4.7.3/armv6-m\libgcc.a(adddf3.o)
                0x00001a0c                __aeabi_dadd
 .text          0x00002164      0x5b8 c:/freescale/cw mcu v10.6/cross_tools/arm-none-eabi-gcc-4_7_3/bin/../lib/gcc/arm-none-eabi/4.7.3/armv6-m\libgcc.a(divdf3.o)
                0x00002164                __aeabi_ddiv
 .text          0x0000271c       0x7c c:/freescale/cw mcu v10.6/cross_tools/arm-none-eabi-gcc-4_7_3/bin/../lib/gcc/arm-none-eabi/4.7.3/armv6-m\libgcc.a(eqdf2.o)
                0x0000271c                __nedf2
                0x0000271c                __eqdf2
 .text          0x00002798       0xe8 c:/freescale/cw mcu v10.6/cross_tools/arm-none-eabi-gcc-4_7_3/bin/../lib/gcc/arm-none-eabi/4.7.3/armv6-m\libgcc.a(gedf2.o)
                0x00002798                __gedf2
                0x00002798                __gtdf2
 .text          0x00002880       0xd8 c:/freescale/cw mcu v10.6/cross_tools/arm-none-eabi-gcc-4_7_3/bin/../lib/gcc/arm-none-eabi/4.7.3/armv6-m\libgcc.a(ledf2.o)
                0x00002880                __ledf2
                0x00002880                __ltdf2
 .text          0x00002958      0x4e4 c:/freescale/cw mcu v10.6/cross_tools/arm-none-eabi-gcc-4_7_3/bin/../lib/gcc/arm-none-eabi/4.7.3/armv6-m\libgcc.a(muldf3.o)
                0x00002958                __aeabi_dmul
 .text          0x00002e3c      0x6f8 c:/freescale/cw mcu v10.6/cross_tools/arm-none-eabi-gcc-4_7_3/bin/../lib/gcc/arm-none-eabi/4.7.3/armv6-m\libgcc.a(subdf3.o)
                0x00002e3c                __aeabi_dsub
 .text          0x00003534       0x68 c:/freescale/cw mcu v10.6/cross_tools/arm-none-eabi-gcc-4_7_3/bin/../lib/gcc/arm-none-eabi/4.7.3/armv6-m\libgcc.a(fixdfsi.o)
                0x00003534                __aeabi_d2iz
 .text          0x0000359c       0x74 c:/freescale/cw mcu v10.6/cross_tools/arm-none-eabi-gcc-4_7_3/bin/../lib/gcc/arm-none-eabi/4.7.3/armv6-m\libgcc.a(floatsidf.o)
                0x0000359c                __aeabi_i2d
 .text          0x00003610       0x64 c:/freescale/cw mcu v10.6/cross_tools/arm-none-eabi-gcc-4_7_3/bin/../lib/gcc/arm-none-eabi/4.7.3/armv6-m\libgcc.a(floatunsidf.o)
                0x00003610                __aeabi_ui2d
 .text          0x00003674       0xa8 c:/freescale/cw mcu v10.6/cross_tools/arm-none-eabi-gcc-4_7_3/bin/../lib/gcc/arm-none-eabi/4.7.3/armv6-m\libgcc.a(extendsfdf2.o)
                0x00003674                __aeabi_f2d
 .text          0x0000371c      0x134 c:/freescale/cw mcu v10.6/cross_tools/arm-none-eabi-gcc-4_7_3/bin/../lib/gcc/arm-none-eabi/4.7.3/armv6-m\libgcc.a(truncdfsf2.o)
                0x0000371c                __aeabi_d2f
 .text          0x00003850       0x3c c:/freescale/cw mcu v10.6/cross_tools/arm-none-eabi-gcc-4_7_3/bin/../lib/gcc/arm-none-eabi/4.7.3/armv6-m\libgcc.a(_clzsi2.o)
                0x00003850                __clzsi2
 *(.text*)
 .text.Default_Handler
                0x0000388c        0xc ./Project_Settings/Startup_Code/kinetis_sysinit.o
                0x0000388c                RTC_Alarm_IRQHandler
                0x0000388c                I2C0_IRQHandler
                0x0000388c                HardFault_Handler
                0x0000388c                PendSV_Handler
                0x0000388c                NMI_Handler
                0x0000388c                I2C1_IRQHandler
                0x0000388c                UART1_IRQHandler
                0x0000388c                DMA2_IRQHandler
                0x0000388c                TSI0_IRQHandler
                0x0000388c                SPI1_IRQHandler
                0x0000388c                PORTD_IRQHandler
                0x0000388c                LPTimer_IRQHandler
                0x0000388c                RTC_Seconds_IRQHandler
                0x0000388c                MCG_IRQHandler
                0x0000388c                Default_Handler
                0x0000388c                LLW_IRQHandler
                0x0000388c                SVC_Handler
                0x0000388c                USBOTG_IRQHandler
                0x0000388c                DMA3_IRQHandler
                0x0000388c                DMA0_IRQHandler
                0x0000388c                DAC0_IRQHandler
                0x0000388c                PMC_IRQHandler
                0x0000388c                SPI0_IRQHandler
                0x0000388c                FTM0_IRQHandler
                0x0000388c                PORTA_IRQHandler
                0x0000388c                MCM_IRQHandler
                0x0000388c                FTFL_IRQHandler
                0x0000388c                CMP0_IRQHandler
                0x0000388c                DMA1_IRQHandler
 .text.Default_Handler_Helper
                0x00003898        0xc ./Project_Settings/Startup_Code/kinetis_sysinit.o
                0x00003898                Default_Handler_Helper
 .text.__init_hardware
                0x000038a4       0x24 ./Project_Settings/Startup_Code/kinetis_sysinit.o
                0x000038a4                __init_hardware
 .text.__thumb_startup
                0x000038c8       0x38 ./Project_Settings/Startup_Code/__arm_start.o
                0x000038c8                __thumb_startup
 .text._ExitProcess
                0x00003900        0x4 ./Project_Settings/Startup_Code/__arm_end.o
                0x00003900                _ExitProcess
 .text.enable_irq
                0x00003904       0x30 ./Sources/TFC/TFC_arm_cm0.o
                0x00003904                enable_irq
 .text.disable_irq
                0x00003934       0x24 ./Sources/TFC/TFC_arm_cm0.o
                0x00003934                disable_irq
 .text.set_irq_priority
                0x00003958       0x24 ./Sources/TFC/TFC_arm_cm0.o
                0x00003958                set_irq_priority
 .text.TFC_UART_Process
                0x0000397c       0x2c ./Sources/TFC/TFC_UART.o
                0x0000397c                TFC_UART_Process
 .text.UART0_IRQHandler
                0x000039a8       0x60 ./Sources/TFC/TFC_UART.o
                0x000039a8                UART0_IRQHandler
 .text.uart0_init
                0x00003a08      0x15c ./Sources/TFC/TFC_UART.o
                0x00003a08                uart0_init
 .text.TFC_InitUARTs
                0x00003b64      0x110 ./Sources/TFC/TFC_UART.o
                0x00003b64                TFC_InitUARTs
 .text.UART2_IRQHandler
                0x00003c74        0x4 ./Sources/TFC/TFC_UART.o
                0x00003c74                UART2_IRQHandler
 .text.uart_putchar
                0x00003c78       0x10 ./Sources/TFC/TFC_UART.o
                0x00003c78                uart_putchar
 .text.TerminalCmd_GetLineScan
                0x00003c88       0x9c ./Sources/TFC/TFC_Terminal.o
                0x00003c88                TerminalCmd_GetLineScan
 .text.TerminalCmd_E
                0x00003d24       0x20 ./Sources/TFC/TFC_Terminal.o
                0x00003d24                TerminalCmd_E
 .text.TerminalCmd_Help
                0x00003d44       0x84 ./Sources/TFC/TFC_Terminal.o
                0x00003d44                TerminalCmd_Help
 .text.TerminalCmd_H
                0x00003dc8       0x68 ./Sources/TFC/TFC_Terminal.o
                0x00003dc8                TerminalCmd_H
 .text.TerminalCmd_D
                0x00003e30       0x28 ./Sources/TFC/TFC_Terminal.o
                0x00003e30                TerminalCmd_D
 .text.TerminalCmd_S
                0x00003e58       0x70 ./Sources/TFC/TFC_Terminal.o
                0x00003e58                TerminalCmd_S
 .text.TFC_InitTerminal
                0x00003ec8       0x64 ./Sources/TFC/TFC_Terminal.o
                0x00003ec8                TFC_InitTerminal
 .text.TFC_ProcessTerminal
                0x00003f2c      0x2d8 ./Sources/TFC/TFC_Terminal.o
                0x00003f2c                TFC_ProcessTerminal
 *fill*         0x00004204        0x4 00
 .text.TFC_SetServo
                0x00004208       0x88 ./Sources/TFC/TFC_Servo.o
                0x00004208                TFC_SetServo
 .text.FTM1_IRQHandler
                0x00004290       0x2c ./Sources/TFC/TFC_Servo.o
                0x00004290                FTM1_IRQHandler
 .text.TFC_InitServos
                0x000042bc       0xac ./Sources/TFC/TFC_Servo.o
                0x000042bc                TFC_InitServos
 .text.InitByteQueue
                0x00004368       0x24 ./Sources/TFC/TFC_Queue.o
                0x00004368                InitByteQueue
 .text.BytesInQueue
                0x0000438c       0x20 ./Sources/TFC/TFC_Queue.o
                0x0000438c                BytesInQueue
 .text.ByteEnqueue
                0x000043ac       0x4c ./Sources/TFC/TFC_Queue.o
                0x000043ac                ByteEnqueue
 .text.Qprintf  0x000043f8      0x150 ./Sources/TFC/TFC_Queue.o
                0x000043f8                Qprintf
 .text.ByteDequeue
                0x00004548       0x44 ./Sources/TFC/TFC_Queue.o
                0x00004548                ByteDequeue
 .text.ForcedByteDequeue
                0x0000458c       0x40 ./Sources/TFC/TFC_Queue.o
                0x0000458c                ForcedByteDequeue
 .text.TFC_InitMotorPWM
                0x000045cc       0xbc ./Sources/TFC/TFC_Motor.o
                0x000045cc                TFC_InitMotorPWM
 .text.TFC_SetMotorPWM
                0x00004688       0xe4 ./Sources/TFC/TFC_Motor.o
                0x00004688                TFC_SetMotorPWM
 .text.TFC_InitLineScanCamera
                0x0000476c       0x90 ./Sources/TFC/TFC_LineScanCamera.o
                0x0000476c                TFC_InitLineScanCamera
 .text.TFC_SetLineScanExposureTime
                0x000047fc       0x2c ./Sources/TFC/TFC_LineScanCamera.o
                0x000047fc                TFC_SetLineScanExposureTime
 .text.TFC_getLineScanExposureTime
                0x00004828       0x2c ./Sources/TFC/TFC_LineScanCamera.o
                0x00004828                TFC_getLineScanExposureTime
 .text.pll_init
                0x00004854      0x294 ./Sources/TFC/TFC_CrystalClock.o
                0x00004854                pll_init
 .text.TFC_InitClock
                0x00004ae8       0x20 ./Sources/TFC/TFC_CrystalClock.o
                0x00004ae8                TFC_InitClock
 .text.TFC_InitGPIO
                0x00004b08       0x64 ./Sources/TFC/TFC_BoardSupport.o
                0x00004b08                TFC_InitGPIO
 .text.TFC_GetDIP_Switch
                0x00004b6c       0x10 ./Sources/TFC/TFC_BoardSupport.o
                0x00004b6c                TFC_GetDIP_Switch
 .text.TFC_GetPush_Button
                0x00004b7c       0x28 ./Sources/TFC/TFC_BoardSupport.o
                0x00004b7c                TFC_GetPush_Button
 .text.TFC_InitSysTick
                0x00004ba4       0x2c ./Sources/TFC/TFC_ARM_SysTick.o
                0x00004ba4                TFC_InitSysTick
 .text.SysTick_Handler
                0x00004bd0       0x88 ./Sources/TFC/TFC_ARM_SysTick.o
                0x00004bd0                SysTick_Handler
 .text.TFC_InitADCs
                0x00004c58      0x150 ./Sources/TFC/TFC_ADC.o
                0x00004c58                TFC_InitADCs
 .text.PIT_IRQHandler
                0x00004da8       0x34 ./Sources/TFC/TFC_ADC.o
                0x00004da8                PIT_IRQHandler
 .text.ADC0_IRQHandler
                0x00004ddc      0x1c0 ./Sources/TFC/TFC_ADC.o
                0x00004ddc                ADC0_IRQHandler
 .text.TFC_ReadBatteryVoltage
                0x00004f9c       0x30 ./Sources/TFC/TFC_ADC.o
                0x00004f9c                TFC_ReadBatteryVoltage
 .text.TFC_Init
                0x00004fcc       0x80 ./Sources/main.o
                0x00004fcc                TFC_Init
 *fill*         0x0000504c        0x4 00
 .text.startup.main
                0x00005050      0x5e8 ./Sources/main.o
                0x00005050                main
 .text.getDesiredSpeed
                0x00005638       0x84 ./Sources/TargetSpeedControl.o
                0x00005638                getDesiredSpeed
 .text.getDesiredServoValue
                0x000056bc      0x16c ./Sources/SteeringControl.o
                0x000056bc                getDesiredServoValue
 .text.TFC_InitSpeedSensor
                0x00005828       0x90 ./Sources/SpeedSensor.o
                0x00005828                TFC_InitSpeedSensor
 .text.getSpeed
                0x000058b8       0x74 ./Sources/SpeedSensor.o
                0x000058b8                getSpeed
 .text.FTM2_IRQHandler
                0x0000592c       0xf0 ./Sources/SpeedSensor.o
                0x0000592c                FTM2_IRQHandler
 .text.getRadiusRoot
                0x00005a1c       0x98 ./Sources/ServoMapping.o
                0x00005a1c                getRadiusRoot
 .text.getRadius
                0x00005ab4       0xb0 ./Sources/ServoMapping.o
                0x00005ab4                getRadius
 *fill*         0x00005b64        0x4 00
 .text.getProbability
                0x00005b68      0x1d8 ./Sources/Probability.o
                0x00005b68                getProbability
 .text.findLine
                0x00005d40     0x1368 ./Sources/LineDetectionDouble.o
                0x00005d40                findLine
 .text.preloadProbabilityTables
                0x000070a8       0x20 ./Sources/LineDetectionDouble.o
                0x000070a8                preloadProbabilityTables
 .text.weightStopLines
                0x000070c8      0x100 ./Sources/LineDetectionDouble.o
                0x000070c8                weightStopLines
 .text.findStop
                0x000071c8      0x26c ./Sources/LineDetectionDouble.o
                0x000071c8                findStop
 .text.LCDinit  0x00007434       0x4c ./Sources/LCD.o
                0x00007434                LCDinit
 .text.LCDwriteString
                0x00007480       0x6c ./Sources/LCD.o
                0x00007480                LCDwriteString
 .text.LCDwriteVariable
                0x000074ec       0xa8 ./Sources/LCD.o
                0x000074ec                LCDwriteVariable
 .text.LCDfeedback
                0x00007594      0xaf8 ./Sources/LCD.o
                0x00007594                LCDfeedback
 .text.Init_I2C
                0x0000808c       0x40 ./Sources/I2C.o
                0x0000808c                Init_I2C
 .text.I2CReadRegister
                0x000080cc       0xb8 ./Sources/I2C.o
                0x000080cc                I2CReadRegister
 .text.I2CWriteRegister
                0x00008184       0x80 ./Sources/I2C.o
                0x00008184                I2CWriteRegister
 *fill*         0x00008204        0x4 00
 .text.generateKernel
                0x00008208      0x100 ./Sources/EdgeDetection.o
                0x00008208                generateKernel
 .text.blurImage
                0x00008308       0xdc ./Sources/EdgeDetection.o
                0x00008308                blurImage
 .text.sobelDerivative
                0x000083e4       0x64 ./Sources/EdgeDetection.o
                0x000083e4                sobelDerivative
 .text.findLocalMax
                0x00008448       0xd0 ./Sources/EdgeDetection.o
                0x00008448                findLocalMax
 .text.edgeDetection
                0x00008518       0x4c ./Sources/EdgeDetection.o
                0x00008518                edgeDetection
 .text.getTotalIntensity
                0x00008564       0x24 ./Sources/AutoExposure.o
                0x00008564                getTotalIntensity
 .text.calculateNewExposure
                0x00008588       0xc4 ./Sources/AutoExposure.o
                0x00008588                calculateNewExposure
 .text.getActiveDifferentialModifier
                0x0000864c       0x44 ./Sources/ActiveDifferential.o
                0x0000864c                getActiveDifferentialModifier
 .text.zeroAccelerometer
                0x00008690      0x164 ./Sources/Accelerometer.o
                0x00008690                zeroAccelerometer
 .text.Init_Accelerometer
                0x000087f4       0x38 ./Sources/Accelerometer.o
                0x000087f4                Init_Accelerometer
 .text.getXAcc  0x0000882c       0x54 ./Sources/Accelerometer.o
                0x0000882c                getXAcc
 .text.sscanf   0x00008880       0x18 C:/Freescale/CW MCU v10.6/MCU/ARM_GCC_Support/ewl/lib/armv6-m\libc.a(sscanf.o)
                0x00008880                sscanf
 .text.vsprintf
                0x00008898       0x12 C:/Freescale/CW MCU v10.6/MCU/ARM_GCC_Support/ewl/lib/armv6-m\libc.a(vsprintf.o)
                0x00008898                vsprintf
 .text.__StringRead
                0x000088aa       0x3c C:/Freescale/CW MCU v10.6/MCU/ARM_GCC_Support/ewl/lib/armv6-m\libc.a(vsscanf.o)
                0x000088aa                __StringRead
 *fill*         0x000088e6        0x2 00
 .text.vsscanf  0x000088e8       0x30 C:/Freescale/CW MCU v10.6/MCU/ARM_GCC_Support/ewl/lib/armv6-m\libc.a(vsscanf.o)
                0x000088e8                vsscanf
 .text.exit     0x00008918       0x38 C:/Freescale/CW MCU v10.6/MCU/ARM_GCC_Support/ewl/lib/armv6-m\libc.a(exit.o)
                0x00008918                exit
 .text.memset   0x00008950        0xc C:/Freescale/CW MCU v10.6/MCU/ARM_GCC_Support/ewl/lib/armv6-m\libc.a(memset.o)
                0x00008950                memset
 .text.strcmp   0x0000895c       0x1c C:/Freescale/CW MCU v10.6/MCU/ARM_GCC_Support/ewl/lib/armv6-m\libc.a(strcmp.o)
                0x0000895c                strcmp
 .text.strcpy   0x00008978       0x10 C:/Freescale/CW MCU v10.6/MCU/ARM_GCC_Support/ewl/lib/armv6-m\libc.a(strcpy.o)
                0x00008978                strcpy
 .text.strlen   0x00008988       0x10 C:/Freescale/CW MCU v10.6/MCU/ARM_GCC_Support/ewl/lib/armv6-m\libc.a(strlen.o)
                0x00008988                strlen
 .text.long2str.isra.0
                0x00008998      0x19c C:/Freescale/CW MCU v10.6/MCU/ARM_GCC_Support/ewl/lib/armv6-m\libc.a(printformat_.o)
 .text.__pformatter_
                0x00008b34      0x428 C:/Freescale/CW MCU v10.6/MCU/ARM_GCC_Support/ewl/lib/armv6-m\libc.a(printformat_.o)
                0x00008b34                __pformatter_
 .text.__sformatter
                0x00008f5c      0x698 C:/Freescale/CW MCU v10.6/MCU/ARM_GCC_Support/ewl/lib/armv6-m\libc.a(scanformat_.o)
                0x00008f5c                __sformatter
 .text.isalpha  0x000095f4       0x20 C:/Freescale/CW MCU v10.6/MCU/ARM_GCC_Support/ewl/lib/armv6-m\libc.a(ctype_aeabi.o)
                0x000095f4                isalpha
 .text.isspace  0x00009614       0x20 C:/Freescale/CW MCU v10.6/MCU/ARM_GCC_Support/ewl/lib/armv6-m\libc.a(ctype_aeabi.o)
                0x00009614                isspace
 .text.toupper  0x00009634        0xe C:/Freescale/CW MCU v10.6/MCU/ARM_GCC_Support/ewl/lib/armv6-m\libc.a(ctype_aeabi.o)
                0x00009634                toupper
 .text.__StringWrite
                0x00009642       0x26 C:/Freescale/CW MCU v10.6/MCU/ARM_GCC_Support/ewl/lib/armv6-m\libc.a(vsnprintf.o)
                0x00009642                __StringWrite
 .text.vsnprintf
                0x00009668       0x38 C:/Freescale/CW MCU v10.6/MCU/ARM_GCC_Support/ewl/lib/armv6-m\libc.a(vsnprintf.o)
                0x00009668                vsnprintf
 .text.__strtoul
                0x000096a0      0x1ce C:/Freescale/CW MCU v10.6/MCU/ARM_GCC_Support/ewl/lib/armv6-m\libc.a(__strtoul.o)
                0x000096a0                __strtoul
 .text.__fill_mem
                0x0000986e       0x7e C:/Freescale/CW MCU v10.6/MCU/ARM_GCC_Support/ewl/lib/armv6-m\libc.a(__filll_mem.o)
                0x0000986e                __fill_mem
 .text.memchr   0x000098ec       0x1a C:/Freescale/CW MCU v10.6/MCU/ARM_GCC_Support/ewl/lib/armv6-m\libc.a(memchr.o)
                0x000098ec                memchr
 .text.memcpy   0x00009906       0x12 C:/Freescale/CW MCU v10.6/MCU/ARM_GCC_Support/ewl/lib/armv6-m\libc.a(memcpy.o)
                0x00009906                memcpy
 .text.strchr   0x00009918       0x1e C:/Freescale/CW MCU v10.6/MCU/ARM_GCC_Support/ewl/lib/armv6-m\libc.a(strchr.o)
                0x00009918                strchr
 .text.pow      0x00009936        0x8 C:/Freescale/CW MCU v10.6/MCU/ARM_GCC_Support/ewl/lib/armv6-m\libm.a(w_pow.o)
                0x00009936                pow
 *fill*         0x0000993e        0x2 00
 .text.__ieee754_pow
                0x00009940      0xb70 C:/Freescale/CW MCU v10.6/MCU/ARM_GCC_Support/ewl/lib/armv6-m\libm.a(e_pow.o)
                0x00009940                __ieee754_pow
 .text.__fpclassifyd
                0x0000a4b0       0x38 C:/Freescale/CW MCU v10.6/MCU/ARM_GCC_Support/ewl/lib/armv6-m\libm.a(math_api.o)
                0x0000a4b0                __fpclassifyd
 .text.scalbn   0x0000a4e8       0x14 C:/Freescale/CW MCU v10.6/MCU/ARM_GCC_Support/ewl/lib/armv6-m\libm.a(scalbn.o)
                0x0000a4e8                scalbn
 .text.sqrt     0x0000a4fc        0x8 C:/Freescale/CW MCU v10.6/MCU/ARM_GCC_Support/ewl/lib/armv6-m\libm.a(w_sqrt.o)
                0x0000a4fc                sqrt
 .text.__ieee754_sqrt
                0x0000a504      0x17c C:/Freescale/CW MCU v10.6/MCU/ARM_GCC_Support/ewl/lib/armv6-m\libm.a(e_sqrt.o)
                0x0000a504                __ieee754_sqrt
 .text.frexp    0x0000a680       0x80 C:/Freescale/CW MCU v10.6/MCU/ARM_GCC_Support/ewl/lib/armv6-m\libm.a(s_frexp.o)
                0x0000a680                frexp
 .text.ldexp    0x0000a700      0x148 C:/Freescale/CW MCU v10.6/MCU/ARM_GCC_Support/ewl/lib/armv6-m\libm.a(s_ldexp.o)
                0x0000a700                ldexp
 .text.__init_cpp
                0x0000a848       0x48 C:/Freescale/CW MCU v10.6/MCU/ARM_GCC_Support/ewl/lib/armv6-m\librt.a(gcc_ctor_dtor.o)
                0x0000a848                __init_cpp
 .text.__fini_cpp
                0x0000a890       0x34 C:/Freescale/CW MCU v10.6/MCU/ARM_GCC_Support/ewl/lib/armv6-m\librt.a(gcc_ctor_dtor.o)
                0x0000a890                __fini_cpp
 .text.__copy_rom_section
                0x0000a8c4       0x48 C:/Freescale/CW MCU v10.6/MCU/ARM_GCC_Support/ewl/lib/armv6-m\librt.a(ROMCopy.o)
                0x0000a8c4                __copy_rom_section
 .text.__copy_rom_sections_to_ram
                0x0000a90c       0x34 C:/Freescale/CW MCU v10.6/MCU/ARM_GCC_Support/ewl/lib/armv6-m\librt.a(ROMCopy.o)
                0x0000a90c                __copy_rom_sections_to_ram
 .text.__destroy_global_chain
                0x0000a940       0x1c C:/Freescale/CW MCU v10.6/MCU/ARM_GCC_Support/ewl/lib/armv6-m\librt.a(__arm_eabi_init.o)
                0x0000a940                __destroy_global_chain
 .text.__init_registers
                0x0000a95c       0x1c C:/Freescale/CW MCU v10.6/MCU/ARM_GCC_Support/ewl/lib/armv6-m\librt.a(__arm_eabi_init.o)
                0x0000a95c                __init_registers
 .text.__init_user
                0x0000a978        0x4 C:/Freescale/CW MCU v10.6/MCU/ARM_GCC_Support/ewl/lib/armv6-m\librt.a(__arm_eabi_init.o)
                0x0000a978                __init_user
 *(.rodata)
 .rodata        0x0000a97c       0x40 c:/freescale/cw mcu v10.6/cross_tools/arm-none-eabi-gcc-4_7_3/bin/../lib/gcc/arm-none-eabi/4.7.3/armv6-m\libgcc.a(divsf3.o)
 .rodata        0x0000a9bc       0x40 c:/freescale/cw mcu v10.6/cross_tools/arm-none-eabi-gcc-4_7_3/bin/../lib/gcc/arm-none-eabi/4.7.3/armv6-m\libgcc.a(mulsf3.o)
 .rodata        0x0000a9fc       0x40 c:/freescale/cw mcu v10.6/cross_tools/arm-none-eabi-gcc-4_7_3/bin/../lib/gcc/arm-none-eabi/4.7.3/armv6-m\libgcc.a(divdf3.o)
 .rodata        0x0000aa3c       0x40 c:/freescale/cw mcu v10.6/cross_tools/arm-none-eabi-gcc-4_7_3/bin/../lib/gcc/arm-none-eabi/4.7.3/armv6-m\libgcc.a(muldf3.o)
 *(.rodata*)
 .rodata.str1.4
                0x0000aa7c      0x343 ./Sources/TFC/TFC_Terminal.o
                                0x350 (size before relaxing)
 *fill*         0x0000adbf        0x1 00
 .rodata.ADC0_IRQHandler
                0x0000adc0       0x1c ./Sources/TFC/TFC_ADC.o
 .rodata.str1.4
                0x0000addc        0xc ./Sources/main.o
                                 0x10 (size before relaxing)
 .rodata.str1.4
                0x0000ade8       0x8d ./Sources/LCD.o
                                 0x90 (size before relaxing)
 *fill*         0x0000ae75        0x3 00
 .rodata.str1.4
                0x0000ae78       0x14 ./Sources/Accelerometer.o
 .rodata.str1.1
                0x0000ae8c        0x1 C:/Freescale/CW MCU v10.6/MCU/ARM_GCC_Support/ewl/lib/armv6-m\libc.a(printformat_.o)
 .rodata.CSWTCH.20
                0x0000ae8d        0x5 C:/Freescale/CW MCU v10.6/MCU/ARM_GCC_Support/ewl/lib/armv6-m\libc.a(printformat_.o)
 .rodata.CSWTCH.21
                0x0000ae92        0x5 C:/Freescale/CW MCU v10.6/MCU/ARM_GCC_Support/ewl/lib/armv6-m\libc.a(printformat_.o)
 .rodata.__aeabi_ctype_table_C
                0x0000ae97      0x101 C:/Freescale/CW MCU v10.6/MCU/ARM_GCC_Support/ewl/lib/armv6-m\libc.a(ctype_aeabi.o)
                0x0000ae97                __aeabi_ctype_table_C
 .rodata.dp_h   0x0000af98       0x10 C:/Freescale/CW MCU v10.6/MCU/ARM_GCC_Support/ewl/lib/armv6-m\libm.a(e_pow.o)
 .rodata.dp_l   0x0000afa8       0x10 C:/Freescale/CW MCU v10.6/MCU/ARM_GCC_Support/ewl/lib/armv6-m\libm.a(e_pow.o)
 .rodata.bp     0x0000afb8       0x10 C:/Freescale/CW MCU v10.6/MCU/ARM_GCC_Support/ewl/lib/armv6-m\libm.a(e_pow.o)
 *(.glue_7)
 .glue_7        0x00000000        0x0 linker stubs
 *(.glue_7t)
 .glue_7t       0x00000000        0x0 linker stubs
 *(.eh_frame)
 *(.init)
 *(.fini)
                0x0000afc8                . = ALIGN (0x4)
                0x0000afc8                _etext = .

.vfp11_veneer   0x0000afc8        0x0
 .vfp11_veneer  0x00000000        0x0 linker stubs

.v4_bx          0x0000afc8        0x0
 .v4_bx         0x00000000        0x0 linker stubs

.iplt           0x0000afc8        0x0
 .iplt          0x00000000        0x0 ./Project_Settings/Startup_Code/kinetis_sysinit.o

.rel.dyn        0x0000afc8        0x0
 .rel.iplt      0x00000000        0x0 ./Project_Settings/Startup_Code/kinetis_sysinit.o

.ARM.extab
 *(.ARM.extab* .gnu.linkonce.armextab.*)

.ARM            0x0000afc8        0x0
                0x0000afc8                __exidx_start = .
 *(.ARM.exidx*)
                0x0000afc8                __exidx_end = .

.ctors          0x0000afc8        0x0
                0x0000afc8                __CTOR_LIST__ = .
 *crtbegin.o(.ctors)
 *(EXCLUDE_FILE(*crtend.o) .ctors)
 *(SORT(.ctors.*))
 *(.ctors)
                0x0000afc8                __CTOR_END__ = .

.dtors          0x0000afc8        0x0
                0x0000afc8                __DTOR_LIST__ = .
 *crtbegin.o(.dtors)
 *(EXCLUDE_FILE(*crtend.o) .dtors)
 *(SORT(.dtors.*))
 *(.dtors)
                0x0000afc8                __DTOR_END__ = .

.preinit_array  0x0000afc8        0x0
                0x0000afc8                PROVIDE (__preinit_array_start, .)
 *(.preinit_array*)
                0x0000afc8                PROVIDE (__preinit_array_end, .)

.init_array     0x0000afc8        0x0
                0x0000afc8                PROVIDE (__init_array_start, .)
 *(SORT(.init_array.*))
 *(.init_array*)
                0x0000afc8                PROVIDE (__init_array_end, .)

.fini_array     0x0000afc8        0x0
                0x0000afc8                PROVIDE (__fini_array_start, .)
 *(SORT(.fini_array.*))
 *(.fini_array*)
                0x0000afc8                PROVIDE (__fini_array_end, .)
                0x0000afc8                ___ROM_AT = .

.mtb            0x1ffff000        0x0
                0x1ffff000                . = ALIGN (0x8)
                0x1ffff000                _mtb_start = .
 *(.mtb_buf)
                0x1ffff000                . = ALIGN (0x8)
                0x1ffff000                _mtb_end = .

.data           0x1ffff000      0x3b0 load address 0x0000afc8
                0x1ffff000                . = ALIGN (0x4)
                0x1ffff000                _sdata = .
 *(.data)
 *(.data*)
 .data.MyTerminalCallbackRecords
                0x1ffff000       0x48 ./Sources/TFC/TFC_Terminal.o
                0x1ffff000                MyTerminalCallbackRecords
 .data.carState
                0x1ffff048       0x10 ./Sources/main.o
 .data.mapArrayRight
                0x1ffff058      0x194 ./Sources/ServoMapping.o
                0x1ffff058                mapArrayRight
 .data.mapArrayLeft
                0x1ffff1ec      0x194 ./Sources/ServoMapping.o
                0x1ffff1ec                mapArrayLeft
 .data.previousRight.6016
                0x1ffff380       0x10 ./Sources/LineDetectionDouble.o
 .data.previousLeft.6015
                0x1ffff390       0x10 ./Sources/LineDetectionDouble.o
 .data.trackWidthAverage
                0x1ffff3a0        0x4 ./Sources/LineDetectionDouble.o
 .data.newExposure
                0x1ffff3a4        0x4 ./Sources/AutoExposure.o
                0x1ffff3a4                newExposure
 .data.__double_nan
                0x1ffff3a8        0x8 C:/Freescale/CW MCU v10.6/MCU/ARM_GCC_Support/ewl/lib/armv6-m\libm.a(float.o)
                0x1ffff3a8                __double_nan
                0x1ffff3b0                . = ALIGN (0x4)
                0x1ffff3b0                _edata = .
                0x000003b0                ___data_size = (_edata - _sdata)

.igot.plt       0x1ffff3b0        0x0 load address 0x0000b378
 .igot.plt      0x00000000        0x0 ./Project_Settings/Startup_Code/kinetis_sysinit.o
                0x1ffff3b0                . = ALIGN (0x4)

.bss            0x1ffff3b0     0x2d34 load address 0x0000b378
                0x1ffff3b0                __START_BSS = .
                0x1ffff3b0                PROVIDE (__bss_start__, __START_BSS)
 *(.bss)
 *(.bss*)
 .bss.argv      0x1ffff3b0        0x4 ./Project_Settings/Startup_Code/__arm_start.o
 .bss.StringBuffer
                0x1ffff3b4      0x100 ./Sources/TFC/TFC_Queue.o
 .bss.motorValue
                0x1ffff4b4        0x8 ./Sources/TFC/TFC_Motor.o
 .bss.DelayTimerTick
                0x1ffff4bc        0x4 ./Sources/TFC/TFC_ARM_SysTick.o
 .bss.carState  0x1ffff4c0        0x4 ./Sources/TFC/TFC_ADC.o
 .bss.CurrentADC_State
                0x1ffff4c4        0x1 ./Sources/TFC/TFC_ADC.o
 .bss.CurrentLineScanPixel
                0x1ffff4c5        0x1 ./Sources/TFC/TFC_ADC.o
                0x1ffff4c5                CurrentLineScanPixel
 .bss.CurrentLineScanChannel
                0x1ffff4c6        0x1 ./Sources/TFC/TFC_ADC.o
                0x1ffff4c6                CurrentLineScanChannel
 *fill*         0x1ffff4c7        0x1 00
 .bss.test_time
                0x1ffff4c8        0x4 ./Sources/main.o
                0x1ffff4c8                test_time
 .bss.totalIntensity.6164
                0x1ffff4cc        0x4 ./Sources/main.o
 .bss.stoplineJustDetected
                0x1ffff4d0        0x1 ./Sources/main.o
 *fill*         0x1ffff4d1        0x3 00
 .bss.speedL    0x1ffff4d4        0x4 ./Sources/main.o
                0x1ffff4d4                speedL
 .bss.previousRaceLine.6201
                0x1ffff4d8        0x4 ./Sources/main.o
 .bss.batteryLevel
                0x1ffff4dc        0x4 ./Sources/main.o
                0x1ffff4dc                batteryLevel
 .bss.stopline_enable
                0x1ffff4e0        0x1 ./Sources/main.o
                0x1ffff4e0                stopline_enable
 .bss.cross_section_enable
                0x1ffff4e1        0x1 ./Sources/main.o
                0x1ffff4e1                cross_section_enable
 *fill*         0x1ffff4e2        0x2 00
 .bss.speedR    0x1ffff4e4        0x4 ./Sources/main.o
                0x1ffff4e4                speedR
 .bss.loop_begin
                0x1ffff4e8        0x2 ./Sources/main.o
                0x1ffff4e8                loop_begin
 *fill*         0x1ffff4ea        0x2 00
 .bss.accel     0x1ffff4ec        0x4 ./Sources/main.o
                0x1ffff4ec                accel
 .bss.s_mode_enable
                0x1ffff4f0        0x1 ./Sources/main.o
                0x1ffff4f0                s_mode_enable
 *fill*         0x1ffff4f1        0x3 00
 .bss.test_begin
                0x1ffff4f4        0x4 ./Sources/main.o
                0x1ffff4f4                test_begin
 .bss.previousServoValue.6209
                0x1ffff4f8        0x4 ./Sources/main.o
 .bss.steeringControlUpdate.6163
                0x1ffff4fc        0x1 ./Sources/main.o
 *fill*         0x1ffff4fd        0x3 00
 .bss.servoValue
                0x1ffff500        0x4 ./Sources/main.o
 .bss.loop_time
                0x1ffff504        0x2 ./Sources/main.o
                0x1ffff504                loop_time
 *fill*         0x1ffff506        0x2 00
 .bss.previousTargetSpeed.6205
                0x1ffff508        0x4 ./Sources/main.o
 .bss.targetSpeed
                0x1ffff50c        0x4 ./Sources/main.o
                0x1ffff50c                targetSpeed
 .bss.friction_correct
                0x1ffff510        0x4 ./Sources/main.o
                0x1ffff510                friction_correct
 .bss.newPosition.5887
                0x1ffff514        0x4 ./Sources/SteeringControl.o
 .bss.errorSum.5888
                0x1ffff518        0x4 ./Sources/SteeringControl.o
 .bss.previousError.5889
                0x1ffff51c        0x4 ./Sources/SteeringControl.o
 .bss.speeds    0x1ffff520       0x30 ./Sources/SpeedSensor.o
 .bss.probabilityTables
                0x1ffff550     0x1024 ./Sources/Probability.o
                0x1ffff550                probabilityTables
 .bss.detectedDoubleLines
                0x20000574      0x208 ./Sources/LineDetectionDouble.o
 .bss.detectedLines
                0x2000077c      0x284 ./Sources/LineDetectionDouble.o
 .bss.previousTrack.6012
                0x20000a00       0x10 ./Sources/LineDetectionDouble.o
 .bss.lineTransitionsStop
                0x20000a10      0x104 ./Sources/LineDetectionDouble.o
 .bss.lineCenterTemp
                0x20000b14        0x4 ./Sources/LineDetectionDouble.o
 .bss.lineCenterPrevious
                0x20000b18        0x1 ./Sources/LineDetectionDouble.o
 .bss.edgePreviousValid
                0x20000b19        0x1 ./Sources/LineDetectionDouble.o
 *fill*         0x20000b1a        0x2 00
 .bss.lineTransitions
                0x20000b1c      0x104 ./Sources/LineDetectionDouble.o
 .bss.imageDifferentialTwo.6010
                0x20000c20      0x100 ./Sources/LineDetectionDouble.o
 .bss.detectedTracks
                0x20000d20      0x204 ./Sources/LineDetectionDouble.o
 .bss.imageDifferential.6009
                0x20000f24      0x100 ./Sources/LineDetectionDouble.o
 .bss.Kernel    0x20001024       0x14 ./Sources/EdgeDetection.o
                0x20001024                Kernel
 .bss.blurredImage
                0x20001038      0x200 ./Sources/EdgeDetection.o
 .bss.derivativeImage
                0x20001238      0x100 ./Sources/EdgeDetection.o
 .bss.previousError
                0x20001338        0x4 ./Sources/AutoExposure.o
                0x20001338                previousError
 .bss.error     0x2000133c        0x4 ./Sources/AutoExposure.o
                0x2000133c                error
 .bss.errorSum  0x20001340        0x4 ./Sources/AutoExposure.o
                0x20001340                errorSum
 .bss.dError    0x20001344        0x4 ./Sources/AutoExposure.o
                0x20001344                dError
 .bss.xBias     0x20001348        0x4 ./Sources/Accelerometer.o
 .bss.yBias     0x2000134c        0x4 ./Sources/Accelerometer.o
 .bss.zBias     0x20001350        0x4 ./Sources/Accelerometer.o
 .bss.buf       0x20001354       0x10 ./Sources/Accelerometer.o
 .bss.__stdio_exit
                0x20001364        0x4 C:/Freescale/CW MCU v10.6/MCU/ARM_GCC_Support/ewl/lib/armv6-m\libc.a(exit.o)
                0x20001364                __stdio_exit
 .bss.__console_exit
                0x20001368        0x4 C:/Freescale/CW MCU v10.6/MCU/ARM_GCC_Support/ewl/lib/armv6-m\libc.a(exit.o)
                0x20001368                __console_exit
 .bss.__S_romp  0x2000136c        0xc C:/Freescale/CW MCU v10.6/MCU/ARM_GCC_Support/ewl/lib/armv6-m\librt.a(ROMCopy.o)
 .bss.__global_destructor_chain
                0x20001378        0x4 C:/Freescale/CW MCU v10.6/MCU/ARM_GCC_Support/ewl/lib/armv6-m\librt.a(__arm_eabi_init.o)
                0x20001378                __global_destructor_chain
 *(COMMON)
 COMMON         0x2000137c      0x898 ./Sources/TFC/TFC_UART.o
                0x2000137c                SDA_SERIAL_INCOMING_QUEUE
                0x20001388                SDA_SERIAL_OUTGOING_QUEUE
                0x20001394                SDA_SERIAL_INCOMING_QUEUE_Storage
                0x20001414                SDA_SERIAL_OUTGOING_QUEUE_Storage
 COMMON         0x20001c14       0x86 ./Sources/TFC/TFC_Terminal.o
                0x20001c14                CmdFound
                0x20001c15                NextCharIn
                0x20001c18                TerminalLineBuf
                0x20001c58                TerminalArgs
                0x20001c78                TerminalCmdBuf
                0x20001c99                TerminalPos
 COMMON         0x20001c9a        0x1 ./Sources/TFC/TFC_Servo.o
                0x20001c9a                ServoTickVar
 *fill*         0x20001c9b        0x1 00
 COMMON         0x20001c9c      0x414 ./Sources/TFC/TFC_LineScanCamera.o
                0x20001c9c                LineScanWorkingBuffer
                0x20001ca0                LineScanImage1
                0x20001ca4                LineScanImage0Buffer
                0x20001ea4                LineScanImage0WorkingBuffer
                0x20001ea8                LineScanImage1Buffer
                0x200020a8                LineScanImage0
                0x200020ac                LineScanImage1WorkingBuffer
 COMMON         0x200020b0       0x24 ./Sources/TFC/TFC_ARM_SysTick.o
                0x200020b0                TFC_Ticker
 COMMON         0x200020d4        0xa ./Sources/TFC/TFC_ADC.o
                0x200020d4                motorCurrent
                0x200020d8                PotADC_Value
                0x200020dc                BatSenseADC_Value
 *fill*         0x200020de        0x2 00
 COMMON         0x200020e0        0x4 C:/Freescale/CW MCU v10.6/MCU/ARM_GCC_Support/ewl/lib/armv6-m\libc.a(errno.o)
                0x200020e0                errno
                0x200020e4                . = ALIGN (0x4)
                0x200020e4                __END_BSS = .
                0x200020e4                PROVIDE (__bss_end__, __END_BSS)
                0x0000b378                _romp_at = (___ROM_AT + SIZEOF (.data))

.romp           0x200020e4       0x18 load address 0x0000b378
                0x0000b378                __S_romp = _romp_at
                0x200020e4        0x4 LONG 0xafc8 ___ROM_AT
                0x200020e8        0x4 LONG 0x1ffff000 _sdata
                0x200020ec        0x4 LONG 0x3b0 ___data_size
                0x200020f0        0x4 LONG 0x0
                0x200020f4        0x4 LONG 0x0
                0x200020f8        0x4 LONG 0x0

._user_heap_stack
                0x200020fc      0x800 load address 0x0000b390
                0x200020fc                . = ALIGN (0x4)
                0x200020fc                PROVIDE (end, .)
                0x200020fc                PROVIDE (_end, .)
                0x200020fc                __heap_addr = .
                0x200024fc                . = (. + __heap_size)
 *fill*         0x200020fc      0x400 00
                0x200028fc                . = (. + __stack_size)
 *fill*         0x200024fc      0x400 00
                0x200028fc                . = ALIGN (0x4)

.ARM.attributes
                0x00000000       0x31
 *(.ARM.attributes)
 .ARM.attributes
                0x00000000       0x31 ./Project_Settings/Startup_Code/kinetis_sysinit.o
 .ARM.attributes
                0x00000031       0x31 ./Project_Settings/Startup_Code/__arm_start.o
 .ARM.attributes
                0x00000062       0x31 ./Project_Settings/Startup_Code/__arm_end.o
 .ARM.attributes
                0x00000093       0x31 ./Sources/TFC/TFC_arm_cm0.o
 .ARM.attributes
                0x000000c4       0x31 ./Sources/TFC/TFC_UART.o
 .ARM.attributes
                0x000000f5       0x31 ./Sources/TFC/TFC_Terminal.o
 .ARM.attributes
                0x00000126       0x31 ./Sources/TFC/TFC_Servo.o
 .ARM.attributes
                0x00000157       0x31 ./Sources/TFC/TFC_Queue.o
 .ARM.attributes
                0x00000188       0x31 ./Sources/TFC/TFC_Motor.o
 .ARM.attributes
                0x000001b9       0x31 ./Sources/TFC/TFC_LineScanCamera.o
 .ARM.attributes
                0x000001ea       0x31 ./Sources/TFC/TFC_CrystalClock.o
 .ARM.attributes
                0x0000021b       0x31 ./Sources/TFC/TFC_BoardSupport.o
 .ARM.attributes
                0x0000024c       0x31 ./Sources/TFC/TFC_ARM_SysTick.o
 .ARM.attributes
                0x0000027d       0x31 ./Sources/TFC/TFC_ADC.o
 .ARM.attributes
                0x000002ae       0x31 ./Sources/main.o
 .ARM.attributes
                0x000002df       0x31 ./Sources/TargetSpeedControl.o
 .ARM.attributes
                0x00000310       0x31 ./Sources/SteeringControl.o
 .ARM.attributes
                0x00000341       0x31 ./Sources/SpeedSensor.o
 .ARM.attributes
                0x00000372       0x31 ./Sources/ServoMapping.o
 .ARM.attributes
                0x000003a3       0x31 ./Sources/Probability.o
 .ARM.attributes
                0x000003d4       0x31 ./Sources/LineDetectionDouble.o
 .ARM.attributes
                0x00000405       0x31 ./Sources/LCD.o
 .ARM.attributes
                0x00000436       0x31 ./Sources/I2C.o
 .ARM.attributes
                0x00000467       0x31 ./Sources/EdgeDetection.o
 .ARM.attributes
                0x00000498       0x31 ./Sources/AutoExposure.o
 .ARM.attributes
                0x000004c9       0x31 ./Sources/ActiveDifferential.o
 .ARM.attributes
                0x000004fa       0x31 ./Sources/Accelerometer.o
 .ARM.attributes
                0x0000052b       0x31 C:/Freescale/CW MCU v10.6/MCU/ARM_GCC_Support/ewl/lib/armv6-m\libc.a(sscanf.o)
 .ARM.attributes
                0x0000055c       0x31 C:/Freescale/CW MCU v10.6/MCU/ARM_GCC_Support/ewl/lib/armv6-m\libc.a(vsprintf.o)
 .ARM.attributes
                0x0000058d       0x31 C:/Freescale/CW MCU v10.6/MCU/ARM_GCC_Support/ewl/lib/armv6-m\libc.a(vsscanf.o)
 .ARM.attributes
                0x000005be       0x31 C:/Freescale/CW MCU v10.6/MCU/ARM_GCC_Support/ewl/lib/armv6-m\libc.a(exit.o)
 .ARM.attributes
                0x000005ef       0x31 C:/Freescale/CW MCU v10.6/MCU/ARM_GCC_Support/ewl/lib/armv6-m\libc.a(memset.o)
 .ARM.attributes
                0x00000620       0x31 C:/Freescale/CW MCU v10.6/MCU/ARM_GCC_Support/ewl/lib/armv6-m\libc.a(strcmp.o)
 .ARM.attributes
                0x00000651       0x31 C:/Freescale/CW MCU v10.6/MCU/ARM_GCC_Support/ewl/lib/armv6-m\libc.a(strcpy.o)
 .ARM.attributes
                0x00000682       0x31 C:/Freescale/CW MCU v10.6/MCU/ARM_GCC_Support/ewl/lib/armv6-m\libc.a(strlen.o)
 .ARM.attributes
                0x000006b3       0x31 C:/Freescale/CW MCU v10.6/MCU/ARM_GCC_Support/ewl/lib/armv6-m\libc.a(printformat_.o)
 .ARM.attributes
                0x000006e4       0x31 C:/Freescale/CW MCU v10.6/MCU/ARM_GCC_Support/ewl/lib/armv6-m\libc.a(scanformat_.o)
 .ARM.attributes
                0x00000715       0x31 C:/Freescale/CW MCU v10.6/MCU/ARM_GCC_Support/ewl/lib/armv6-m\libc.a(ctype_aeabi.o)
 .ARM.attributes
                0x00000746       0x31 C:/Freescale/CW MCU v10.6/MCU/ARM_GCC_Support/ewl/lib/armv6-m\libc.a(vsnprintf.o)
 .ARM.attributes
                0x00000777       0x31 C:/Freescale/CW MCU v10.6/MCU/ARM_GCC_Support/ewl/lib/armv6-m\libc.a(__strtoul.o)
 .ARM.attributes
                0x000007a8       0x31 C:/Freescale/CW MCU v10.6/MCU/ARM_GCC_Support/ewl/lib/armv6-m\libc.a(__filll_mem.o)
 .ARM.attributes
                0x000007d9       0x31 C:/Freescale/CW MCU v10.6/MCU/ARM_GCC_Support/ewl/lib/armv6-m\libc.a(memchr.o)
 .ARM.attributes
                0x0000080a       0x31 C:/Freescale/CW MCU v10.6/MCU/ARM_GCC_Support/ewl/lib/armv6-m\libc.a(memcpy.o)
 .ARM.attributes
                0x0000083b       0x31 C:/Freescale/CW MCU v10.6/MCU/ARM_GCC_Support/ewl/lib/armv6-m\libc.a(strchr.o)
 .ARM.attributes
                0x0000086c       0x31 C:/Freescale/CW MCU v10.6/MCU/ARM_GCC_Support/ewl/lib/armv6-m\libm.a(w_pow.o)
 .ARM.attributes
                0x0000089d       0x31 C:/Freescale/CW MCU v10.6/MCU/ARM_GCC_Support/ewl/lib/armv6-m\libm.a(e_pow.o)
 .ARM.attributes
                0x000008ce       0x31 C:/Freescale/CW MCU v10.6/MCU/ARM_GCC_Support/ewl/lib/armv6-m\libm.a(float.o)
 .ARM.attributes
                0x000008ff       0x31 C:/Freescale/CW MCU v10.6/MCU/ARM_GCC_Support/ewl/lib/armv6-m\libm.a(math_api.o)
 .ARM.attributes
                0x00000930       0x31 C:/Freescale/CW MCU v10.6/MCU/ARM_GCC_Support/ewl/lib/armv6-m\libm.a(scalbn.o)
 .ARM.attributes
                0x00000961       0x31 C:/Freescale/CW MCU v10.6/MCU/ARM_GCC_Support/ewl/lib/armv6-m\libm.a(w_sqrt.o)
 .ARM.attributes
                0x00000992       0x31 C:/Freescale/CW MCU v10.6/MCU/ARM_GCC_Support/ewl/lib/armv6-m\libm.a(e_sqrt.o)
 .ARM.attributes
                0x000009c3       0x31 C:/Freescale/CW MCU v10.6/MCU/ARM_GCC_Support/ewl/lib/armv6-m\libm.a(s_frexp.o)
 .ARM.attributes
                0x000009f4       0x31 C:/Freescale/CW MCU v10.6/MCU/ARM_GCC_Support/ewl/lib/armv6-m\libm.a(s_ldexp.o)
 .ARM.attributes
                0x00000a25       0x1e c:/freescale/cw mcu v10.6/cross_tools/arm-none-eabi-gcc-4_7_3/bin/../lib/gcc/arm-none-eabi/4.7.3/armv6-m\libgcc.a(_thumb1_case_sqi.o)
 .ARM.attributes
                0x00000a43       0x1e c:/freescale/cw mcu v10.6/cross_tools/arm-none-eabi-gcc-4_7_3/bin/../lib/gcc/arm-none-eabi/4.7.3/armv6-m\libgcc.a(_thumb1_case_uqi.o)
 .ARM.attributes
                0x00000a61       0x1e c:/freescale/cw mcu v10.6/cross_tools/arm-none-eabi-gcc-4_7_3/bin/../lib/gcc/arm-none-eabi/4.7.3/armv6-m\libgcc.a(_udivsi3.o)
 .ARM.attributes
                0x00000a7f       0x1e c:/freescale/cw mcu v10.6/cross_tools/arm-none-eabi-gcc-4_7_3/bin/../lib/gcc/arm-none-eabi/4.7.3/armv6-m\libgcc.a(_divsi3.o)
 .ARM.attributes
                0x00000a9d       0x1e c:/freescale/cw mcu v10.6/cross_tools/arm-none-eabi-gcc-4_7_3/bin/../lib/gcc/arm-none-eabi/4.7.3/armv6-m\libgcc.a(_dvmd_tls.o)
 .ARM.attributes
                0x00000abb       0x1e c:/freescale/cw mcu v10.6/cross_tools/arm-none-eabi-gcc-4_7_3/bin/../lib/gcc/arm-none-eabi/4.7.3/armv6-m\libgcc.a(_arm_cmpdf2.o)
 .ARM.attributes
                0x00000ad9       0x1e c:/freescale/cw mcu v10.6/cross_tools/arm-none-eabi-gcc-4_7_3/bin/../lib/gcc/arm-none-eabi/4.7.3/armv6-m\libgcc.a(_arm_cmpsf2.o)
 .ARM.attributes
                0x00000af7       0x2c c:/freescale/cw mcu v10.6/cross_tools/arm-none-eabi-gcc-4_7_3/bin/../lib/gcc/arm-none-eabi/4.7.3/armv6-m\libgcc.a(_fixunssfsi.o)
 .ARM.attributes
                0x00000b23       0x2c c:/freescale/cw mcu v10.6/cross_tools/arm-none-eabi-gcc-4_7_3/bin/../lib/gcc/arm-none-eabi/4.7.3/armv6-m\libgcc.a(_fixunsdfsi.o)
 .ARM.attributes
                0x00000b4f       0x2c c:/freescale/cw mcu v10.6/cross_tools/arm-none-eabi-gcc-4_7_3/bin/../lib/gcc/arm-none-eabi/4.7.3/armv6-m\libgcc.a(addsf3.o)
 .ARM.attributes
                0x00000b7b       0x2c c:/freescale/cw mcu v10.6/cross_tools/arm-none-eabi-gcc-4_7_3/bin/../lib/gcc/arm-none-eabi/4.7.3/armv6-m\libgcc.a(divsf3.o)
 .ARM.attributes
                0x00000ba7       0x2c c:/freescale/cw mcu v10.6/cross_tools/arm-none-eabi-gcc-4_7_3/bin/../lib/gcc/arm-none-eabi/4.7.3/armv6-m\libgcc.a(eqsf2.o)
 .ARM.attributes
                0x00000bd3       0x2c c:/freescale/cw mcu v10.6/cross_tools/arm-none-eabi-gcc-4_7_3/bin/../lib/gcc/arm-none-eabi/4.7.3/armv6-m\libgcc.a(gesf2.o)
 .ARM.attributes
                0x00000bff       0x2c c:/freescale/cw mcu v10.6/cross_tools/arm-none-eabi-gcc-4_7_3/bin/../lib/gcc/arm-none-eabi/4.7.3/armv6-m\libgcc.a(lesf2.o)
 .ARM.attributes
                0x00000c2b       0x2c c:/freescale/cw mcu v10.6/cross_tools/arm-none-eabi-gcc-4_7_3/bin/../lib/gcc/arm-none-eabi/4.7.3/armv6-m\libgcc.a(mulsf3.o)
 .ARM.attributes
                0x00000c57       0x2c c:/freescale/cw mcu v10.6/cross_tools/arm-none-eabi-gcc-4_7_3/bin/../lib/gcc/arm-none-eabi/4.7.3/armv6-m\libgcc.a(subsf3.o)
 .ARM.attributes
                0x00000c83       0x2c c:/freescale/cw mcu v10.6/cross_tools/arm-none-eabi-gcc-4_7_3/bin/../lib/gcc/arm-none-eabi/4.7.3/armv6-m\libgcc.a(fixsfsi.o)
 .ARM.attributes
                0x00000caf       0x2c c:/freescale/cw mcu v10.6/cross_tools/arm-none-eabi-gcc-4_7_3/bin/../lib/gcc/arm-none-eabi/4.7.3/armv6-m\libgcc.a(floatsisf.o)
 .ARM.attributes
                0x00000cdb       0x2c c:/freescale/cw mcu v10.6/cross_tools/arm-none-eabi-gcc-4_7_3/bin/../lib/gcc/arm-none-eabi/4.7.3/armv6-m\libgcc.a(floatunsisf.o)
 .ARM.attributes
                0x00000d07       0x2c c:/freescale/cw mcu v10.6/cross_tools/arm-none-eabi-gcc-4_7_3/bin/../lib/gcc/arm-none-eabi/4.7.3/armv6-m\libgcc.a(adddf3.o)
 .ARM.attributes
                0x00000d33       0x2c c:/freescale/cw mcu v10.6/cross_tools/arm-none-eabi-gcc-4_7_3/bin/../lib/gcc/arm-none-eabi/4.7.3/armv6-m\libgcc.a(divdf3.o)
 .ARM.attributes
                0x00000d5f       0x2c c:/freescale/cw mcu v10.6/cross_tools/arm-none-eabi-gcc-4_7_3/bin/../lib/gcc/arm-none-eabi/4.7.3/armv6-m\libgcc.a(eqdf2.o)
 .ARM.attributes
                0x00000d8b       0x2c c:/freescale/cw mcu v10.6/cross_tools/arm-none-eabi-gcc-4_7_3/bin/../lib/gcc/arm-none-eabi/4.7.3/armv6-m\libgcc.a(gedf2.o)
 .ARM.attributes
                0x00000db7       0x2c c:/freescale/cw mcu v10.6/cross_tools/arm-none-eabi-gcc-4_7_3/bin/../lib/gcc/arm-none-eabi/4.7.3/armv6-m\libgcc.a(ledf2.o)
 .ARM.attributes
                0x00000de3       0x2c c:/freescale/cw mcu v10.6/cross_tools/arm-none-eabi-gcc-4_7_3/bin/../lib/gcc/arm-none-eabi/4.7.3/armv6-m\libgcc.a(muldf3.o)
 .ARM.attributes
                0x00000e0f       0x2c c:/freescale/cw mcu v10.6/cross_tools/arm-none-eabi-gcc-4_7_3/bin/../lib/gcc/arm-none-eabi/4.7.3/armv6-m\libgcc.a(subdf3.o)
 .ARM.attributes
                0x00000e3b       0x2c c:/freescale/cw mcu v10.6/cross_tools/arm-none-eabi-gcc-4_7_3/bin/../lib/gcc/arm-none-eabi/4.7.3/armv6-m\libgcc.a(fixdfsi.o)
 .ARM.attributes
                0x00000e67       0x2c c:/freescale/cw mcu v10.6/cross_tools/arm-none-eabi-gcc-4_7_3/bin/../lib/gcc/arm-none-eabi/4.7.3/armv6-m\libgcc.a(floatsidf.o)
 .ARM.attributes
                0x00000e93       0x2c c:/freescale/cw mcu v10.6/cross_tools/arm-none-eabi-gcc-4_7_3/bin/../lib/gcc/arm-none-eabi/4.7.3/armv6-m\libgcc.a(floatunsidf.o)
 .ARM.attributes
                0x00000ebf       0x2c c:/freescale/cw mcu v10.6/cross_tools/arm-none-eabi-gcc-4_7_3/bin/../lib/gcc/arm-none-eabi/4.7.3/armv6-m\libgcc.a(extendsfdf2.o)
 .ARM.attributes
                0x00000eeb       0x2c c:/freescale/cw mcu v10.6/cross_tools/arm-none-eabi-gcc-4_7_3/bin/../lib/gcc/arm-none-eabi/4.7.3/armv6-m\libgcc.a(truncdfsf2.o)
 .ARM.attributes
                0x00000f17       0x1e c:/freescale/cw mcu v10.6/cross_tools/arm-none-eabi-gcc-4_7_3/bin/../lib/gcc/arm-none-eabi/4.7.3/armv6-m\libgcc.a(_clzsi2.o)
 .ARM.attributes
                0x00000f35       0x31 C:/Freescale/CW MCU v10.6/MCU/ARM_GCC_Support/ewl/lib/armv6-m\librt.a(gcc_ctor_dtor.o)
 .ARM.attributes
                0x00000f66       0x31 C:/Freescale/CW MCU v10.6/MCU/ARM_GCC_Support/ewl/lib/armv6-m\librt.a(ROMCopy.o)
 .ARM.attributes
                0x00000f97       0x31 C:/Freescale/CW MCU v10.6/MCU/ARM_GCC_Support/ewl/lib/armv6-m\librt.a(__arm_eabi_init.o)
 .ARM.attributes
                0x00000fc8       0x31 C:/Freescale/CW MCU v10.6/MCU/ARM_GCC_Support/ewl/lib/armv6-m\libc.a(errno.o)
OUTPUT(FRDM-TRC.elf elf32-littlearm)

.debug_info     0x00000000     0xd98b
 .debug_info    0x00000000      0x492 ./Project_Settings/Startup_Code/kinetis_sysinit.o
 .debug_info    0x00000492      0x148 ./Project_Settings/Startup_Code/__arm_start.o
 .debug_info    0x000005da       0x53 ./Project_Settings/Startup_Code/__arm_end.o
 .debug_info    0x0000062d      0x3c2 ./Sources/TFC/TFC_arm_cm0.o
 .debug_info    0x000009ef     0x11bd ./Sources/TFC/TFC_UART.o
 .debug_info    0x00001bac      0x4f4 ./Sources/TFC/TFC_Terminal.o
 .debug_info    0x000020a0      0x705 ./Sources/TFC/TFC_Servo.o
 .debug_info    0x000027a5      0x44a ./Sources/TFC/TFC_Queue.o
 .debug_info    0x00002bef      0x538 ./Sources/TFC/TFC_Motor.o
 .debug_info    0x00003127      0x5eb ./Sources/TFC/TFC_LineScanCamera.o
 .debug_info    0x00003712      0xe4f ./Sources/TFC/TFC_CrystalClock.o
 .debug_info    0x00004561      0x48d ./Sources/TFC/TFC_BoardSupport.o
 .debug_info    0x000049ee      0x1a9 ./Sources/TFC/TFC_ARM_SysTick.o
 .debug_info    0x00004b97      0xf14 ./Sources/TFC/TFC_ADC.o
 .debug_info    0x00005aab      0xd1e ./Sources/main.o
 .debug_info    0x000067c9      0x34b ./Sources/TargetSpeedControl.o
 .debug_info    0x00006b14      0x18f ./Sources/SteeringControl.o
 .debug_info    0x00006ca3      0x766 ./Sources/SpeedSensor.o
 .debug_info    0x00007409      0x193 ./Sources/ServoMapping.o
 .debug_info    0x0000759c      0x22d ./Sources/Probability.o
 .debug_info    0x000077c9      0xf7b ./Sources/LineDetectionDouble.o
 .debug_info    0x00008744      0xb21 ./Sources/LCD.o
 .debug_info    0x00009265      0x663 ./Sources/I2C.o
 .debug_info    0x000098c8      0x2c6 ./Sources/EdgeDetection.o
 .debug_info    0x00009b8e      0x1a7 ./Sources/AutoExposure.o
 .debug_info    0x00009d35       0xe8 ./Sources/ActiveDifferential.o
 .debug_info    0x00009e1d      0x2fd ./Sources/Accelerometer.o
 .debug_info    0x0000a11a      0x118 C:/Freescale/CW MCU v10.6/MCU/ARM_GCC_Support/ewl/lib/armv6-m\libc.a(sscanf.o)
 .debug_info    0x0000a232      0x12a C:/Freescale/CW MCU v10.6/MCU/ARM_GCC_Support/ewl/lib/armv6-m\libc.a(vsprintf.o)
 .debug_info    0x0000a35c      0x253 C:/Freescale/CW MCU v10.6/MCU/ARM_GCC_Support/ewl/lib/armv6-m\libc.a(vsscanf.o)
 .debug_info    0x0000a5af       0xe8 C:/Freescale/CW MCU v10.6/MCU/ARM_GCC_Support/ewl/lib/armv6-m\libc.a(exit.o)
 .debug_info    0x0000a697       0xec C:/Freescale/CW MCU v10.6/MCU/ARM_GCC_Support/ewl/lib/armv6-m\libc.a(memset.o)
 .debug_info    0x0000a783      0x114 C:/Freescale/CW MCU v10.6/MCU/ARM_GCC_Support/ewl/lib/armv6-m\libc.a(strcmp.o)
 .debug_info    0x0000a897      0x109 C:/Freescale/CW MCU v10.6/MCU/ARM_GCC_Support/ewl/lib/armv6-m\libc.a(strcpy.o)
 .debug_info    0x0000a9a0       0xea C:/Freescale/CW MCU v10.6/MCU/ARM_GCC_Support/ewl/lib/armv6-m\libc.a(strlen.o)
 .debug_info    0x0000aa8a      0x50d C:/Freescale/CW MCU v10.6/MCU/ARM_GCC_Support/ewl/lib/armv6-m\libc.a(printformat_.o)
 .debug_info    0x0000af97      0x568 C:/Freescale/CW MCU v10.6/MCU/ARM_GCC_Support/ewl/lib/armv6-m\libc.a(scanformat_.o)
 .debug_info    0x0000b4ff      0x313 C:/Freescale/CW MCU v10.6/MCU/ARM_GCC_Support/ewl/lib/armv6-m\libc.a(ctype_aeabi.o)
 .debug_info    0x0000b812      0x205 C:/Freescale/CW MCU v10.6/MCU/ARM_GCC_Support/ewl/lib/armv6-m\libc.a(vsnprintf.o)
 .debug_info    0x0000ba17      0x1d6 C:/Freescale/CW MCU v10.6/MCU/ARM_GCC_Support/ewl/lib/armv6-m\libc.a(__strtoul.o)
 .debug_info    0x0000bbed      0x137 C:/Freescale/CW MCU v10.6/MCU/ARM_GCC_Support/ewl/lib/armv6-m\libc.a(__filll_mem.o)
 .debug_info    0x0000bd24      0x121 C:/Freescale/CW MCU v10.6/MCU/ARM_GCC_Support/ewl/lib/armv6-m\libc.a(memchr.o)
 .debug_info    0x0000be45      0x10f C:/Freescale/CW MCU v10.6/MCU/ARM_GCC_Support/ewl/lib/armv6-m\libc.a(memcpy.o)
 .debug_info    0x0000bf54      0x10b C:/Freescale/CW MCU v10.6/MCU/ARM_GCC_Support/ewl/lib/armv6-m\libc.a(strchr.o)
 .debug_info    0x0000c05f       0xc0 C:/Freescale/CW MCU v10.6/MCU/ARM_GCC_Support/ewl/lib/armv6-m\libm.a(w_pow.o)
 .debug_info    0x0000c11f      0x5c7 C:/Freescale/CW MCU v10.6/MCU/ARM_GCC_Support/ewl/lib/armv6-m\libm.a(e_pow.o)
 .debug_info    0x0000c6e6      0x1e4 C:/Freescale/CW MCU v10.6/MCU/ARM_GCC_Support/ewl/lib/armv6-m\libm.a(float.o)
 .debug_info    0x0000c8ca      0x305 C:/Freescale/CW MCU v10.6/MCU/ARM_GCC_Support/ewl/lib/armv6-m\libm.a(math_api.o)
 .debug_info    0x0000cbcf       0xf9 C:/Freescale/CW MCU v10.6/MCU/ARM_GCC_Support/ewl/lib/armv6-m\libm.a(scalbn.o)
 .debug_info    0x0000ccc8       0xb3 C:/Freescale/CW MCU v10.6/MCU/ARM_GCC_Support/ewl/lib/armv6-m\libm.a(w_sqrt.o)
 .debug_info    0x0000cd7b      0x266 C:/Freescale/CW MCU v10.6/MCU/ARM_GCC_Support/ewl/lib/armv6-m\libm.a(e_sqrt.o)
 .debug_info    0x0000cfe1      0x1a1 C:/Freescale/CW MCU v10.6/MCU/ARM_GCC_Support/ewl/lib/armv6-m\libm.a(s_frexp.o)
 .debug_info    0x0000d182      0x1e2 C:/Freescale/CW MCU v10.6/MCU/ARM_GCC_Support/ewl/lib/armv6-m\libm.a(s_ldexp.o)
 .debug_info    0x0000d364      0x136 C:/Freescale/CW MCU v10.6/MCU/ARM_GCC_Support/ewl/lib/armv6-m\librt.a(gcc_ctor_dtor.o)
 .debug_info    0x0000d49a      0x19b C:/Freescale/CW MCU v10.6/MCU/ARM_GCC_Support/ewl/lib/armv6-m\librt.a(ROMCopy.o)
 .debug_info    0x0000d635      0x2b9 C:/Freescale/CW MCU v10.6/MCU/ARM_GCC_Support/ewl/lib/armv6-m\librt.a(__arm_eabi_init.o)
 .debug_info    0x0000d8ee       0x9d C:/Freescale/CW MCU v10.6/MCU/ARM_GCC_Support/ewl/lib/armv6-m\libc.a(errno.o)

.debug_abbrev   0x00000000     0x3c28
 .debug_abbrev  0x00000000      0x11c ./Project_Settings/Startup_Code/kinetis_sysinit.o
 .debug_abbrev  0x0000011c       0xc2 ./Project_Settings/Startup_Code/__arm_start.o
 .debug_abbrev  0x000001de       0x4c ./Project_Settings/Startup_Code/__arm_end.o
 .debug_abbrev  0x0000022a      0x124 ./Sources/TFC/TFC_arm_cm0.o
 .debug_abbrev  0x0000034e      0x2a1 ./Sources/TFC/TFC_UART.o
 .debug_abbrev  0x000005ef      0x1cb ./Sources/TFC/TFC_Terminal.o
 .debug_abbrev  0x000007ba      0x170 ./Sources/TFC/TFC_Servo.o
 .debug_abbrev  0x0000092a      0x19d ./Sources/TFC/TFC_Queue.o
 .debug_abbrev  0x00000ac7      0x157 ./Sources/TFC/TFC_Motor.o
 .debug_abbrev  0x00000c1e      0x122 ./Sources/TFC/TFC_LineScanCamera.o
 .debug_abbrev  0x00000d40      0x242 ./Sources/TFC/TFC_CrystalClock.o
 .debug_abbrev  0x00000f82      0x11d ./Sources/TFC/TFC_BoardSupport.o
 .debug_abbrev  0x0000109f      0x10e ./Sources/TFC/TFC_ARM_SysTick.o
 .debug_abbrev  0x000011ad      0x2a6 ./Sources/TFC/TFC_ADC.o
 .debug_abbrev  0x00001453      0x260 ./Sources/main.o
 .debug_abbrev  0x000016b3       0xd0 ./Sources/TargetSpeedControl.o
 .debug_abbrev  0x00001783       0xcd ./Sources/SteeringControl.o
 .debug_abbrev  0x00001850      0x14a ./Sources/SpeedSensor.o
 .debug_abbrev  0x0000199a       0xf1 ./Sources/ServoMapping.o
 .debug_abbrev  0x00001a8b      0x119 ./Sources/Probability.o
 .debug_abbrev  0x00001ba4      0x255 ./Sources/LineDetectionDouble.o
 .debug_abbrev  0x00001df9      0x1fa ./Sources/LCD.o
 .debug_abbrev  0x00001ff3      0x1b5 ./Sources/I2C.o
 .debug_abbrev  0x000021a8       0xc8 ./Sources/EdgeDetection.o
 .debug_abbrev  0x00002270       0xa3 ./Sources/AutoExposure.o
 .debug_abbrev  0x00002313       0x77 ./Sources/ActiveDifferential.o
 .debug_abbrev  0x0000238a      0x11a ./Sources/Accelerometer.o
 .debug_abbrev  0x000024a4       0xb1 C:/Freescale/CW MCU v10.6/MCU/ARM_GCC_Support/ewl/lib/armv6-m\libc.a(sscanf.o)
 .debug_abbrev  0x00002555       0x9d C:/Freescale/CW MCU v10.6/MCU/ARM_GCC_Support/ewl/lib/armv6-m\libc.a(vsprintf.o)
 .debug_abbrev  0x000025f2      0x15f C:/Freescale/CW MCU v10.6/MCU/ARM_GCC_Support/ewl/lib/armv6-m\libc.a(vsscanf.o)
 .debug_abbrev  0x00002751       0x7a C:/Freescale/CW MCU v10.6/MCU/ARM_GCC_Support/ewl/lib/armv6-m\libc.a(exit.o)
 .debug_abbrev  0x000027cb       0x62 C:/Freescale/CW MCU v10.6/MCU/ARM_GCC_Support/ewl/lib/armv6-m\libc.a(memset.o)
 .debug_abbrev  0x0000282d       0x89 C:/Freescale/CW MCU v10.6/MCU/ARM_GCC_Support/ewl/lib/armv6-m\libc.a(strcmp.o)
 .debug_abbrev  0x000028b6       0x78 C:/Freescale/CW MCU v10.6/MCU/ARM_GCC_Support/ewl/lib/armv6-m\libc.a(strcpy.o)
 .debug_abbrev  0x0000292e       0x7a C:/Freescale/CW MCU v10.6/MCU/ARM_GCC_Support/ewl/lib/armv6-m\libc.a(strlen.o)
 .debug_abbrev  0x000029a8      0x200 C:/Freescale/CW MCU v10.6/MCU/ARM_GCC_Support/ewl/lib/armv6-m\libc.a(printformat_.o)
 .debug_abbrev  0x00002ba8      0x1f0 C:/Freescale/CW MCU v10.6/MCU/ARM_GCC_Support/ewl/lib/armv6-m\libc.a(scanformat_.o)
 .debug_abbrev  0x00002d98       0x9e C:/Freescale/CW MCU v10.6/MCU/ARM_GCC_Support/ewl/lib/armv6-m\libc.a(ctype_aeabi.o)
 .debug_abbrev  0x00002e36       0xf0 C:/Freescale/CW MCU v10.6/MCU/ARM_GCC_Support/ewl/lib/armv6-m\libc.a(vsnprintf.o)
 .debug_abbrev  0x00002f26       0xc2 C:/Freescale/CW MCU v10.6/MCU/ARM_GCC_Support/ewl/lib/armv6-m\libc.a(__strtoul.o)
 .debug_abbrev  0x00002fe8       0x78 C:/Freescale/CW MCU v10.6/MCU/ARM_GCC_Support/ewl/lib/armv6-m\libc.a(__filll_mem.o)
 .debug_abbrev  0x00003060       0x95 C:/Freescale/CW MCU v10.6/MCU/ARM_GCC_Support/ewl/lib/armv6-m\libc.a(memchr.o)
 .debug_abbrev  0x000030f5       0x95 C:/Freescale/CW MCU v10.6/MCU/ARM_GCC_Support/ewl/lib/armv6-m\libc.a(memcpy.o)
 .debug_abbrev  0x0000318a       0x7a C:/Freescale/CW MCU v10.6/MCU/ARM_GCC_Support/ewl/lib/armv6-m\libc.a(strchr.o)
 .debug_abbrev  0x00003204       0x59 C:/Freescale/CW MCU v10.6/MCU/ARM_GCC_Support/ewl/lib/armv6-m\libm.a(w_pow.o)
 .debug_abbrev  0x0000325d      0x157 C:/Freescale/CW MCU v10.6/MCU/ARM_GCC_Support/ewl/lib/armv6-m\libm.a(e_pow.o)
 .debug_abbrev  0x000033b4       0x56 C:/Freescale/CW MCU v10.6/MCU/ARM_GCC_Support/ewl/lib/armv6-m\libm.a(float.o)
 .debug_abbrev  0x0000340a       0xe8 C:/Freescale/CW MCU v10.6/MCU/ARM_GCC_Support/ewl/lib/armv6-m\libm.a(math_api.o)
 .debug_abbrev  0x000034f2       0x86 C:/Freescale/CW MCU v10.6/MCU/ARM_GCC_Support/ewl/lib/armv6-m\libm.a(scalbn.o)
 .debug_abbrev  0x00003578       0x59 C:/Freescale/CW MCU v10.6/MCU/ARM_GCC_Support/ewl/lib/armv6-m\libm.a(w_sqrt.o)
 .debug_abbrev  0x000035d1      0x10b C:/Freescale/CW MCU v10.6/MCU/ARM_GCC_Support/ewl/lib/armv6-m\libm.a(e_sqrt.o)
 .debug_abbrev  0x000036dc       0xce C:/Freescale/CW MCU v10.6/MCU/ARM_GCC_Support/ewl/lib/armv6-m\libm.a(s_frexp.o)
 .debug_abbrev  0x000037aa       0xce C:/Freescale/CW MCU v10.6/MCU/ARM_GCC_Support/ewl/lib/armv6-m\libm.a(s_ldexp.o)
 .debug_abbrev  0x00003878       0x99 C:/Freescale/CW MCU v10.6/MCU/ARM_GCC_Support/ewl/lib/armv6-m\librt.a(gcc_ctor_dtor.o)
 .debug_abbrev  0x00003911      0x120 C:/Freescale/CW MCU v10.6/MCU/ARM_GCC_Support/ewl/lib/armv6-m\librt.a(ROMCopy.o)
 .debug_abbrev  0x00003a31      0x1b3 C:/Freescale/CW MCU v10.6/MCU/ARM_GCC_Support/ewl/lib/armv6-m\librt.a(__arm_eabi_init.o)
 .debug_abbrev  0x00003be4       0x44 C:/Freescale/CW MCU v10.6/MCU/ARM_GCC_Support/ewl/lib/armv6-m\libc.a(errno.o)

.debug_loc      0x00000000     0x7ab6
 .debug_loc     0x00000000       0x33 ./Project_Settings/Startup_Code/kinetis_sysinit.o
 .debug_loc     0x00000033       0x20 ./Project_Settings/Startup_Code/__arm_end.o
 .debug_loc     0x00000053       0xac ./Sources/TFC/TFC_arm_cm0.o
 .debug_loc     0x000000ff      0x41a ./Sources/TFC/TFC_UART.o
 .debug_loc     0x00000519      0x21e ./Sources/TFC/TFC_Terminal.o
 .debug_loc     0x00000737      0x14a ./Sources/TFC/TFC_Servo.o
 .debug_loc     0x00000881      0x3ba ./Sources/TFC/TFC_Queue.o
 .debug_loc     0x00000c3b       0xc6 ./Sources/TFC/TFC_Motor.o
 .debug_loc     0x00000d01       0x73 ./Sources/TFC/TFC_LineScanCamera.o
 .debug_loc     0x00000d74     0x11d4 ./Sources/TFC/TFC_CrystalClock.o
 .debug_loc     0x00001f48       0xe6 ./Sources/TFC/TFC_BoardSupport.o
 .debug_loc     0x0000202e       0x40 ./Sources/TFC/TFC_ARM_SysTick.o
 .debug_loc     0x0000206e      0x2b8 ./Sources/TFC/TFC_ADC.o
 .debug_loc     0x00002326      0x3c3 ./Sources/main.o
 .debug_loc     0x000026e9      0x119 ./Sources/TargetSpeedControl.o
 .debug_loc     0x00002802       0xe3 ./Sources/SteeringControl.o
 .debug_loc     0x000028e5       0xbd ./Sources/SpeedSensor.o
 .debug_loc     0x000029a2       0xe4 ./Sources/ServoMapping.o
 .debug_loc     0x00002a86      0x1ab ./Sources/Probability.o
 .debug_loc     0x00002c31      0x6bf ./Sources/LineDetectionDouble.o
 .debug_loc     0x000032f0      0x558 ./Sources/LCD.o
 .debug_loc     0x00003848      0x294 ./Sources/I2C.o
 .debug_loc     0x00003adc      0x124 ./Sources/EdgeDetection.o
 .debug_loc     0x00003c00       0x8c ./Sources/AutoExposure.o
 .debug_loc     0x00003c8c       0xa6 ./Sources/ActiveDifferential.o
 .debug_loc     0x00003d32      0x186 ./Sources/Accelerometer.o
 .debug_loc     0x00003eb8       0x3f C:/Freescale/CW MCU v10.6/MCU/ARM_GCC_Support/ewl/lib/armv6-m\libc.a(sscanf.o)
 .debug_loc     0x00003ef7       0x64 C:/Freescale/CW MCU v10.6/MCU/ARM_GCC_Support/ewl/lib/armv6-m\libc.a(vsprintf.o)
 .debug_loc     0x00003f5b      0x16c C:/Freescale/CW MCU v10.6/MCU/ARM_GCC_Support/ewl/lib/armv6-m\libc.a(vsscanf.o)
 .debug_loc     0x000040c7       0x3e C:/Freescale/CW MCU v10.6/MCU/ARM_GCC_Support/ewl/lib/armv6-m\libc.a(exit.o)
 .debug_loc     0x00004105       0x6f C:/Freescale/CW MCU v10.6/MCU/ARM_GCC_Support/ewl/lib/armv6-m\libc.a(memset.o)
 .debug_loc     0x00004174       0x64 C:/Freescale/CW MCU v10.6/MCU/ARM_GCC_Support/ewl/lib/armv6-m\libc.a(strcmp.o)
 .debug_loc     0x000041d8       0x20 C:/Freescale/CW MCU v10.6/MCU/ARM_GCC_Support/ewl/lib/armv6-m\libc.a(strcpy.o)
 .debug_loc     0x000041f8       0x33 C:/Freescale/CW MCU v10.6/MCU/ARM_GCC_Support/ewl/lib/armv6-m\libc.a(strlen.o)
 .debug_loc     0x0000422b     0x104b C:/Freescale/CW MCU v10.6/MCU/ARM_GCC_Support/ewl/lib/armv6-m\libc.a(printformat_.o)
 .debug_loc     0x00005276      0x9d8 C:/Freescale/CW MCU v10.6/MCU/ARM_GCC_Support/ewl/lib/armv6-m\libc.a(scanformat_.o)
 .debug_loc     0x00005c4e      0x30d C:/Freescale/CW MCU v10.6/MCU/ARM_GCC_Support/ewl/lib/armv6-m\libc.a(ctype_aeabi.o)
 .debug_loc     0x00005f5b      0x105 C:/Freescale/CW MCU v10.6/MCU/ARM_GCC_Support/ewl/lib/armv6-m\libc.a(vsnprintf.o)
 .debug_loc     0x00006060      0x305 C:/Freescale/CW MCU v10.6/MCU/ARM_GCC_Support/ewl/lib/armv6-m\libc.a(__strtoul.o)
 .debug_loc     0x00006365      0x14a C:/Freescale/CW MCU v10.6/MCU/ARM_GCC_Support/ewl/lib/armv6-m\libc.a(__filll_mem.o)
 .debug_loc     0x000064af       0x77 C:/Freescale/CW MCU v10.6/MCU/ARM_GCC_Support/ewl/lib/armv6-m\libc.a(memchr.o)
 .debug_loc     0x00006526       0x59 C:/Freescale/CW MCU v10.6/MCU/ARM_GCC_Support/ewl/lib/armv6-m\libc.a(memcpy.o)
 .debug_loc     0x0000657f       0xaf C:/Freescale/CW MCU v10.6/MCU/ARM_GCC_Support/ewl/lib/armv6-m\libc.a(strchr.o)
 .debug_loc     0x0000662e       0x50 C:/Freescale/CW MCU v10.6/MCU/ARM_GCC_Support/ewl/lib/armv6-m\libm.a(w_pow.o)
 .debug_loc     0x0000667e      0x962 C:/Freescale/CW MCU v10.6/MCU/ARM_GCC_Support/ewl/lib/armv6-m\libm.a(e_pow.o)
 .debug_loc     0x00006fe0      0x2d7 C:/Freescale/CW MCU v10.6/MCU/ARM_GCC_Support/ewl/lib/armv6-m\libm.a(math_api.o)
 .debug_loc     0x000072b7       0x6e C:/Freescale/CW MCU v10.6/MCU/ARM_GCC_Support/ewl/lib/armv6-m\libm.a(scalbn.o)
 .debug_loc     0x00007325       0x38 C:/Freescale/CW MCU v10.6/MCU/ARM_GCC_Support/ewl/lib/armv6-m\libm.a(w_sqrt.o)
 .debug_loc     0x0000735d      0x220 C:/Freescale/CW MCU v10.6/MCU/ARM_GCC_Support/ewl/lib/armv6-m\libm.a(e_sqrt.o)
 .debug_loc     0x0000757d       0xc1 C:/Freescale/CW MCU v10.6/MCU/ARM_GCC_Support/ewl/lib/armv6-m\libm.a(s_frexp.o)
 .debug_loc     0x0000763e      0x16b C:/Freescale/CW MCU v10.6/MCU/ARM_GCC_Support/ewl/lib/armv6-m\libm.a(s_ldexp.o)
 .debug_loc     0x000077a9       0x9d C:/Freescale/CW MCU v10.6/MCU/ARM_GCC_Support/ewl/lib/armv6-m\librt.a(gcc_ctor_dtor.o)
 .debug_loc     0x00007846       0xd9 C:/Freescale/CW MCU v10.6/MCU/ARM_GCC_Support/ewl/lib/armv6-m\librt.a(ROMCopy.o)
 .debug_loc     0x0000791f      0x197 C:/Freescale/CW MCU v10.6/MCU/ARM_GCC_Support/ewl/lib/armv6-m\librt.a(__arm_eabi_init.o)

.debug_aranges  0x00000000      0xc58
 .debug_aranges
                0x00000000       0x30 ./Project_Settings/Startup_Code/kinetis_sysinit.o
 .debug_aranges
                0x00000030       0x28 ./Project_Settings/Startup_Code/__arm_start.o
 .debug_aranges
                0x00000058       0x20 ./Project_Settings/Startup_Code/__arm_end.o
 .debug_aranges
                0x00000078       0x48 ./Sources/TFC/TFC_arm_cm0.o
 .debug_aranges
                0x000000c0       0x68 ./Sources/TFC/TFC_UART.o
 .debug_aranges
                0x00000128       0x68 ./Sources/TFC/TFC_Terminal.o
 .debug_aranges
                0x00000190       0x38 ./Sources/TFC/TFC_Servo.o
 .debug_aranges
                0x000001c8       0x50 ./Sources/TFC/TFC_Queue.o
 .debug_aranges
                0x00000218       0x30 ./Sources/TFC/TFC_Motor.o
 .debug_aranges
                0x00000248       0x30 ./Sources/TFC/TFC_LineScanCamera.o
 .debug_aranges
                0x00000278      0x100 ./Sources/TFC/TFC_CrystalClock.o
 .debug_aranges
                0x00000378       0x40 ./Sources/TFC/TFC_BoardSupport.o
 .debug_aranges
                0x000003b8       0x30 ./Sources/TFC/TFC_ARM_SysTick.o
 .debug_aranges
                0x000003e8       0x68 ./Sources/TFC/TFC_ADC.o
 .debug_aranges
                0x00000450       0x78 ./Sources/main.o
 .debug_aranges
                0x000004c8       0x20 ./Sources/TargetSpeedControl.o
 .debug_aranges
                0x000004e8       0x20 ./Sources/SteeringControl.o
 .debug_aranges
                0x00000508       0x38 ./Sources/SpeedSensor.o
 .debug_aranges
                0x00000540       0x28 ./Sources/ServoMapping.o
 .debug_aranges
                0x00000568       0x28 ./Sources/Probability.o
 .debug_aranges
                0x00000590       0x70 ./Sources/LineDetectionDouble.o
 .debug_aranges
                0x00000600       0x68 ./Sources/LCD.o
 .debug_aranges
                0x00000668       0x48 ./Sources/I2C.o
 .debug_aranges
                0x000006b0       0x40 ./Sources/EdgeDetection.o
 .debug_aranges
                0x000006f0       0x28 ./Sources/AutoExposure.o
 .debug_aranges
                0x00000718       0x20 ./Sources/ActiveDifferential.o
 .debug_aranges
                0x00000738       0x60 ./Sources/Accelerometer.o
 .debug_aranges
                0x00000798       0x20 C:/Freescale/CW MCU v10.6/MCU/ARM_GCC_Support/ewl/lib/armv6-m\libc.a(sscanf.o)
 .debug_aranges
                0x000007b8       0x20 C:/Freescale/CW MCU v10.6/MCU/ARM_GCC_Support/ewl/lib/armv6-m\libc.a(vsprintf.o)
 .debug_aranges
                0x000007d8       0x28 C:/Freescale/CW MCU v10.6/MCU/ARM_GCC_Support/ewl/lib/armv6-m\libc.a(vsscanf.o)
 .debug_aranges
                0x00000800       0x20 C:/Freescale/CW MCU v10.6/MCU/ARM_GCC_Support/ewl/lib/armv6-m\libc.a(exit.o)
 .debug_aranges
                0x00000820       0x20 C:/Freescale/CW MCU v10.6/MCU/ARM_GCC_Support/ewl/lib/armv6-m\libc.a(memset.o)
 .debug_aranges
                0x00000840       0x20 C:/Freescale/CW MCU v10.6/MCU/ARM_GCC_Support/ewl/lib/armv6-m\libc.a(strcmp.o)
 .debug_aranges
                0x00000860       0x20 C:/Freescale/CW MCU v10.6/MCU/ARM_GCC_Support/ewl/lib/armv6-m\libc.a(strcpy.o)
 .debug_aranges
                0x00000880       0x20 C:/Freescale/CW MCU v10.6/MCU/ARM_GCC_Support/ewl/lib/armv6-m\libc.a(strlen.o)
 .debug_aranges
                0x000008a0       0x28 C:/Freescale/CW MCU v10.6/MCU/ARM_GCC_Support/ewl/lib/armv6-m\libc.a(printformat_.o)
 .debug_aranges
                0x000008c8       0x20 C:/Freescale/CW MCU v10.6/MCU/ARM_GCC_Support/ewl/lib/armv6-m\libc.a(scanformat_.o)
 .debug_aranges
                0x000008e8       0x88 C:/Freescale/CW MCU v10.6/MCU/ARM_GCC_Support/ewl/lib/armv6-m\libc.a(ctype_aeabi.o)
 .debug_aranges
                0x00000970       0x28 C:/Freescale/CW MCU v10.6/MCU/ARM_GCC_Support/ewl/lib/armv6-m\libc.a(vsnprintf.o)
 .debug_aranges
                0x00000998       0x20 C:/Freescale/CW MCU v10.6/MCU/ARM_GCC_Support/ewl/lib/armv6-m\libc.a(__strtoul.o)
 .debug_aranges
                0x000009b8       0x20 C:/Freescale/CW MCU v10.6/MCU/ARM_GCC_Support/ewl/lib/armv6-m\libc.a(__filll_mem.o)
 .debug_aranges
                0x000009d8       0x20 C:/Freescale/CW MCU v10.6/MCU/ARM_GCC_Support/ewl/lib/armv6-m\libc.a(memchr.o)
 .debug_aranges
                0x000009f8       0x20 C:/Freescale/CW MCU v10.6/MCU/ARM_GCC_Support/ewl/lib/armv6-m\libc.a(memcpy.o)
 .debug_aranges
                0x00000a18       0x20 C:/Freescale/CW MCU v10.6/MCU/ARM_GCC_Support/ewl/lib/armv6-m\libc.a(strchr.o)
 .debug_aranges
                0x00000a38       0x20 C:/Freescale/CW MCU v10.6/MCU/ARM_GCC_Support/ewl/lib/armv6-m\libm.a(w_pow.o)
 .debug_aranges
                0x00000a58       0x20 C:/Freescale/CW MCU v10.6/MCU/ARM_GCC_Support/ewl/lib/armv6-m\libm.a(e_pow.o)
 .debug_aranges
                0x00000a78       0x18 C:/Freescale/CW MCU v10.6/MCU/ARM_GCC_Support/ewl/lib/armv6-m\libm.a(float.o)
 .debug_aranges
                0x00000a90       0x60 C:/Freescale/CW MCU v10.6/MCU/ARM_GCC_Support/ewl/lib/armv6-m\libm.a(math_api.o)
 .debug_aranges
                0x00000af0       0x20 C:/Freescale/CW MCU v10.6/MCU/ARM_GCC_Support/ewl/lib/armv6-m\libm.a(scalbn.o)
 .debug_aranges
                0x00000b10       0x20 C:/Freescale/CW MCU v10.6/MCU/ARM_GCC_Support/ewl/lib/armv6-m\libm.a(w_sqrt.o)
 .debug_aranges
                0x00000b30       0x20 C:/Freescale/CW MCU v10.6/MCU/ARM_GCC_Support/ewl/lib/armv6-m\libm.a(e_sqrt.o)
 .debug_aranges
                0x00000b50       0x20 C:/Freescale/CW MCU v10.6/MCU/ARM_GCC_Support/ewl/lib/armv6-m\libm.a(s_frexp.o)
 .debug_aranges
                0x00000b70       0x20 C:/Freescale/CW MCU v10.6/MCU/ARM_GCC_Support/ewl/lib/armv6-m\libm.a(s_ldexp.o)
 .debug_aranges
                0x00000b90       0x28 C:/Freescale/CW MCU v10.6/MCU/ARM_GCC_Support/ewl/lib/armv6-m\librt.a(gcc_ctor_dtor.o)
 .debug_aranges
                0x00000bb8       0x30 C:/Freescale/CW MCU v10.6/MCU/ARM_GCC_Support/ewl/lib/armv6-m\librt.a(ROMCopy.o)
 .debug_aranges
                0x00000be8       0x58 C:/Freescale/CW MCU v10.6/MCU/ARM_GCC_Support/ewl/lib/armv6-m\librt.a(__arm_eabi_init.o)
 .debug_aranges
                0x00000c40       0x18 C:/Freescale/CW MCU v10.6/MCU/ARM_GCC_Support/ewl/lib/armv6-m\libc.a(errno.o)

.debug_macinfo  0x00000000   0x3c80aa
 .debug_macinfo
                0x00000000    0x2651f ./Project_Settings/Startup_Code/kinetis_sysinit.o
 .debug_macinfo
                0x0002651f     0x3e9c ./Project_Settings/Startup_Code/__arm_start.o
 .debug_macinfo
                0x0002a3bb     0x3485 ./Project_Settings/Startup_Code/__arm_end.o
 .debug_macinfo
                0x0002d840    0x26596 ./Sources/TFC/TFC_arm_cm0.o
 .debug_macinfo
                0x00053dd6    0x29869 ./Sources/TFC/TFC_UART.o
 .debug_macinfo
                0x0007d63f    0x298fd ./Sources/TFC/TFC_Terminal.o
 .debug_macinfo
                0x000a6f3c    0x29932 ./Sources/TFC/TFC_Servo.o
 .debug_macinfo
                0x000d086e    0x29869 ./Sources/TFC/TFC_Queue.o
 .debug_macinfo
                0x000fa0d7    0x29916 ./Sources/TFC/TFC_Motor.o
 .debug_macinfo
                0x001239ed    0x29869 ./Sources/TFC/TFC_LineScanCamera.o
 .debug_macinfo
                0x0014d256    0x29960 ./Sources/TFC/TFC_CrystalClock.o
 .debug_macinfo
                0x00176bb6    0x29869 ./Sources/TFC/TFC_BoardSupport.o
 .debug_macinfo
                0x001a041f    0x29869 ./Sources/TFC/TFC_ARM_SysTick.o
 .debug_macinfo
                0x001c9c88    0x2a1ad ./Sources/TFC/TFC_ADC.o
 .debug_macinfo
                0x001f3e35    0x29fff ./Sources/main.o
 .debug_macinfo
                0x0021de34     0x43ca ./Sources/TargetSpeedControl.o
 .debug_macinfo
                0x002221fe    0x29882 ./Sources/SteeringControl.o
 .debug_macinfo
                0x0024ba80    0x2992c ./Sources/SpeedSensor.o
 .debug_macinfo
                0x002753ac    0x2990e ./Sources/ServoMapping.o
 .debug_macinfo
                0x0029ecba    0x298bf ./Sources/Probability.o
 .debug_macinfo
                0x002c8579    0x29b1c ./Sources/LineDetectionDouble.o
 .debug_macinfo
                0x002f2095    0x2a003 ./Sources/LCD.o
 .debug_macinfo
                0x0031c098    0x29a56 ./Sources/I2C.o
 .debug_macinfo
                0x00345aee     0x5895 ./Sources/EdgeDetection.o
 .debug_macinfo
                0x0034b383    0x29869 ./Sources/AutoExposure.o
 .debug_macinfo
                0x00374bec    0x298bd ./Sources/ActiveDifferential.o
 .debug_macinfo
                0x0039e4a9    0x29c01 ./Sources/Accelerometer.o

.debug_line     0x00000000     0xbb7b
 .debug_line    0x00000000      0x244 ./Project_Settings/Startup_Code/kinetis_sysinit.o
 .debug_line    0x00000244      0x29b ./Project_Settings/Startup_Code/__arm_start.o
 .debug_line    0x000004df      0x265 ./Project_Settings/Startup_Code/__arm_end.o
 .debug_line    0x00000744      0x2b2 ./Sources/TFC/TFC_arm_cm0.o
 .debug_line    0x000009f6      0x74f ./Sources/TFC/TFC_UART.o
 .debug_line    0x00001145      0x6c0 ./Sources/TFC/TFC_Terminal.o
 .debug_line    0x00001805      0x5a8 ./Sources/TFC/TFC_Servo.o
 .debug_line    0x00001dad      0x6d1 ./Sources/TFC/TFC_Queue.o
 .debug_line    0x0000247e      0x5c4 ./Sources/TFC/TFC_Motor.o
 .debug_line    0x00002a42      0x580 ./Sources/TFC/TFC_LineScanCamera.o
 .debug_line    0x00002fc2      0xc54 ./Sources/TFC/TFC_CrystalClock.o
 .debug_line    0x00003c16      0x5c1 ./Sources/TFC/TFC_BoardSupport.o
 .debug_line    0x000041d7      0x579 ./Sources/TFC/TFC_ARM_SysTick.o
 .debug_line    0x00004750      0x764 ./Sources/TFC/TFC_ADC.o
 .debug_line    0x00004eb4      0x98c ./Sources/main.o
 .debug_line    0x00005840      0x2c7 ./Sources/TargetSpeedControl.o
 .debug_line    0x00005b07      0x555 ./Sources/SteeringControl.o
 .debug_line    0x0000605c      0x5e8 ./Sources/SpeedSensor.o
 .debug_line    0x00006644      0x588 ./Sources/ServoMapping.o
 .debug_line    0x00006bcc      0x5b3 ./Sources/Probability.o
 .debug_line    0x0000717f      0xc2d ./Sources/LineDetectionDouble.o
 .debug_line    0x00007dac      0x8c7 ./Sources/LCD.o
 .debug_line    0x00008673      0x661 ./Sources/I2C.o
 .debug_line    0x00008cd4      0x2b2 ./Sources/EdgeDetection.o
 .debug_line    0x00008f86      0x567 ./Sources/AutoExposure.o
 .debug_line    0x000094ed      0x56e ./Sources/ActiveDifferential.o
 .debug_line    0x00009a5b      0x66b ./Sources/Accelerometer.o
 .debug_line    0x0000a0c6       0x92 C:/Freescale/CW MCU v10.6/MCU/ARM_GCC_Support/ewl/lib/armv6-m\libc.a(sscanf.o)
 .debug_line    0x0000a158       0x94 C:/Freescale/CW MCU v10.6/MCU/ARM_GCC_Support/ewl/lib/armv6-m\libc.a(vsprintf.o)
 .debug_line    0x0000a1ec       0xc8 C:/Freescale/CW MCU v10.6/MCU/ARM_GCC_Support/ewl/lib/armv6-m\libc.a(vsscanf.o)
 .debug_line    0x0000a2b4       0x8d C:/Freescale/CW MCU v10.6/MCU/ARM_GCC_Support/ewl/lib/armv6-m\libc.a(exit.o)
 .debug_line    0x0000a341       0x90 C:/Freescale/CW MCU v10.6/MCU/ARM_GCC_Support/ewl/lib/armv6-m\libc.a(memset.o)
 .debug_line    0x0000a3d1       0x83 C:/Freescale/CW MCU v10.6/MCU/ARM_GCC_Support/ewl/lib/armv6-m\libc.a(strcmp.o)
 .debug_line    0x0000a454       0x7d C:/Freescale/CW MCU v10.6/MCU/ARM_GCC_Support/ewl/lib/armv6-m\libc.a(strcpy.o)
 .debug_line    0x0000a4d1       0x85 C:/Freescale/CW MCU v10.6/MCU/ARM_GCC_Support/ewl/lib/armv6-m\libc.a(strlen.o)
 .debug_line    0x0000a556      0x2c3 C:/Freescale/CW MCU v10.6/MCU/ARM_GCC_Support/ewl/lib/armv6-m\libc.a(printformat_.o)
 .debug_line    0x0000a819      0x2be C:/Freescale/CW MCU v10.6/MCU/ARM_GCC_Support/ewl/lib/armv6-m\libc.a(scanformat_.o)
 .debug_line    0x0000aad7      0x1be C:/Freescale/CW MCU v10.6/MCU/ARM_GCC_Support/ewl/lib/armv6-m\libc.a(ctype_aeabi.o)
 .debug_line    0x0000ac95       0xd4 C:/Freescale/CW MCU v10.6/MCU/ARM_GCC_Support/ewl/lib/armv6-m\libc.a(vsnprintf.o)
 .debug_line    0x0000ad69      0x11e C:/Freescale/CW MCU v10.6/MCU/ARM_GCC_Support/ewl/lib/armv6-m\libc.a(__strtoul.o)
 .debug_line    0x0000ae87       0xf6 C:/Freescale/CW MCU v10.6/MCU/ARM_GCC_Support/ewl/lib/armv6-m\libc.a(__filll_mem.o)
 .debug_line    0x0000af7d       0x9f C:/Freescale/CW MCU v10.6/MCU/ARM_GCC_Support/ewl/lib/armv6-m\libc.a(memchr.o)
 .debug_line    0x0000b01c       0x8b C:/Freescale/CW MCU v10.6/MCU/ARM_GCC_Support/ewl/lib/armv6-m\libc.a(memcpy.o)
 .debug_line    0x0000b0a7       0x7d C:/Freescale/CW MCU v10.6/MCU/ARM_GCC_Support/ewl/lib/armv6-m\libc.a(strchr.o)
 .debug_line    0x0000b124       0x73 C:/Freescale/CW MCU v10.6/MCU/ARM_GCC_Support/ewl/lib/armv6-m\libm.a(w_pow.o)
 .debug_line    0x0000b197      0x1f9 C:/Freescale/CW MCU v10.6/MCU/ARM_GCC_Support/ewl/lib/armv6-m\libm.a(e_pow.o)
 .debug_line    0x0000b390       0x60 C:/Freescale/CW MCU v10.6/MCU/ARM_GCC_Support/ewl/lib/armv6-m\libm.a(float.o)
 .debug_line    0x0000b3f0      0x173 C:/Freescale/CW MCU v10.6/MCU/ARM_GCC_Support/ewl/lib/armv6-m\libm.a(math_api.o)
 .debug_line    0x0000b563       0x77 C:/Freescale/CW MCU v10.6/MCU/ARM_GCC_Support/ewl/lib/armv6-m\libm.a(scalbn.o)
 .debug_line    0x0000b5da       0x74 C:/Freescale/CW MCU v10.6/MCU/ARM_GCC_Support/ewl/lib/armv6-m\libm.a(w_sqrt.o)
 .debug_line    0x0000b64e      0x121 C:/Freescale/CW MCU v10.6/MCU/ARM_GCC_Support/ewl/lib/armv6-m\libm.a(e_sqrt.o)
 .debug_line    0x0000b76f       0xb9 C:/Freescale/CW MCU v10.6/MCU/ARM_GCC_Support/ewl/lib/armv6-m\libm.a(s_frexp.o)
 .debug_line    0x0000b828       0xc6 C:/Freescale/CW MCU v10.6/MCU/ARM_GCC_Support/ewl/lib/armv6-m\libm.a(s_ldexp.o)
 .debug_line    0x0000b8ee       0x6c C:/Freescale/CW MCU v10.6/MCU/ARM_GCC_Support/ewl/lib/armv6-m\librt.a(gcc_ctor_dtor.o)
 .debug_line    0x0000b95a       0xbd C:/Freescale/CW MCU v10.6/MCU/ARM_GCC_Support/ewl/lib/armv6-m\librt.a(ROMCopy.o)
 .debug_line    0x0000ba17      0x117 C:/Freescale/CW MCU v10.6/MCU/ARM_GCC_Support/ewl/lib/armv6-m\librt.a(__arm_eabi_init.o)
 .debug_line    0x0000bb2e       0x4d C:/Freescale/CW MCU v10.6/MCU/ARM_GCC_Support/ewl/lib/armv6-m\libc.a(errno.o)

.debug_str      0x00000000     0x2fee
 .debug_str     0x00000000      0x2d1 ./Project_Settings/Startup_Code/kinetis_sysinit.o
                                0x2f8 (size before relaxing)
 .debug_str     0x000002d1       0x85 ./Project_Settings/Startup_Code/__arm_start.o
                                0x1ac (size before relaxing)
 .debug_str     0x00000356       0x79 ./Project_Settings/Startup_Code/__arm_end.o
                                 0xd8 (size before relaxing)
 .debug_str     0x000003cf       0xa4 ./Sources/TFC/TFC_arm_cm0.o
                                0x24c (size before relaxing)
 .debug_str     0x00000473      0x48f ./Sources/TFC/TFC_UART.o
                                0x6da (size before relaxing)
 .debug_str     0x00000902      0x1da ./Sources/TFC/TFC_Terminal.o
                                0x3a3 (size before relaxing)
 .debug_str     0x00000adc       0xa9 ./Sources/TFC/TFC_Servo.o
                                0x557 (size before relaxing)
 .debug_str     0x00000b85       0xa4 ./Sources/TFC/TFC_Queue.o
                                0x250 (size before relaxing)
 .debug_str     0x00000c29       0x65 ./Sources/TFC/TFC_Motor.o
                                0x30c (size before relaxing)
 .debug_str     0x00000c8e      0x15e ./Sources/TFC/TFC_LineScanCamera.o
                                0x412 (size before relaxing)
 .debug_str     0x00000dec      0x23f ./Sources/TFC/TFC_CrystalClock.o
                                0x491 (size before relaxing)
 .debug_str     0x0000102b       0x8c ./Sources/TFC/TFC_BoardSupport.o
                                0x328 (size before relaxing)
 .debug_str     0x000010b7       0x9a ./Sources/TFC/TFC_ARM_SysTick.o
                                0x1eb (size before relaxing)
 .debug_str     0x00001151      0x4c7 ./Sources/TFC/TFC_ADC.o
                                0xa76 (size before relaxing)
 .debug_str     0x00001618      0x23e ./Sources/main.o
                                0x955 (size before relaxing)
 .debug_str     0x00001856       0x60 ./Sources/TargetSpeedControl.o
                                0x430 (size before relaxing)
 .debug_str     0x000018b6       0x79 ./Sources/SteeringControl.o
                                0x223 (size before relaxing)
 .debug_str     0x0000192f       0xd0 ./Sources/SpeedSensor.o
                                0x62c (size before relaxing)
 .debug_str     0x000019ff       0x59 ./Sources/ServoMapping.o
                                0x1b7 (size before relaxing)
 .debug_str     0x00001a58       0xce ./Sources/Probability.o
                                0x21d (size before relaxing)
 .debug_str     0x00001b26      0x486 ./Sources/LineDetectionDouble.o
                                0x8c6 (size before relaxing)
 .debug_str     0x00001fac       0xa2 ./Sources/LCD.o
                                0x4b0 (size before relaxing)
 .debug_str     0x0000204e       0xb4 ./Sources/I2C.o
                                0x31c (size before relaxing)
 .debug_str     0x00002102       0xbc ./Sources/EdgeDetection.o
                                0x226 (size before relaxing)
 .debug_str     0x000021be       0x64 ./Sources/AutoExposure.o
                                0x210 (size before relaxing)
 .debug_str     0x00002222       0x53 ./Sources/ActiveDifferential.o
                                0x1ad (size before relaxing)
 .debug_str     0x00002275       0xa9 ./Sources/Accelerometer.o
                                0x269 (size before relaxing)
 .debug_str     0x0000231e       0x2d C:/Freescale/CW MCU v10.6/MCU/ARM_GCC_Support/ewl/lib/armv6-m\libc.a(sscanf.o)
                                0x161 (size before relaxing)
 .debug_str     0x0000234b       0x25 C:/Freescale/CW MCU v10.6/MCU/ARM_GCC_Support/ewl/lib/armv6-m\libc.a(vsprintf.o)
                                0x167 (size before relaxing)
 .debug_str     0x00002370       0x9c C:/Freescale/CW MCU v10.6/MCU/ARM_GCC_Support/ewl/lib/armv6-m\libc.a(vsscanf.o)
                                0x1e5 (size before relaxing)
 .debug_str     0x0000240c       0x2e C:/Freescale/CW MCU v10.6/MCU/ARM_GCC_Support/ewl/lib/armv6-m\libc.a(exit.o)
                                0x157 (size before relaxing)
 .debug_str     0x0000243a       0x23 C:/Freescale/CW MCU v10.6/MCU/ARM_GCC_Support/ewl/lib/armv6-m\libc.a(memset.o)
                                0x140 (size before relaxing)
 .debug_str     0x0000245d       0x26 C:/Freescale/CW MCU v10.6/MCU/ARM_GCC_Support/ewl/lib/armv6-m\libc.a(strcmp.o)
                                0x152 (size before relaxing)
 .debug_str     0x00002483       0x1c C:/Freescale/CW MCU v10.6/MCU/ARM_GCC_Support/ewl/lib/armv6-m\libc.a(strcpy.o)
                                0x142 (size before relaxing)
 .debug_str     0x0000249f       0x1c C:/Freescale/CW MCU v10.6/MCU/ARM_GCC_Support/ewl/lib/armv6-m\libc.a(strlen.o)