Archive member included because of file (symbol)

C:/Freescale/CW MCU v10.6/MCU/ARM_GCC_Support/ewl/lib/armv6-m\libc.a(vsprintf.o)
                              ./Sources/TFC/TFC_Queue.o (vsprintf)
C:/Freescale/CW MCU v10.6/MCU/ARM_GCC_Support/ewl/lib/armv6-m\libc.a(sscanf.o)
                              ./Sources/TFC/TFC_Terminal.o (sscanf)
C:/Freescale/CW MCU v10.6/MCU/ARM_GCC_Support/ewl/lib/armv6-m\libc.a(vsscanf.o)
                              C:/Freescale/CW MCU v10.6/MCU/ARM_GCC_Support/ewl/lib/armv6-m\libc.a(sscanf.o) (vsscanf)
C:/Freescale/CW MCU v10.6/MCU/ARM_GCC_Support/ewl/lib/armv6-m\libc.a(exit.o)
                              ./Project_Settings/Startup_Code/__arm_start.o (exit)
C:/Freescale/CW MCU v10.6/MCU/ARM_GCC_Support/ewl/lib/armv6-m\libc.a(memset.o)
                              ./Project_Settings/Startup_Code/__arm_start.o (memset)
C:/Freescale/CW MCU v10.6/MCU/ARM_GCC_Support/ewl/lib/armv6-m\libc.a(__filll_mem.o)
                              C:/Freescale/CW MCU v10.6/MCU/ARM_GCC_Support/ewl/lib/armv6-m\libc.a(memset.o) (__fill_mem)
C:/Freescale/CW MCU v10.6/MCU/ARM_GCC_Support/ewl/lib/armv6-m\libc.a(strcpy.o)
                              ./Sources/TFC/TFC_Terminal.o (strcpy)
C:/Freescale/CW MCU v10.6/MCU/ARM_GCC_Support/ewl/lib/armv6-m\libc.a(strcmp.o)
                              ./Sources/TFC/TFC_Terminal.o (strcmp)
C:/Freescale/CW MCU v10.6/MCU/ARM_GCC_Support/ewl/lib/armv6-m\libc.a(strlen.o)
                              ./Sources/TFC/TFC_Queue.o (strlen)
C:/Freescale/CW MCU v10.6/MCU/ARM_GCC_Support/ewl/lib/armv6-m\libc.a(printformat_.o)
                              (__pformatter_)
C:/Freescale/CW MCU v10.6/MCU/ARM_GCC_Support/ewl/lib/armv6-m\libc.a(scanformat_.o)
                              (__sformatter)
C:/Freescale/CW MCU v10.6/MCU/ARM_GCC_Support/ewl/lib/armv6-m\libc.a(ctype_aeabi.o)
                              C:/Freescale/CW MCU v10.6/MCU/ARM_GCC_Support/ewl/lib/armv6-m\libc.a(scanformat_.o) (isspace)
C:/Freescale/CW MCU v10.6/MCU/ARM_GCC_Support/ewl/lib/armv6-m\libc.a(vsnprintf.o)
                              C:/Freescale/CW MCU v10.6/MCU/ARM_GCC_Support/ewl/lib/armv6-m\libc.a(vsprintf.o) (vsnprintf)
C:/Freescale/CW MCU v10.6/MCU/ARM_GCC_Support/ewl/lib/armv6-m\libc.a(__strtoul.o)
                              C:/Freescale/CW MCU v10.6/MCU/ARM_GCC_Support/ewl/lib/armv6-m\libc.a(scanformat_.o) (__strtoul)
C:/Freescale/CW MCU v10.6/MCU/ARM_GCC_Support/ewl/lib/armv6-m\libc.a(strchr.o)
                              C:/Freescale/CW MCU v10.6/MCU/ARM_GCC_Support/ewl/lib/armv6-m\libc.a(printformat_.o) (strchr)
C:/Freescale/CW MCU v10.6/MCU/ARM_GCC_Support/ewl/lib/armv6-m\libc.a(memcpy.o)
                              C:/Freescale/CW MCU v10.6/MCU/ARM_GCC_Support/ewl/lib/armv6-m\libc.a(scanformat_.o) (memcpy)
C:/Freescale/CW MCU v10.6/MCU/ARM_GCC_Support/ewl/lib/armv6-m\libc.a(memchr.o)
                              C:/Freescale/CW MCU v10.6/MCU/ARM_GCC_Support/ewl/lib/armv6-m\libc.a(printformat_.o) (memchr)
C:/Freescale/CW MCU v10.6/MCU/ARM_GCC_Support/ewl/lib/armv6-m\libm.a(w_pow.o)
                              ./Sources/Probability.o (pow)
C:/Freescale/CW MCU v10.6/MCU/ARM_GCC_Support/ewl/lib/armv6-m\libm.a(e_pow.o)
                              C:/Freescale/CW MCU v10.6/MCU/ARM_GCC_Support/ewl/lib/armv6-m\libm.a(w_pow.o) (__ieee754_pow)
C:/Freescale/CW MCU v10.6/MCU/ARM_GCC_Support/ewl/lib/armv6-m\libm.a(scalbn.o)
                              C:/Freescale/CW MCU v10.6/MCU/ARM_GCC_Support/ewl/lib/armv6-m\libm.a(e_pow.o) (scalbn)
C:/Freescale/CW MCU v10.6/MCU/ARM_GCC_Support/ewl/lib/armv6-m\libm.a(w_sqrt.o)
                              C:/Freescale/CW MCU v10.6/MCU/ARM_GCC_Support/ewl/lib/armv6-m\libm.a(e_pow.o) (sqrt)
C:/Freescale/CW MCU v10.6/MCU/ARM_GCC_Support/ewl/lib/armv6-m\libm.a(math_api.o)
                              C:/Freescale/CW MCU v10.6/MCU/ARM_GCC_Support/ewl/lib/armv6-m\libm.a(e_pow.o) (__fpclassifyd)
C:/Freescale/CW MCU v10.6/MCU/ARM_GCC_Support/ewl/lib/armv6-m\libm.a(float.o)
                              C:/Freescale/CW MCU v10.6/MCU/ARM_GCC_Support/ewl/lib/armv6-m\libm.a(e_pow.o) (__double_nan)
C:/Freescale/CW MCU v10.6/MCU/ARM_GCC_Support/ewl/lib/armv6-m\libm.a(s_frexp.o)
                              C:/Freescale/CW MCU v10.6/MCU/ARM_GCC_Support/ewl/lib/armv6-m\libm.a(scalbn.o) (frexp)
C:/Freescale/CW MCU v10.6/MCU/ARM_GCC_Support/ewl/lib/armv6-m\libm.a(s_ldexp.o)
                              C:/Freescale/CW MCU v10.6/MCU/ARM_GCC_Support/ewl/lib/armv6-m\libm.a(scalbn.o) (ldexp)
C:/Freescale/CW MCU v10.6/MCU/ARM_GCC_Support/ewl/lib/armv6-m\libm.a(e_sqrt.o)
                              C:/Freescale/CW MCU v10.6/MCU/ARM_GCC_Support/ewl/lib/armv6-m\libm.a(w_sqrt.o) (__ieee754_sqrt)
c:/freescale/cw mcu v10.6/cross_tools/arm-none-eabi-gcc-4_7_3/bin/../lib/gcc/arm-none-eabi/4.7.3/armv6-m\libgcc.a(_thumb1_case_sqi.o)
[...]
Memory Configuration

Name             Origin             Length             Attributes
m_interrupts     0x00000000         0x000000c0         xr
m_cfmprotrom     0x00000400         0x00000010         xr
m_text           0x00000800         0x0001f800         xr
m_data           0x1ffff000         0x00004000         xrw
*default*        0x00000000         0xffffffff

Linker script and memory map

LOAD ./Project_Settings/Startup_Code/kinetis_sysinit.o
LOAD ./Project_Settings/Startup_Code/__arm_start.o
LOAD ./Project_Settings/Startup_Code/__arm_end.o
LOAD ./Sources/TFC/TFC_arm_cm0.o
LOAD ./Sources/TFC/TFC_UART.o
LOAD ./Sources/TFC/TFC_Terminal.o
LOAD ./Sources/TFC/TFC_Servo.o
LOAD ./Sources/TFC/TFC_Queue.o
LOAD ./Sources/TFC/TFC_Motor.o
LOAD ./Sources/TFC/TFC_LineScanCamera.o
LOAD ./Sources/TFC/TFC_CrystalClock.o
LOAD ./Sources/TFC/TFC_BoardSupport.o
LOAD ./Sources/TFC/TFC_ARM_SysTick.o
LOAD ./Sources/TFC/TFC_ADC.o
LOAD ./Sources/main.o
LOAD ./Sources/TargetSpeedControl.o
LOAD ./Sources/SteeringControl.o
LOAD ./Sources/SpeedSensor.o
LOAD ./Sources/SpeedControl.o
LOAD ./Sources/ServoMapping.o
LOAD ./Sources/Probability.o
LOAD ./Sources/MMA8451Q.o
LOAD ./Sources/LineDetectionDouble.o
LOAD ./Sources/LCD.o
LOAD ./Sources/I2C.o
LOAD ./Sources/EdgeDetection.o
LOAD ./Sources/AutoExposure.o
LOAD ./Sources/ActiveDifferential.o
                0x00009a3c                __pformatter = __pformatter_
                [0x00009e64]                __sformatter = __sformatter
START GROUP
LOAD C:/Freescale/CW MCU v10.6/MCU/ARM_GCC_Support/ewl/lib/armv6-m\libc.a
LOAD C:/Freescale/CW MCU v10.6/MCU/ARM_GCC_Support/ewl/lib/armv6-m\libm.a
LOAD c:/freescale/cw mcu v10.6/cross_tools/arm-none-eabi-gcc-4_7_3/bin/../lib/gcc/arm-none-eabi/4.7.3/armv6-m\libgcc.a
LOAD C:/Freescale/CW MCU v10.6/MCU/ARM_GCC_Support/ewl/lib/armv6-m\librt.a
LOAD C:/Freescale/CW MCU v10.6/MCU/ARM_GCC_Support/ewl/lib/armv6-m\libuart.a
END GROUP
                0x20003000                _estack = 0x20003000
                0x20003000                __SP_INIT = _estack
                0x00000400                __heap_size = 0x400
                0x00000400                __stack_size = 0x400

.interrupts     0x00000000       0xc0
                0x00000000                __vector_table = .
                0x00000000                . = ALIGN (0x4)
 *(.vectortable)
 .vectortable   0x00000000       0xc0 ./Project_Settings/Startup_Code/kinetis_sysinit.o
                0x00000000                InterruptVector
                0x000000c0                . = ALIGN (0x4)

.cfmprotect     0x00000400        0x0
                0x00000400                . = ALIGN (0x4)
 *(.cfmconfig)
                0x00000400                . = ALIGN (0x4)

.text           0x00000800     0xb5c0
                0x00000800                . = ALIGN (0x4)
 *(.text)
 .text          0x00000800       0x14 c:/freescale/cw mcu v10.6/cross_tools/arm-none-eabi-gcc-4_7_3/bin/../lib/gcc/arm-none-eabi/4.7.3/armv6-m\libgcc.a(_thumb1_case_sqi.o)
                0x00000800                __gnu_thumb1_case_sqi
 .text          0x00000814       0x14 c:/freescale/cw mcu v10.6/cross_tools/arm-none-eabi-gcc-4_7_3/bin/../lib/gcc/arm-none-eabi/4.7.3/armv6-m\libgcc.a(_thumb1_case_uqi.o)
                0x00000814                __gnu_thumb1_case_uqi
 .text          0x00000828       0x9c c:/freescale/cw mcu v10.6/cross_tools/arm-none-eabi-gcc-4_7_3/bin/../lib/gcc/arm-none-eabi/4.7.3/armv6-m\libgcc.a(_udivsi3.o)
                0x00000828                __aeabi_uidiv
                0x00000828                __udivsi3
                0x000008b0                __aeabi_uidivmod
 .text          0x000008c4       0xc0 c:/freescale/cw mcu v10.6/cross_tools/arm-none-eabi-gcc-4_7_3/bin/../lib/gcc/arm-none-eabi/4.7.3/armv6-m\libgcc.a(_divsi3.o)
                0x000008c4                __divsi3
                0x000008c4                __aeabi_idiv
                0x00000970                __aeabi_idivmod
 .text          0x00000984        0x4 c:/freescale/cw mcu v10.6/cross_tools/arm-none-eabi-gcc-4_7_3/bin/../lib/gcc/arm-none-eabi/4.7.3/armv6-m\libgcc.a(_dvmd_tls.o)
                0x00000984                __aeabi_idiv0
                0x00000984                __aeabi_ldiv0
 .text          0x00000988       0x7c c:/freescale/cw mcu v10.6/cross_tools/arm-none-eabi-gcc-4_7_3/bin/../lib/gcc/arm-none-eabi/4.7.3/armv6-m\libgcc.a(_arm_cmpdf2.o)
                0x00000988                __aeabi_cdrcmple
                0x00000998                __aeabi_cdcmple
                0x00000998                __aeabi_cdcmpeq
                0x000009a8                __aeabi_dcmpeq
                0x000009b4                __aeabi_dcmplt
                0x000009c8                __aeabi_dcmple
                0x000009dc                __aeabi_dcmpgt
                0x000009f0                __aeabi_dcmpge
 .text          0x00000a04       0x74 c:/freescale/cw mcu v10.6/cross_tools/arm-none-eabi-gcc-4_7_3/bin/../lib/gcc/arm-none-eabi/4.7.3/armv6-m\libgcc.a(_arm_cmpsf2.o)
                0x00000a04                __aeabi_cfrcmple
                0x00000a0c                __aeabi_cfcmpeq
                0x00000a0c                __aeabi_cfcmple
                0x00000a1c                __aeabi_fcmpeq
                0x00000a28                __aeabi_fcmplt
                0x00000a3c                __aeabi_fcmple
                0x00000a50                __aeabi_fcmpgt
                0x00000a64                __aeabi_fcmpge
 .text          0x00000a78       0x30 c:/freescale/cw mcu v10.6/cross_tools/arm-none-eabi-gcc-4_7_3/bin/../lib/gcc/arm-none-eabi/4.7.3/armv6-m\libgcc.a(_fixunssfsi.o)
                0x00000a78                __fixunssfsi
                0x00000a78                __aeabi_f2uiz
 .text          0x00000aa8       0x40 c:/freescale/cw mcu v10.6/cross_tools/arm-none-eabi-gcc-4_7_3/bin/../lib/gcc/arm-none-eabi/4.7.3/armv6-m\libgcc.a(_fixunsdfsi.o)
                0x00000aa8                __aeabi_d2uiz
                0x00000aa8                __fixunsdfsi
 .text          0x00000ae8      0x3a4 c:/freescale/cw mcu v10.6/cross_tools/arm-none-eabi-gcc-4_7_3/bin/../lib/gcc/arm-none-eabi/4.7.3/armv6-m\libgcc.a(addsf3.o)
                0x00000ae8                __aeabi_fadd
 .text          0x00000e8c      0x274 c:/freescale/cw mcu v10.6/cross_tools/arm-none-eabi-gcc-4_7_3/bin/../lib/gcc/arm-none-eabi/4.7.3/armv6-m\libgcc.a(divsf3.o)
                0x00000e8c                __aeabi_fdiv
 .text          0x00001100       0x50 c:/freescale/cw mcu v10.6/cross_tools/arm-none-eabi-gcc-4_7_3/bin/../lib/gcc/arm-none-eabi/4.7.3/armv6-m\libgcc.a(eqsf2.o)
                0x00001100                __eqsf2
                0x00001100                __nesf2
 .text          0x00001150       0x90 c:/freescale/cw mcu v10.6/cross_tools/arm-none-eabi-gcc-4_7_3/bin/../lib/gcc/arm-none-eabi/4.7.3/armv6-m\libgcc.a(gesf2.o)
                0x00001150                __gesf2
                0x00001150                __gtsf2
 .text          0x000011e0       0x90 c:/freescale/cw mcu v10.6/cross_tools/arm-none-eabi-gcc-4_7_3/bin/../lib/gcc/arm-none-eabi/4.7.3/armv6-m\libgcc.a(lesf2.o)
                0x000011e0                __ltsf2
                0x000011e0                __lesf2
 .text          0x00001270      0x260 c:/freescale/cw mcu v10.6/cross_tools/arm-none-eabi-gcc-4_7_3/bin/../lib/gcc/arm-none-eabi/4.7.3/armv6-m\libgcc.a(mulsf3.o)
                0x00001270                __aeabi_fmul
 .text          0x000014d0      0x3ac c:/freescale/cw mcu v10.6/cross_tools/arm-none-eabi-gcc-4_7_3/bin/../lib/gcc/arm-none-eabi/4.7.3/armv6-m\libgcc.a(subsf3.o)
                0x000014d0                __aeabi_fsub
 .text          0x0000187c       0x40 c:/freescale/cw mcu v10.6/cross_tools/arm-none-eabi-gcc-4_7_3/bin/../lib/gcc/arm-none-eabi/4.7.3/armv6-m\libgcc.a(fixsfsi.o)
                0x0000187c                __aeabi_f2iz
 .text          0x000018bc       0xa8 c:/freescale/cw mcu v10.6/cross_tools/arm-none-eabi-gcc-4_7_3/bin/../lib/gcc/arm-none-eabi/4.7.3/armv6-m\libgcc.a(floatsisf.o)
                0x000018bc                __aeabi_i2f
 .text          0x00001964       0xa8 c:/freescale/cw mcu v10.6/cross_tools/arm-none-eabi-gcc-4_7_3/bin/../lib/gcc/arm-none-eabi/4.7.3/armv6-m\libgcc.a(floatunsisf.o)
                0x00001964                __aeabi_ui2f
 .text          0x00001a0c      0x758 c:/freescale/cw mcu v10.6/cross_tools/arm-none-eabi-gcc-4_7_3/bin/../lib/gcc/arm-none-eabi/4.7.3/armv6-m\libgcc.a(adddf3.o)
                0x00001a0c                __aeabi_dadd
 .text          0x00002164      0x5b8 c:/freescale/cw mcu v10.6/cross_tools/arm-none-eabi-gcc-4_7_3/bin/../lib/gcc/arm-none-eabi/4.7.3/armv6-m\libgcc.a(divdf3.o)
                0x00002164                __aeabi_ddiv
 .text          0x0000271c       0x7c c:/freescale/cw mcu v10.6/cross_tools/arm-none-eabi-gcc-4_7_3/bin/../lib/gcc/arm-none-eabi/4.7.3/armv6-m\libgcc.a(eqdf2.o)
                0x0000271c                __nedf2
                0x0000271c                __eqdf2
 .text          0x00002798       0xe8 c:/freescale/cw mcu v10.6/cross_tools/arm-none-eabi-gcc-4_7_3/bin/../lib/gcc/arm-none-eabi/4.7.3/armv6-m\libgcc.a(gedf2.o)
                0x00002798                __gedf2
                0x00002798                __gtdf2
 .text          0x00002880       0xd8 c:/freescale/cw mcu v10.6/cross_tools/arm-none-eabi-gcc-4_7_3/bin/../lib/gcc/arm-none-eabi/4.7.3/armv6-m\libgcc.a(ledf2.o)
                0x00002880                __ledf2
                0x00002880                __ltdf2
 .text          0x00002958      0x4e4 c:/freescale/cw mcu v10.6/cross_tools/arm-none-eabi-gcc-4_7_3/bin/../lib/gcc/arm-none-eabi/4.7.3/armv6-m\libgcc.a(muldf3.o)
                0x00002958                __aeabi_dmul
 .text          0x00002e3c      0x6f8 c:/freescale/cw mcu v10.6/cross_tools/arm-none-eabi-gcc-4_7_3/bin/../lib/gcc/arm-none-eabi/4.7.3/armv6-m\libgcc.a(subdf3.o)
                0x00002e3c                __aeabi_dsub
 .text          0x00003534       0x68 c:/freescale/cw mcu v10.6/cross_tools/arm-none-eabi-gcc-4_7_3/bin/../lib/gcc/arm-none-eabi/4.7.3/armv6-m\libgcc.a(fixdfsi.o)
                0x00003534                __aeabi_d2iz
 .text          0x0000359c       0x74 c:/freescale/cw mcu v10.6/cross_tools/arm-none-eabi-gcc-4_7_3/bin/../lib/gcc/arm-none-eabi/4.7.3/armv6-m\libgcc.a(floatsidf.o)
                0x0000359c                __aeabi_i2d
 .text          0x00003610       0x64 c:/freescale/cw mcu v10.6/cross_tools/arm-none-eabi-gcc-4_7_3/bin/../lib/gcc/arm-none-eabi/4.7.3/armv6-m\libgcc.a(floatunsidf.o)
                0x00003610                __aeabi_ui2d
 .text          0x00003674       0xa8 c:/freescale/cw mcu v10.6/cross_tools/arm-none-eabi-gcc-4_7_3/bin/../lib/gcc/arm-none-eabi/4.7.3/armv6-m\libgcc.a(extendsfdf2.o)
                0x00003674                __aeabi_f2d
 .text          0x0000371c      0x134 c:/freescale/cw mcu v10.6/cross_tools/arm-none-eabi-gcc-4_7_3/bin/../lib/gcc/arm-none-eabi/4.7.3/armv6-m\libgcc.a(truncdfsf2.o)
                0x0000371c                __aeabi_d2f
 .text          0x00003850       0x3c c:/freescale/cw mcu v10.6/cross_tools/arm-none-eabi-gcc-4_7_3/bin/../lib/gcc/arm-none-eabi/4.7.3/armv6-m\libgcc.a(_clzsi2.o)
                0x00003850                __clzsi2
 *(.text*)
 .text.Default_Handler
                0x0000388c        0xc ./Project_Settings/Startup_Code/kinetis_sysinit.o
                0x0000388c                RTC_Alarm_IRQHandler
                0x0000388c                I2C0_IRQHandler
                0x0000388c                HardFault_Handler
                0x0000388c                PendSV_Handler
                0x0000388c                NMI_Handler
                0x0000388c                I2C1_IRQHandler
                0x0000388c                UART1_IRQHandler
                0x0000388c                DMA2_IRQHandler
                0x0000388c                TSI0_IRQHandler
                0x0000388c                SPI1_IRQHandler
                0x0000388c                PORTD_IRQHandler
                0x0000388c                LPTimer_IRQHandler
                0x0000388c                RTC_Seconds_IRQHandler
                0x0000388c                MCG_IRQHandler
                0x0000388c                Default_Handler
                0x0000388c                LLW_IRQHandler
                0x0000388c                SVC_Handler
                0x0000388c                USBOTG_IRQHandler
                0x0000388c                DMA3_IRQHandler
                0x0000388c                DMA0_IRQHandler
                0x0000388c                DAC0_IRQHandler
                0x0000388c                PMC_IRQHandler
                0x0000388c                SPI0_IRQHandler
                0x0000388c                FTM0_IRQHandler
                0x0000388c                PORTA_IRQHandler
                0x0000388c                MCM_IRQHandler
                0x0000388c                FTFL_IRQHandler
                0x0000388c                CMP0_IRQHandler
                0x0000388c                DMA1_IRQHandler
 .text.Default_Handler_Helper
                0x00003898        0xc ./Project_Settings/Startup_Code/kinetis_sysinit.o
                0x00003898                Default_Handler_Helper
 .text.__init_hardware
                0x000038a4       0x24 ./Project_Settings/Startup_Code/kinetis_sysinit.o
                0x000038a4                __init_hardware
 .text.__thumb_startup
                0x000038c8       0x38 ./Project_Settings/Startup_Code/__arm_start.o
                0x000038c8                __thumb_startup
 .text._ExitProcess
                0x00003900        0x4 ./Project_Settings/Startup_Code/__arm_end.o
                0x00003900                _ExitProcess
 .text.enable_irq
                0x00003904       0x30 ./Sources/TFC/TFC_arm_cm0.o
                0x00003904                enable_irq
 .text.disable_irq
                0x00003934       0x24 ./Sources/TFC/TFC_arm_cm0.o
                0x00003934                disable_irq
 .text.set_irq_priority
                0x00003958       0x24 ./Sources/TFC/TFC_arm_cm0.o
                0x00003958                set_irq_priority
 .text.TFC_UART_Process
                0x0000397c       0x2c ./Sources/TFC/TFC_UART.o
                0x0000397c                TFC_UART_Process
 .text.UART0_IRQHandler
                0x000039a8       0x60 ./Sources/TFC/TFC_UART.o
                0x000039a8                UART0_IRQHandler
 .text.uart0_init
                0x00003a08      0x15c ./Sources/TFC/TFC_UART.o
                0x00003a08                uart0_init
 .text.TFC_InitUARTs
                0x00003b64      0x110 ./Sources/TFC/TFC_UART.o
                0x00003b64                TFC_InitUARTs
 .text.UART2_IRQHandler
                0x00003c74        0x4 ./Sources/TFC/TFC_UART.o
                0x00003c74                UART2_IRQHandler
 .text.uart_getchar
                0x00003c78       0x10 ./Sources/TFC/TFC_UART.o
                0x00003c78                uart_getchar
 .text.uart_putchar
                0x00003c88       0x10 ./Sources/TFC/TFC_UART.o
                0x00003c88                uart_putchar
 .text.uart_getchar_present
                0x00003c98        0x8 ./Sources/TFC/TFC_UART.o
                0x00003c98                uart_getchar_present
 .text.TerminalCmd_GetLineScan
                0x00003ca0       0x9c ./Sources/TFC/TFC_Terminal.o
                0x00003ca0                TerminalCmd_GetLineScan
 .text.TerminalCmd_E
                0x00003d3c       0x20 ./Sources/TFC/TFC_Terminal.o
                0x00003d3c                TerminalCmd_E
 .text.TerminalCmd_Help
                0x00003d5c       0x84 ./Sources/TFC/TFC_Terminal.o
                0x00003d5c                TerminalCmd_Help
 .text.TerminalCmd_H
                0x00003de0       0x68 ./Sources/TFC/TFC_Terminal.o
                0x00003de0                TerminalCmd_H
 .text.TerminalCmd_D
                0x00003e48       0x28 ./Sources/TFC/TFC_Terminal.o
                0x00003e48                TerminalCmd_D
 .text.TerminalCmd_S
                0x00003e70       0x70 ./Sources/TFC/TFC_Terminal.o
                0x00003e70                TerminalCmd_S
 .text.TFC_InitTerminal
                0x00003ee0       0x64 ./Sources/TFC/TFC_Terminal.o
                0x00003ee0                TFC_InitTerminal
 .text.TFC_ProcessTerminal
                0x00003f44      0x2d8 ./Sources/TFC/TFC_Terminal.o
                0x00003f44                TFC_ProcessTerminal
 *fill*         0x0000421c        0x4 00
 .text.TFC_SetServo
                0x00004220       0x88 ./Sources/TFC/TFC_Servo.o
                0x00004220                TFC_SetServo
 .text.FTM1_IRQHandler
                0x000042a8       0x2c ./Sources/TFC/TFC_Servo.o
                0x000042a8                FTM1_IRQHandler
 .text.TFC_InitServos
                0x000042d4       0xac ./Sources/TFC/TFC_Servo.o
                0x000042d4                TFC_InitServos
 .text.InitByteQueue
                0x00004380       0x24 ./Sources/TFC/TFC_Queue.o
                0x00004380                InitByteQueue
 .text.BytesInQueue
                0x000043a4       0x20 ./Sources/TFC/TFC_Queue.o
                0x000043a4                BytesInQueue
 .text.ByteEnqueue
                0x000043c4       0x4c ./Sources/TFC/TFC_Queue.o
                0x000043c4                ByteEnqueue
 .text.Qprintf  0x00004410      0x150 ./Sources/TFC/TFC_Queue.o
                0x00004410                Qprintf
 .text.ByteDequeue
                0x00004560       0x44 ./Sources/TFC/TFC_Queue.o
                0x00004560                ByteDequeue
 .text.ForcedByteDequeue
                0x000045a4       0x40 ./Sources/TFC/TFC_Queue.o
                0x000045a4                ForcedByteDequeue
 .text.TFC_InitMotorPWM
                0x000045e4       0xbc ./Sources/TFC/TFC_Motor.o
                0x000045e4                TFC_InitMotorPWM
 .text.TFC_SetMotorPWM
                0x000046a0       0xe4 ./Sources/TFC/TFC_Motor.o
                0x000046a0                TFC_SetMotorPWM
 .text.TFC_GetMotorPWM
                0x00004784        0xc ./Sources/TFC/TFC_Motor.o
                0x00004784                TFC_GetMotorPWM
 .text.TFC_InitLineScanCamera
                0x00004790       0x90 ./Sources/TFC/TFC_LineScanCamera.o
                0x00004790                TFC_InitLineScanCamera
 .text.TFC_SetLineScanExposureTime
                0x00004820       0x2c ./Sources/TFC/TFC_LineScanCamera.o
                0x00004820                TFC_SetLineScanExposureTime
 .text.TFC_getLineScanExposureTime
                0x0000484c       0x2c ./Sources/TFC/TFC_LineScanCamera.o
                0x0000484c                TFC_getLineScanExposureTime
 .text.pll_init
                0x00004878      0x294 ./Sources/TFC/TFC_CrystalClock.o
                0x00004878                pll_init
 .text.TFC_InitClock
                0x00004b0c       0x20 ./Sources/TFC/TFC_CrystalClock.o
                0x00004b0c                TFC_InitClock
 .text.TFC_InitGPIO
                0x00004b2c       0x64 ./Sources/TFC/TFC_BoardSupport.o
                0x00004b2c                TFC_InitGPIO
 .text.TFC_GetDIP_Switch
                0x00004b90       0x10 ./Sources/TFC/TFC_BoardSupport.o
                0x00004b90                TFC_GetDIP_Switch
 .text.TFC_GetPush_Button
                0x00004ba0       0x28 ./Sources/TFC/TFC_BoardSupport.o
                0x00004ba0                TFC_GetPush_Button
 .text.TFC_InitSysTick
                0x00004bc8       0x2c ./Sources/TFC/TFC_ARM_SysTick.o
                0x00004bc8                TFC_InitSysTick
 .text.SysTick_Handler
                0x00004bf4       0x88 ./Sources/TFC/TFC_ARM_SysTick.o
                0x00004bf4                SysTick_Handler
 .text.TFC_InitADCs
                0x00004c7c      0x150 ./Sources/TFC/TFC_ADC.o
                0x00004c7c                TFC_InitADCs
 .text.PIT_IRQHandler
                0x00004dcc       0x34 ./Sources/TFC/TFC_ADC.o
                0x00004dcc                PIT_IRQHandler
 .text.ADC0_IRQHandler
                0x00004e00      0x1c0 ./Sources/TFC/TFC_ADC.o
                0x00004e00                ADC0_IRQHandler
 .text.TFC_ReadMotorCurrent
                0x00004fc0       0x38 ./Sources/TFC/TFC_ADC.o
                0x00004fc0                TFC_ReadMotorCurrent
 .text.TFC_ReadBatteryVoltage
                0x00004ff8       0x30 ./Sources/TFC/TFC_ADC.o
                0x00004ff8                TFC_ReadBatteryVoltage
 .text.TFC_Init
                0x00005028       0x60 ./Sources/main.o
                0x00005028                TFC_Init
 .text.telemetrySendData
                0x00005088      0xc88 ./Sources/main.o
                0x00005088                telemetrySendData
 .text.BluetoothSetLED
                0x00005d10       0xb8 ./Sources/main.o
                0x00005d10                BluetoothSetLED
 .text.telemetryReadData
                0x00005dc8       0xc0 ./Sources/main.o
                0x00005dc8                telemetryReadData
 .text.startup.main
                0x00005e88      0x8c8 ./Sources/main.o
                0x00005e88                main
 .text.getDesiredSpeed
                0x00006750       0x84 ./Sources/TargetSpeedControl.o
                0x00006750                getDesiredSpeed
 .text.getDesiredServoValue
                0x000067d4      0x16c ./Sources/SteeringControl.o
                0x000067d4                getDesiredServoValue
 .text.TFC_InitSpeedSensor
                0x00006940       0x90 ./Sources/SpeedSensor.o
                0x00006940                TFC_InitSpeedSensor
 .text.isANewmeasurementAvailable
                0x000069d0       0x80 ./Sources/SpeedSensor.o
                0x000069d0                isANewmeasurementAvailable
 .text.getSpeed
                0x00006a50       0x74 ./Sources/SpeedSensor.o
                0x00006a50                getSpeed
 .text.FTM2_IRQHandler
                0x00006ac4       0xf0 ./Sources/SpeedSensor.o
                0x00006ac4                FTM2_IRQHandler
 .text.getDesiredMotorPWM
                0x00006bb4      0x11c ./Sources/SpeedControl.o
                0x00006bb4                getDesiredMotorPWM
 .text.getRadiusRoot
                0x00006cd0       0x80 ./Sources/ServoMapping.o
                0x00006cd0                getRadiusRoot
 .text.getRadius
                0x00006d50       0x8c ./Sources/ServoMapping.o
                0x00006d50                getRadius
 *fill*         0x00006ddc        0x4 00
 .text.getProbability
                0x00006de0      0x1d8 ./Sources/Probability.o
                0x00006de0                getProbability
 .text.findLine
                0x00006fb8     0x1368 ./Sources/LineDetectionDouble.o
                0x00006fb8                findLine
 .text.preloadProbabilityTables
                0x00008320       0x20 ./Sources/LineDetectionDouble.o
                0x00008320                preloadProbabilityTables
 .text.weightStopLines
                0x00008340      0x100 ./Sources/LineDetectionDouble.o
                0x00008340                weightStopLines
 .text.findStop
                0x00008440      0x26c ./Sources/LineDetectionDouble.o
                0x00008440                findStop
 .text.LCDwriteState
                0x000086ac      0xbd4 ./Sources/LCD.o
                0x000086ac                LCDwriteState
 .text.generateKernel
                0x00009280      0x100 ./Sources/EdgeDetection.o
                0x00009280                generateKernel
 .text.blurImage
                0x00009380       0xdc ./Sources/EdgeDetection.o
                0x00009380                blurImage
 .text.sobelDerivative
                0x0000945c       0x64 ./Sources/EdgeDetection.o
                0x0000945c                sobelDerivative
 .text.findLocalMax
                0x000094c0       0xd0 ./Sources/EdgeDetection.o
                0x000094c0                findLocalMax
 .text.edgeDetection
                0x00009590       0x4c ./Sources/EdgeDetection.o
                0x00009590                edgeDetection
 .text.getTotalIntensity
                0x000095dc       0x24 ./Sources/AutoExposure.o
                0x000095dc                getTotalIntensity
 .text.calculateNewExposure
                0x00009600       0xc4 ./Sources/AutoExposure.o
                0x00009600                calculateNewExposure
 .text.getActiveDifferentialModifier
                0x000096c4       0x44 ./Sources/ActiveDifferential.o
                0x000096c4                getActiveDifferentialModifier
 .text.vsprintf
                0x00009708       0x12 C:/Freescale/CW MCU v10.6/MCU/ARM_GCC_Support/ewl/lib/armv6-m\libc.a(vsprintf.o)
                0x00009708                vsprintf
 .text.sscanf   0x0000971a       0x18 C:/Freescale/CW MCU v10.6/MCU/ARM_GCC_Support/ewl/lib/armv6-m\libc.a(sscanf.o)
                0x0000971a                sscanf
 .text.__StringRead
                0x00009732       0x3c C:/Freescale/CW MCU v10.6/MCU/ARM_GCC_Support/ewl/lib/armv6-m\libc.a(vsscanf.o)
                0x00009732                __StringRead
 *fill*         0x0000976e        0x2 00
 .text.vsscanf  0x00009770       0x30 C:/Freescale/CW MCU v10.6/MCU/ARM_GCC_Support/ewl/lib/armv6-m\libc.a(vsscanf.o)
                0x00009770                vsscanf
 .text.exit     0x000097a0       0x38 C:/Freescale/CW MCU v10.6/MCU/ARM_GCC_Support/ewl/lib/armv6-m\libc.a(exit.o)
                0x000097a0                exit
 .text.memset   0x000097d8        0xc C:/Freescale/CW MCU v10.6/MCU/ARM_GCC_Support/ewl/lib/armv6-m\libc.a(memset.o)
                0x000097d8                memset
 .text.__fill_mem
                0x000097e4       0x7e C:/Freescale/CW MCU v10.6/MCU/ARM_GCC_Support/ewl/lib/armv6-m\libc.a(__filll_mem.o)
                0x000097e4                __fill_mem
 .text.strcpy   0x00009862       0x10 C:/Freescale/CW MCU v10.6/MCU/ARM_GCC_Support/ewl/lib/armv6-m\libc.a(strcpy.o)
                0x00009862                strcpy
 .text.strcmp   0x00009872       0x1c C:/Freescale/CW MCU v10.6/MCU/ARM_GCC_Support/ewl/lib/armv6-m\libc.a(strcmp.o)
                0x00009872                strcmp
 .text.strlen   0x0000988e       0x10 C:/Freescale/CW MCU v10.6/MCU/ARM_GCC_Support/ewl/lib/armv6-m\libc.a(strlen.o)
                0x0000988e                strlen
 *fill*         0x0000989e        0x2 00
 .text.long2str.isra.0
                0x000098a0      0x19c C:/Freescale/CW MCU v10.6/MCU/ARM_GCC_Support/ewl/lib/armv6-m\libc.a(printformat_.o)
 .text.__pformatter_
                0x00009a3c      0x428 C:/Freescale/CW MCU v10.6/MCU/ARM_GCC_Support/ewl/lib/armv6-m\libc.a(printformat_.o)
                0x00009a3c                __pformatter_
 .text.__sformatter
                0x00009e64      0x698 C:/Freescale/CW MCU v10.6/MCU/ARM_GCC_Support/ewl/lib/armv6-m\libc.a(scanformat_.o)
                0x00009e64                __sformatter
 .text.isalpha  0x0000a4fc       0x20 C:/Freescale/CW MCU v10.6/MCU/ARM_GCC_Support/ewl/lib/armv6-m\libc.a(ctype_aeabi.o)
                0x0000a4fc                isalpha
 .text.isspace  0x0000a51c       0x20 C:/Freescale/CW MCU v10.6/MCU/ARM_GCC_Support/ewl/lib/armv6-m\libc.a(ctype_aeabi.o)
                0x0000a51c                isspace
 .text.toupper  0x0000a53c        0xe C:/Freescale/CW MCU v10.6/MCU/ARM_GCC_Support/ewl/lib/armv6-m\libc.a(ctype_aeabi.o)
                0x0000a53c                toupper
 .text.__StringWrite
                0x0000a54a       0x26 C:/Freescale/CW MCU v10.6/MCU/ARM_GCC_Support/ewl/lib/armv6-m\libc.a(vsnprintf.o)
                0x0000a54a                __StringWrite
 .text.vsnprintf
                0x0000a570       0x38 C:/Freescale/CW MCU v10.6/MCU/ARM_GCC_Support/ewl/lib/armv6-m\libc.a(vsnprintf.o)
                0x0000a570                vsnprintf
 .text.__strtoul
                0x0000a5a8      0x1ce C:/Freescale/CW MCU v10.6/MCU/ARM_GCC_Support/ewl/lib/armv6-m\libc.a(__strtoul.o)
                0x0000a5a8                __strtoul
 .text.strchr   0x0000a776       0x1e C:/Freescale/CW MCU v10.6/MCU/ARM_GCC_Support/ewl/lib/armv6-m\libc.a(strchr.o)
                0x0000a776                strchr
 .text.memcpy   0x0000a794       0x12 C:/Freescale/CW MCU v10.6/MCU/ARM_GCC_Support/ewl/lib/armv6-m\libc.a(memcpy.o)
                0x0000a794                memcpy
 .text.memchr   0x0000a7a6       0x1a C:/Freescale/CW MCU v10.6/MCU/ARM_GCC_Support/ewl/lib/armv6-m\libc.a(memchr.o)
                0x0000a7a6                memchr
 .text.pow      0x0000a7c0        0x8 C:/Freescale/CW MCU v10.6/MCU/ARM_GCC_Support/ewl/lib/armv6-m\libm.a(w_pow.o)
                0x0000a7c0                pow
 .text.__ieee754_pow
                0x0000a7c8      0xb70 C:/Freescale/CW MCU v10.6/MCU/ARM_GCC_Support/ewl/lib/armv6-m\libm.a(e_pow.o)
                0x0000a7c8                __ieee754_pow
 .text.scalbn   0x0000b338       0x14 C:/Freescale/CW MCU v10.6/MCU/ARM_GCC_Support/ewl/lib/armv6-m\libm.a(scalbn.o)
                0x0000b338                scalbn
 .text.sqrt     0x0000b34c        0x8 C:/Freescale/CW MCU v10.6/MCU/ARM_GCC_Support/ewl/lib/armv6-m\libm.a(w_sqrt.o)
                0x0000b34c                sqrt
 .text.__fpclassifyd
                0x0000b354       0x38 C:/Freescale/CW MCU v10.6/MCU/ARM_GCC_Support/ewl/lib/armv6-m\libm.a(math_api.o)
                0x0000b354                __fpclassifyd
 *fill*         0x0000b38c        0x4 00
 .text.frexp    0x0000b390       0x80 C:/Freescale/CW MCU v10.6/MCU/ARM_GCC_Support/ewl/lib/armv6-m\libm.a(s_frexp.o)
                0x0000b390                frexp
 .text.ldexp    0x0000b410      0x148 C:/Freescale/CW MCU v10.6/MCU/ARM_GCC_Support/ewl/lib/armv6-m\libm.a(s_ldexp.o)
                0x0000b410                ldexp
 .text.__ieee754_sqrt
                0x0000b558      0x17c C:/Freescale/CW MCU v10.6/MCU/ARM_GCC_Support/ewl/lib/armv6-m\libm.a(e_sqrt.o)
                0x0000b558                __ieee754_sqrt
 .text.__init_cpp
                0x0000b6d4       0x48 C:/Freescale/CW MCU v10.6/MCU/ARM_GCC_Support/ewl/lib/armv6-m\librt.a(gcc_ctor_dtor.o)
                0x0000b6d4                __init_cpp
 .text.__fini_cpp
                0x0000b71c       0x34 C:/Freescale/CW MCU v10.6/MCU/ARM_GCC_Support/ewl/lib/armv6-m\librt.a(gcc_ctor_dtor.o)
                0x0000b71c                __fini_cpp
 .text.__destroy_global_chain
                0x0000b750       0x1c C:/Freescale/CW MCU v10.6/MCU/ARM_GCC_Support/ewl/lib/armv6-m\librt.a(__arm_eabi_init.o)
                0x0000b750                __destroy_global_chain
 .text.__init_registers
                0x0000b76c       0x1c C:/Freescale/CW MCU v10.6/MCU/ARM_GCC_Support/ewl/lib/armv6-m\librt.a(__arm_eabi_init.o)
                0x0000b76c                __init_registers
 .text.__init_user
                0x0000b788        0x4 C:/Freescale/CW MCU v10.6/MCU/ARM_GCC_Support/ewl/lib/armv6-m\librt.a(__arm_eabi_init.o)
                0x0000b788                __init_user
 .text.__copy_rom_section
                0x0000b78c       0x48 C:/Freescale/CW MCU v10.6/MCU/ARM_GCC_Support/ewl/lib/armv6-m\librt.a(ROMCopy.o)
                0x0000b78c                __copy_rom_section
 .text.__copy_rom_sections_to_ram
                0x0000b7d4       0x34 C:/Freescale/CW MCU v10.6/MCU/ARM_GCC_Support/ewl/lib/armv6-m\librt.a(ROMCopy.o)
                0x0000b7d4                __copy_rom_sections_to_ram
 *(.rodata)
 .rodata        0x0000b808       0x40 c:/freescale/cw mcu v10.6/cross_tools/arm-none-eabi-gcc-4_7_3/bin/../lib/gcc/arm-none-eabi/4.7.3/armv6-m\libgcc.a(divsf3.o)
 .rodata        0x0000b848       0x40 c:/freescale/cw mcu v10.6/cross_tools/arm-none-eabi-gcc-4_7_3/bin/../lib/gcc/arm-none-eabi/4.7.3/armv6-m\libgcc.a(mulsf3.o)
 .rodata        0x0000b888       0x40 c:/freescale/cw mcu v10.6/cross_tools/arm-none-eabi-gcc-4_7_3/bin/../lib/gcc/arm-none-eabi/4.7.3/armv6-m\libgcc.a(divdf3.o)
 .rodata        0x0000b8c8       0x40 c:/freescale/cw mcu v10.6/cross_tools/arm-none-eabi-gcc-4_7_3/bin/../lib/gcc/arm-none-eabi/4.7.3/armv6-m\libgcc.a(muldf3.o)
 *(.rodata*)
 .rodata.str1.4
                0x0000b908      0x343 ./Sources/TFC/TFC_Terminal.o
                                0x350 (size before relaxing)
 *fill*         0x0000bc4b        0x1 00
 .rodata.ADC0_IRQHandler
                0x0000bc4c       0x1c ./Sources/TFC/TFC_ADC.o
 .rodata.str1.4
                0x0000bc68        0x4 ./Sources/main.o
                                  0x8 (size before relaxing)
 .rodata.str1.4
                0x0000bc6c       0x18 ./Sources/LCD.o
 .rodata.str1.1
                0x0000bc84        0x1 C:/Freescale/CW MCU v10.6/MCU/ARM_GCC_Support/ewl/lib/armv6-m\libc.a(printformat_.o)
 .rodata.CSWTCH.20
                0x0000bc85        0x5 C:/Freescale/CW MCU v10.6/MCU/ARM_GCC_Support/ewl/lib/armv6-m\libc.a(printformat_.o)
 .rodata.CSWTCH.21
                0x0000bc8a        0x5 C:/Freescale/CW MCU v10.6/MCU/ARM_GCC_Support/ewl/lib/armv6-m\libc.a(printformat_.o)
 .rodata.__aeabi_ctype_table_C
                0x0000bc8f      0x101 C:/Freescale/CW MCU v10.6/MCU/ARM_GCC_Support/ewl/lib/armv6-m\libc.a(ctype_aeabi.o)
                0x0000bc8f                __aeabi_ctype_table_C
 .rodata.dp_h   0x0000bd90       0x10 C:/Freescale/CW MCU v10.6/MCU/ARM_GCC_Support/ewl/lib/armv6-m\libm.a(e_pow.o)
 .rodata.dp_l   0x0000bda0       0x10 C:/Freescale/CW MCU v10.6/MCU/ARM_GCC_Support/ewl/lib/armv6-m\libm.a(e_pow.o)
 .rodata.bp     0x0000bdb0       0x10 C:/Freescale/CW MCU v10.6/MCU/ARM_GCC_Support/ewl/lib/armv6-m\libm.a(e_pow.o)
 *(.glue_7)
 .glue_7        0x00000000        0x0 linker stubs
 *(.glue_7t)
 .glue_7t       0x00000000        0x0 linker stubs
 *(.eh_frame)
 *(.init)
 *(.fini)
                0x0000bdc0                . = ALIGN (0x4)
                0x0000bdc0                _etext = .

.vfp11_veneer   0x0000bdc0        0x0
 .vfp11_veneer  0x00000000        0x0 linker stubs

.v4_bx          0x0000bdc0        0x0
 .v4_bx         0x00000000        0x0 linker stubs

.iplt           0x0000bdc0        0x0
 .iplt          0x00000000        0x0 ./Project_Settings/Startup_Code/kinetis_sysinit.o

.rel.dyn        0x0000bdc0        0x0
 .rel.iplt      0x00000000        0x0 ./Project_Settings/Startup_Code/kinetis_sysinit.o

.ARM.extab
 *(.ARM.extab* .gnu.linkonce.armextab.*)

.ARM            0x0000bdc0        0x0
                0x0000bdc0                __exidx_start = .
 *(.ARM.exidx*)
                0x0000bdc0                __exidx_end = .

.ctors          0x0000bdc0        0x0
                0x0000bdc0                __CTOR_LIST__ = .
 *crtbegin.o(.ctors)
 *(EXCLUDE_FILE(*crtend.o) .ctors)
 *(SORT(.ctors.*))
 *(.ctors)
                0x0000bdc0                __CTOR_END__ = .

.dtors          0x0000bdc0        0x0
                0x0000bdc0                __DTOR_LIST__ = .
 *crtbegin.o(.dtors)
 *(EXCLUDE_FILE(*crtend.o) .dtors)
 *(SORT(.dtors.*))
 *(.dtors)
                0x0000bdc0                __DTOR_END__ = .

.preinit_array  0x0000bdc0        0x0
                0x0000bdc0                PROVIDE (__preinit_array_start, .)
 *(.preinit_array*)
                0x0000bdc0                PROVIDE (__preinit_array_end, .)

.init_array     0x0000bdc0        0x0
                0x0000bdc0                PROVIDE (__init_array_start, .)
 *(SORT(.init_array.*))
 *(.init_array*)
                0x0000bdc0                PROVIDE (__init_array_end, .)

.fini_array     0x0000bdc0        0x0
                0x0000bdc0                PROVIDE (__fini_array_start, .)
 *(SORT(.fini_array.*))
 *(.fini_array*)
                0x0000bdc0                PROVIDE (__fini_array_end, .)
                0x0000bdc0                ___ROM_AT = .

.mtb            0x1ffff000        0x0
                0x1ffff000                . = ALIGN (0x8)
                0x1ffff000                _mtb_start = .
 *(.mtb_buf)
                0x1ffff000                . = ALIGN (0x8)
                0x1ffff000                _mtb_end = .

.data           0x1ffff000      0x224 load address 0x0000bdc0
                0x1ffff000                . = ALIGN (0x4)
                0x1ffff000                _sdata = .
 *(.data)
 *(.data*)
 .data.MyTerminalCallbackRecords
                0x1ffff000       0x48 ./Sources/TFC/TFC_Terminal.o
                0x1ffff000                MyTerminalCallbackRecords
 .data.max_speed_percent
                0x1ffff048        0x4 ./Sources/main.o
                0x1ffff048                max_speed_percent
 .data.cross_section_enable
                0x1ffff04c        0x1 ./Sources/main.o
                0x1ffff04c                cross_section_enable
 *fill*         0x1ffff04d        0x3 00
 .data.carState
                0x1ffff050       0x10 ./Sources/main.o
 .data.mapArray
                0x1ffff060      0x194 ./Sources/ServoMapping.o
                0x1ffff060                mapArray
 .data.previousRight.6016
                0x1ffff1f4       0x10 ./Sources/LineDetectionDouble.o
 .data.previousLeft.6015
                0x1ffff204       0x10 ./Sources/LineDetectionDouble.o
 .data.trackWidthAverage
                0x1ffff214        0x4 ./Sources/LineDetectionDouble.o
 .data.newExposure
                0x1ffff218        0x4 ./Sources/AutoExposure.o
                0x1ffff218                newExposure
 .data.__double_nan
                0x1ffff21c        0x8 C:/Freescale/CW MCU v10.6/MCU/ARM_GCC_Support/ewl/lib/armv6-m\libm.a(float.o)
                0x1ffff21c                __double_nan
                0x1ffff224                . = ALIGN (0x4)
                0x1ffff224                _edata = .
                0x00000224                ___data_size = (_edata - _sdata)

.igot.plt       0x1ffff224        0x0 load address 0x0000bfe4
 .igot.plt      0x00000000        0x0 ./Project_Settings/Startup_Code/kinetis_sysinit.o
                0x1ffff224                . = ALIGN (0x4)

.bss            0x1ffff224     0x2d50 load address 0x0000bfe4
                0x1ffff224                __START_BSS = .
                0x1ffff224                PROVIDE (__bss_start__, __START_BSS)
 *(.bss)
 *(.bss*)
 .bss.argv      0x1ffff224        0x4 ./Project_Settings/Startup_Code/__arm_start.o
 .bss.StringBuffer
                0x1ffff228      0x100 ./Sources/TFC/TFC_Queue.o
 .bss.motorValue
                0x1ffff328        0x8 ./Sources/TFC/TFC_Motor.o
 .bss.DelayTimerTick
                0x1ffff330        0x4 ./Sources/TFC/TFC_ARM_SysTick.o
 .bss.carState  0x1ffff334        0x4 ./Sources/TFC/TFC_ADC.o
 .bss.CurrentADC_State
                0x1ffff338        0x1 ./Sources/TFC/TFC_ADC.o
 .bss.CurrentLineScanPixel
                0x1ffff339        0x1 ./Sources/TFC/TFC_ADC.o
                0x1ffff339                CurrentLineScanPixel
 .bss.CurrentLineScanChannel
                0x1ffff33a        0x1 ./Sources/TFC/TFC_ADC.o
                0x1ffff33a                CurrentLineScanChannel
 *fill*         0x1ffff33b        0x1 00
 .bss.previousServoValue.6228
                0x1ffff33c        0x4 ./Sources/main.o
 .bss.count     0x1ffff340        0x1 ./Sources/main.o
                0x1ffff340                count
 .bss.steeringControlUpdate.6158
                0x1ffff341        0x1 ./Sources/main.o
 .bss.s_mode_enable
                0x1ffff342        0x1 ./Sources/main.o
                0x1ffff342                s_mode_enable
 *fill*         0x1ffff343        0x1 00
 .bss.stopDelayTime.6162
                0x1ffff344        0x4 ./Sources/main.o
 .bss.loop_time
                0x1ffff348        0x2 ./Sources/main.o
                0x1ffff348                loop_time
 *fill*         0x1ffff34a        0x2 00
 .bss.totalIntensity.6159
                0x1ffff34c        0x4 ./Sources/main.o
 .bss.loop_begin
                0x1ffff350        0x2 ./Sources/main.o
                0x1ffff350                loop_begin
 *fill*         0x1ffff352        0x2 00
 .bss.previousTargetSpeed.6224
                0x1ffff354        0x4 ./Sources/main.o
 .bss.speedL    0x1ffff358        0x4 ./Sources/main.o
                0x1ffff358                speedL
 .bss.stopline_enable
                0x1ffff35c        0x1 ./Sources/main.o
                0x1ffff35c                stopline_enable
 *fill*         0x1ffff35d        0x3 00
 .bss.batteryLevel
                0x1ffff360        0x4 ./Sources/main.o
                0x1ffff360                batteryLevel
 .bss.test_begin
                0x1ffff364        0x4 ./Sources/main.o
                0x1ffff364                test_begin
 .bss.speedR    0x1ffff368        0x4 ./Sources/main.o
                0x1ffff368                speedR
 .bss.received_byte1
                0x1ffff36c        0x1 ./Sources/main.o
                0x1ffff36c                received_byte1
 .bss.received_byte2
                0x1ffff36d        0x1 ./Sources/main.o
                0x1ffff36d                received_byte2
 *fill*         0x1ffff36e        0x2 00
 .bss.test_time
                0x1ffff370        0x4 ./Sources/main.o
                0x1ffff370                test_time
 .bss.stoplineJustDetected
                0x1ffff374        0x1 ./Sources/main.o
 *fill*         0x1ffff375        0x3 00
 .bss.friction_correct
                0x1ffff378        0x4 ./Sources/main.o
                0x1ffff378                friction_correct
 .bss.previousRaceLine.6220
                0x1ffff37c        0x4 ./Sources/main.o
 .bss.stoplineDetectedMoment.6161
                0x1ffff380        0x4 ./Sources/main.o
 .bss.servoValue
                0x1ffff384        0x4 ./Sources/main.o
 .bss.targetSpeed
                0x1ffff388        0x4 ./Sources/main.o
 .bss.newPosition.5887
                0x1ffff38c        0x4 ./Sources/SteeringControl.o
 .bss.errorSum.5888
                0x1ffff390        0x4 ./Sources/SteeringControl.o
 .bss.previousError.5889
                0x1ffff394        0x4 ./Sources/SteeringControl.o
 .bss.speeds    0x1ffff398       0x30 ./Sources/SpeedSensor.o
 .bss.PIDVariables.5929
                0x1ffff3c8       0x30 ./Sources/SpeedControl.o
 .bss.probabilityTables
                0x1ffff3f8     0x1024 ./Sources/Probability.o
                0x1ffff3f8                probabilityTables
 .bss.detectedDoubleLines
                0x2000041c      0x208 ./Sources/LineDetectionDouble.o
 .bss.detectedLines
                0x20000624      0x284 ./Sources/LineDetectionDouble.o
 .bss.previousTrack.6012
                0x200008a8       0x10 ./Sources/LineDetectionDouble.o
 .bss.lineTransitionsStop
                0x200008b8      0x104 ./Sources/LineDetectionDouble.o
 .bss.lineCenterTemp
                0x200009bc        0x4 ./Sources/LineDetectionDouble.o
 .bss.lineCenterPrevious
                0x200009c0        0x1 ./Sources/LineDetectionDouble.o
 .bss.edgePreviousValid
                0x200009c1        0x1 ./Sources/LineDetectionDouble.o
 *fill*         0x200009c2        0x2 00
 .bss.lineTransitions
                0x200009c4      0x104 ./Sources/LineDetectionDouble.o
 .bss.imageDifferentialTwo.6010
                0x20000ac8      0x100 ./Sources/LineDetectionDouble.o
 .bss.detectedTracks
                0x20000bc8      0x204 ./Sources/LineDetectionDouble.o
 .bss.imageDifferential.6009
                0x20000dcc      0x100 ./Sources/LineDetectionDouble.o
 .bss.Kernel    0x20000ecc       0x14 ./Sources/EdgeDetection.o
                0x20000ecc                Kernel
 .bss.blurredImage
                0x20000ee0      0x200 ./Sources/EdgeDetection.o
 .bss.derivativeImage
                0x200010e0      0x100 ./Sources/EdgeDetection.o
 .bss.previousError
                0x200011e0        0x4 ./Sources/AutoExposure.o
                0x200011e0                previousError
 .bss.error     0x200011e4        0x4 ./Sources/AutoExposure.o
                0x200011e4                error
 .bss.errorSum  0x200011e8        0x4 ./Sources/AutoExposure.o
                0x200011e8                errorSum
 .bss.dError    0x200011ec        0x4 ./Sources/AutoExposure.o
                0x200011ec                dError
 .bss.__stdio_exit
                0x200011f0        0x4 C:/Freescale/CW MCU v10.6/MCU/ARM_GCC_Support/ewl/lib/armv6-m\libc.a(exit.o)
                0x200011f0                __stdio_exit
 .bss.__console_exit
                0x200011f4        0x4 C:/Freescale/CW MCU v10.6/MCU/ARM_GCC_Support/ewl/lib/armv6-m\libc.a(exit.o)
                0x200011f4                __console_exit
 .bss.__global_destructor_chain
                0x200011f8        0x4 C:/Freescale/CW MCU v10.6/MCU/ARM_GCC_Support/ewl/lib/armv6-m\librt.a(__arm_eabi_init.o)
                0x200011f8                __global_destructor_chain
 .bss.__S_romp  0x200011fc        0xc C:/Freescale/CW MCU v10.6/MCU/ARM_GCC_Support/ewl/lib/armv6-m\librt.a(ROMCopy.o)
 *(COMMON)
 COMMON         0x20001208      0x898 ./Sources/TFC/TFC_UART.o
                0x20001208                SDA_SERIAL_INCOMING_QUEUE
                0x20001214                SDA_SERIAL_OUTGOING_QUEUE
                0x20001220                SDA_SERIAL_INCOMING_QUEUE_Storage
                0x200012a0                SDA_SERIAL_OUTGOING_QUEUE_Storage
 COMMON         0x20001aa0       0x86 ./Sources/TFC/TFC_Terminal.o
                0x20001aa0                CmdFound
                0x20001aa1                NextCharIn
                0x20001aa4                TerminalLineBuf
                0x20001ae4                TerminalArgs
                0x20001b04                TerminalCmdBuf
                0x20001b25                TerminalPos
 COMMON         0x20001b26        0x1 ./Sources/TFC/TFC_Servo.o
                0x20001b26                ServoTickVar
 *fill*         0x20001b27        0x1 00
 COMMON         0x20001b28      0x414 ./Sources/TFC/TFC_LineScanCamera.o
                0x20001b28                LineScanWorkingBuffer
                0x20001b2c                LineScanImage1
                0x20001b30                LineScanImage0Buffer
                0x20001d30                LineScanImage0WorkingBuffer
                0x20001d34                LineScanImage1Buffer
                0x20001f34                LineScanImage0
                0x20001f38                LineScanImage1WorkingBuffer
 COMMON         0x20001f3c       0x24 ./Sources/TFC/TFC_ARM_SysTick.o
                0x20001f3c                TFC_Ticker
 COMMON         0x20001f60        0xa ./Sources/TFC/TFC_ADC.o
                0x20001f60                motorCurrent
                0x20001f64                PotADC_Value
                0x20001f68                BatSenseADC_Value
 *fill*         0x20001f6a        0x2 00
 COMMON         0x20001f6c        0x4 ./Sources/main.o
                0x20001f6c                incline_speed
 COMMON         0x20001f70        0x4 C:/Freescale/CW MCU v10.6/MCU/ARM_GCC_Support/ewl/lib/armv6-m\libc.a(errno.o)
                0x20001f70                errno
                0x20001f74                . = ALIGN (0x4)
                0x20001f74                __END_BSS = .
                0x20001f74                PROVIDE (__bss_end__, __END_BSS)
                0x0000bfe4                _romp_at = (___ROM_AT + SIZEOF (.data))

.romp           0x20001f74       0x18 load address 0x0000bfe4
                0x0000bfe4                __S_romp = _romp_at
                0x20001f74        0x4 LONG 0xbdc0 ___ROM_AT
                0x20001f78        0x4 LONG 0x1ffff000 _sdata
                0x20001f7c        0x4 LONG 0x224 ___data_size
                0x20001f80        0x4 LONG 0x0
                0x20001f84        0x4 LONG 0x0
                0x20001f88        0x4 LONG 0x0

._user_heap_stack
                0x20001f8c      0x800 load address 0x0000bffc
                0x20001f8c                . = ALIGN (0x4)
                0x20001f8c                PROVIDE (end, .)
                0x20001f8c                PROVIDE (_end, .)
                0x20001f8c                __heap_addr = .
                0x2000238c                . = (. + __heap_size)
 *fill*         0x20001f8c      0x400 00
                0x2000278c                . = (. + __stack_size)
 *fill*         0x2000238c      0x400 00
                0x2000278c                . = ALIGN (0x4)

.ARM.attributes
                0x00000000       0x31
 *(.ARM.attributes)
 .ARM.attributes
                0x00000000       0x31 ./Project_Settings/Startup_Code/kinetis_sysinit.o
 .ARM.attributes
                0x00000031       0x31 ./Project_Settings/Startup_Code/__arm_start.o
 .ARM.attributes
                0x00000062       0x31 ./Project_Settings/Startup_Code/__arm_end.o
 .ARM.attributes
                0x00000093       0x31 ./Sources/TFC/TFC_arm_cm0.o
 .ARM.attributes
                0x000000c4       0x31 ./Sources/TFC/TFC_UART.o
 .ARM.attributes
                0x000000f5       0x31 ./Sources/TFC/TFC_Terminal.o
 .ARM.attributes
                0x00000126       0x31 ./Sources/TFC/TFC_Servo.o
 .ARM.attributes
                0x00000157       0x31 ./Sources/TFC/TFC_Queue.o
 .ARM.attributes
                0x00000188       0x31 ./Sources/TFC/TFC_Motor.o
 .ARM.attributes
                0x000001b9       0x31 ./Sources/TFC/TFC_LineScanCamera.o
 .ARM.attributes
                0x000001ea       0x31 ./Sources/TFC/TFC_CrystalClock.o
 .ARM.attributes
                0x0000021b       0x31 ./Sources/TFC/TFC_BoardSupport.o
 .ARM.attributes
                0x0000024c       0x31 ./Sources/TFC/TFC_ARM_SysTick.o
 .ARM.attributes
                0x0000027d       0x31 ./Sources/TFC/TFC_ADC.o
 .ARM.attributes
                0x000002ae       0x31 ./Sources/main.o
 .ARM.attributes
                0x000002df       0x31 ./Sources/TargetSpeedControl.o
 .ARM.attributes
                0x00000310       0x31 ./Sources/SteeringControl.o
 .ARM.attributes
                0x00000341       0x31 ./Sources/SpeedSensor.o
 .ARM.attributes
                0x00000372       0x31 ./Sources/SpeedControl.o
 .ARM.attributes
                0x000003a3       0x31 ./Sources/ServoMapping.o
 .ARM.attributes
                0x000003d4       0x31 ./Sources/Probability.o
 .ARM.attributes
                0x00000405       0x31 ./Sources/LineDetectionDouble.o
 .ARM.attributes
                0x00000436       0x31 ./Sources/LCD.o
 .ARM.attributes
                0x00000467       0x31 ./Sources/EdgeDetection.o
 .ARM.attributes
                0x00000498       0x31 ./Sources/AutoExposure.o
 .ARM.attributes
                0x000004c9       0x31 ./Sources/ActiveDifferential.o
 .ARM.attributes
                0x000004fa       0x31 C:/Freescale/CW MCU v10.6/MCU/ARM_GCC_Support/ewl/lib/armv6-m\libc.a(vsprintf.o)
 .ARM.attributes
                0x0000052b       0x31 C:/Freescale/CW MCU v10.6/MCU/ARM_GCC_Support/ewl/lib/armv6-m\libc.a(sscanf.o)
 .ARM.attributes
                0x0000055c       0x31 C:/Freescale/CW MCU v10.6/MCU/ARM_GCC_Support/ewl/lib/armv6-m\libc.a(vsscanf.o)
 .ARM.attributes
                0x0000058d       0x31 C:/Freescale/CW MCU v10.6/MCU/ARM_GCC_Support/ewl/lib/armv6-m\libc.a(exit.o)
 .ARM.attributes
                0x000005be       0x31 C:/Freescale/CW MCU v10.6/MCU/ARM_GCC_Support/ewl/lib/armv6-m\libc.a(memset.o)
 .ARM.attributes
                0x000005ef       0x31 C:/Freescale/CW MCU v10.6/MCU/ARM_GCC_Support/ewl/lib/armv6-m\libc.a(__filll_mem.o)
 .ARM.attributes
                0x00000620       0x31 C:/Freescale/CW MCU v10.6/MCU/ARM_GCC_Support/ewl/lib/armv6-m\libc.a(strcpy.o)
 .ARM.attributes
                0x00000651       0x31 C:/Freescale/CW MCU v10.6/MCU/ARM_GCC_Support/ewl/lib/armv6-m\libc.a(strcmp.o)
 .ARM.attributes
                0x00000682       0x31 C:/Freescale/CW MCU v10.6/MCU/ARM_GCC_Support/ewl/lib/armv6-m\libc.a(strlen.o)
 .ARM.attributes
                0x000006b3       0x31 C:/Freescale/CW MCU v10.6/MCU/ARM_GCC_Support/ewl/lib/armv6-m\libc.a(printformat_.o)
 .ARM.attributes
                0x000006e4       0x31 C:/Freescale/CW MCU v10.6/MCU/ARM_GCC_Support/ewl/lib/armv6-m\libc.a(scanformat_.o)
 .ARM.attributes
                0x00000715       0x31 C:/Freescale/CW MCU v10.6/MCU/ARM_GCC_Support/ewl/lib/armv6-m\libc.a(ctype_aeabi.o)
 .ARM.attributes
                0x00000746       0x31 C:/Freescale/CW MCU v10.6/MCU/ARM_GCC_Support/ewl/lib/armv6-m\libc.a(vsnprintf.o)
 .ARM.attributes
                0x00000777       0x31 C:/Freescale/CW MCU v10.6/MCU/ARM_GCC_Support/ewl/lib/armv6-m\libc.a(__strtoul.o)
 .ARM.attributes
                0x000007a8       0x31 C:/Freescale/CW MCU v10.6/MCU/ARM_GCC_Support/ewl/lib/armv6-m\libc.a(strchr.o)
 .ARM.attributes
                0x000007d9       0x31 C:/Freescale/CW MCU v10.6/MCU/ARM_GCC_Support/ewl/lib/armv6-m\libc.a(memcpy.o)
 .ARM.attributes
                0x0000080a       0x31 C:/Freescale/CW MCU v10.6/MCU/ARM_GCC_Support/ewl/lib/armv6-m\libc.a(memchr.o)
 .ARM.attributes
                0x0000083b       0x31 C:/Freescale/CW MCU v10.6/MCU/ARM_GCC_Support/ewl/lib/armv6-m\libm.a(w_pow.o)
 .ARM.attributes
                0x0000086c       0x31 C:/Freescale/CW MCU v10.6/MCU/ARM_GCC_Support/ewl/lib/armv6-m\libm.a(e_pow.o)
 .ARM.attributes
                0x0000089d       0x31 C:/Freescale/CW MCU v10.6/MCU/ARM_GCC_Support/ewl/lib/armv6-m\libm.a(scalbn.o)
 .ARM.attributes
                0x000008ce       0x31 C:/Freescale/CW MCU v10.6/MCU/ARM_GCC_Support/ewl/lib/armv6-m\libm.a(w_sqrt.o)
 .ARM.attributes
                0x000008ff       0x31 C:/Freescale/CW MCU v10.6/MCU/ARM_GCC_Support/ewl/lib/armv6-m\libm.a(math_api.o)
 .ARM.attributes
                0x00000930       0x31 C:/Freescale/CW MCU v10.6/MCU/ARM_GCC_Support/ewl/lib/armv6-m\libm.a(float.o)
 .ARM.attributes
                0x00000961       0x31 C:/Freescale/CW MCU v10.6/MCU/ARM_GCC_Support/ewl/lib/armv6-m\libm.a(s_frexp.o)
 .ARM.attributes
                0x00000992       0x31 C:/Freescale/CW MCU v10.6/MCU/ARM_GCC_Support/ewl/lib/armv6-m\libm.a(s_ldexp.o)
 .ARM.attributes
                0x000009c3       0x31 C:/Freescale/CW MCU v10.6/MCU/ARM_GCC_Support/ewl/lib/armv6-m\libm.a(e_sqrt.o)
 .ARM.attributes
                0x000009f4       0x1e c:/freescale/cw mcu v10.6/cross_tools/arm-none-eabi-gcc-4_7_3/bin/../lib/gcc/arm-none-eabi/4.7.3/armv6-m\libgcc.a(_thumb1_case_sqi.o)
 .ARM.attributes
                0x00000a12       0x1e c:/freescale/cw mcu v10.6/cross_tools/arm-none-eabi-gcc-4_7_3/bin/../lib/gcc/arm-none-eabi/4.7.3/armv6-m\libgcc.a(_thumb1_case_uqi.o)
 .ARM.attributes
                0x00000a30       0x1e c:/freescale/cw mcu v10.6/cross_tools/arm-none-eabi-gcc-4_7_3/bin/../lib/gcc/arm-none-eabi/4.7.3/armv6-m\libgcc.a(_udivsi3.o)
 .ARM.attributes
                0x00000a4e       0x1e c:/freescale/cw mcu v10.6/cross_tools/arm-none-eabi-gcc-4_7_3/bin/../lib/gcc/arm-none-eabi/4.7.3/armv6-m\libgcc.a(_divsi3.o)
 .ARM.attributes
                0x00000a6c       0x1e c:/freescale/cw mcu v10.6/cross_tools/arm-none-eabi-gcc-4_7_3/bin/../lib/gcc/arm-none-eabi/4.7.3/armv6-m\libgcc.a(_dvmd_tls.o)
 .ARM.attributes
                0x00000a8a       0x1e c:/freescale/cw mcu v10.6/cross_tools/arm-none-eabi-gcc-4_7_3/bin/../lib/gcc/arm-none-eabi/4.7.3/armv6-m\libgcc.a(_arm_cmpdf2.o)
 .ARM.attributes
                0x00000aa8       0x1e c:/freescale/cw mcu v10.6/cross_tools/arm-none-eabi-gcc-4_7_3/bin/../lib/gcc/arm-none-eabi/4.7.3/armv6-m\libgcc.a(_arm_cmpsf2.o)
 .ARM.attributes
                0x00000ac6       0x2c c:/freescale/cw mcu v10.6/cross_tools/arm-none-eabi-gcc-4_7_3/bin/../lib/gcc/arm-none-eabi/4.7.3/armv6-m\libgcc.a(_fixunssfsi.o)
 .ARM.attributes
                0x00000af2       0x2c c:/freescale/cw mcu v10.6/cross_tools/arm-none-eabi-gcc-4_7_3/bin/../lib/gcc/arm-none-eabi/4.7.3/armv6-m\libgcc.a(_fixunsdfsi.o)
 .ARM.attributes
                0x00000b1e       0x2c c:/freescale/cw mcu v10.6/cross_tools/arm-none-eabi-gcc-4_7_3/bin/../lib/gcc/arm-none-eabi/4.7.3/armv6-m\libgcc.a(addsf3.o)
 .ARM.attributes
                0x00000b4a       0x2c c:/freescale/cw mcu v10.6/cross_tools/arm-none-eabi-gcc-4_7_3/bin/../lib/gcc/arm-none-eabi/4.7.3/armv6-m\libgcc.a(divsf3.o)
 .ARM.attributes
                0x00000b76       0x2c c:/freescale/cw mcu v10.6/cross_tools/arm-none-eabi-gcc-4_7_3/bin/../lib/gcc/arm-none-eabi/4.7.3/armv6-m\libgcc.a(eqsf2.o)
 .ARM.attributes
                0x00000ba2       0x2c c:/freescale/cw mcu v10.6/cross_tools/arm-none-eabi-gcc-4_7_3/bin/../lib/gcc/arm-none-eabi/4.7.3/armv6-m\libgcc.a(gesf2.o)
 .ARM.attributes
                0x00000bce       0x2c c:/freescale/cw mcu v10.6/cross_tools/arm-none-eabi-gcc-4_7_3/bin/../lib/gcc/arm-none-eabi/4.7.3/armv6-m\libgcc.a(lesf2.o)
 .ARM.attributes
                0x00000bfa       0x2c c:/freescale/cw mcu v10.6/cross_tools/arm-none-eabi-gcc-4_7_3/bin/../lib/gcc/arm-none-eabi/4.7.3/armv6-m\libgcc.a(mulsf3.o)
 .ARM.attributes
                0x00000c26       0x2c c:/freescale/cw mcu v10.6/cross_tools/arm-none-eabi-gcc-4_7_3/bin/../lib/gcc/arm-none-eabi/4.7.3/armv6-m\libgcc.a(subsf3.o)
 .ARM.attributes
                0x00000c52       0x2c c:/freescale/cw mcu v10.6/cross_tools/arm-none-eabi-gcc-4_7_3/bin/../lib/gcc/arm-none-eabi/4.7.3/armv6-m\libgcc.a(fixsfsi.o)
 .ARM.attributes
                0x00000c7e       0x2c c:/freescale/cw mcu v10.6/cross_tools/arm-none-eabi-gcc-4_7_3/bin/../lib/gcc/arm-none-eabi/4.7.3/armv6-m\libgcc.a(floatsisf.o)
 .ARM.attributes
                0x00000caa       0x2c c:/freescale/cw mcu v10.6/cross_tools/arm-none-eabi-gcc-4_7_3/bin/../lib/gcc/arm-none-eabi/4.7.3/armv6-m\libgcc.a(floatunsisf.o)
 .ARM.attributes
                0x00000cd6       0x2c c:/freescale/cw mcu v10.6/cross_tools/arm-none-eabi-gcc-4_7_3/bin/../lib/gcc/arm-none-eabi/4.7.3/armv6-m\libgcc.a(adddf3.o)
 .ARM.attributes
                0x00000d02       0x2c c:/freescale/cw mcu v10.6/cross_tools/arm-none-eabi-gcc-4_7_3/bin/../lib/gcc/arm-none-eabi/4.7.3/armv6-m\libgcc.a(divdf3.o)
 .ARM.attributes
                0x00000d2e       0x2c c:/freescale/cw mcu v10.6/cross_tools/arm-none-eabi-gcc-4_7_3/bin/../lib/gcc/arm-none-eabi/4.7.3/armv6-m\libgcc.a(eqdf2.o)
 .ARM.attributes
                0x00000d5a       0x2c c:/freescale/cw mcu v10.6/cross_tools/arm-none-eabi-gcc-4_7_3/bin/../lib/gcc/arm-none-eabi/4.7.3/armv6-m\libgcc.a(gedf2.o)
 .ARM.attributes
                0x00000d86       0x2c c:/freescale/cw mcu v10.6/cross_tools/arm-none-eabi-gcc-4_7_3/bin/../lib/gcc/arm-none-eabi/4.7.3/armv6-m\libgcc.a(ledf2.o)
 .ARM.attributes
                0x00000db2       0x2c c:/freescale/cw mcu v10.6/cross_tools/arm-none-eabi-gcc-4_7_3/bin/../lib/gcc/arm-none-eabi/4.7.3/armv6-m\libgcc.a(muldf3.o)
 .ARM.attributes
                0x00000dde       0x2c c:/freescale/cw mcu v10.6/cross_tools/arm-none-eabi-gcc-4_7_3/bin/../lib/gcc/arm-none-eabi/4.7.3/armv6-m\libgcc.a(subdf3.o)
 .ARM.attributes
                0x00000e0a       0x2c c:/freescale/cw mcu v10.6/cross_tools/arm-none-eabi-gcc-4_7_3/bin/../lib/gcc/arm-none-eabi/4.7.3/armv6-m\libgcc.a(fixdfsi.o)
 .ARM.attributes
                0x00000e36       0x2c c:/freescale/cw mcu v10.6/cross_tools/arm-none-eabi-gcc-4_7_3/bin/../lib/gcc/arm-none-eabi/4.7.3/armv6-m\libgcc.a(floatsidf.o)
 .ARM.attributes
                0x00000e62       0x2c c:/freescale/cw mcu v10.6/cross_tools/arm-none-eabi-gcc-4_7_3/bin/../lib/gcc/arm-none-eabi/4.7.3/armv6-m\libgcc.a(floatunsidf.o)
 .ARM.attributes
                0x00000e8e       0x2c c:/freescale/cw mcu v10.6/cross_tools/arm-none-eabi-gcc-4_7_3/bin/../lib/gcc/arm-none-eabi/4.7.3/armv6-m\libgcc.a(extendsfdf2.o)
 .ARM.attributes
                0x00000eba       0x2c c:/freescale/cw mcu v10.6/cross_tools/arm-none-eabi-gcc-4_7_3/bin/../lib/gcc/arm-none-eabi/4.7.3/armv6-m\libgcc.a(truncdfsf2.o)
 .ARM.attributes
                0x00000ee6       0x1e c:/freescale/cw mcu v10.6/cross_tools/arm-none-eabi-gcc-4_7_3/bin/../lib/gcc/arm-none-eabi/4.7.3/armv6-m\libgcc.a(_clzsi2.o)
 .ARM.attributes
                0x00000f04       0x31 C:/Freescale/CW MCU v10.6/MCU/ARM_GCC_Support/ewl/lib/armv6-m\librt.a(gcc_ctor_dtor.o)
 .ARM.attributes
                0x00000f35       0x31 C:/Freescale/CW MCU v10.6/MCU/ARM_GCC_Support/ewl/lib/armv6-m\librt.a(__arm_eabi_init.o)
 .ARM.attributes
                0x00000f66       0x31 C:/Freescale/CW MCU v10.6/MCU/ARM_GCC_Support/ewl/lib/armv6-m\librt.a(ROMCopy.o)
 .ARM.attributes
                0x00000f97       0x31 C:/Freescale/CW MCU v10.6/MCU/ARM_GCC_Support/ewl/lib/armv6-m\libc.a(errno.o)
OUTPUT(FRDM-TRC.elf elf32-littlearm)

.debug_info     0x00000000     0xd1ca
 .debug_info    0x00000000      0x492 ./Project_Settings/Startup_Code/kinetis_sysinit.o
 .debug_info    0x00000492      0x148 ./Project_Settings/Startup_Code/__arm_start.o
 .debug_info    0x000005da       0x53 ./Project_Settings/Startup_Code/__arm_end.o
 .debug_info    0x0000062d      0x3c2 ./Sources/TFC/TFC_arm_cm0.o
 .debug_info    0x000009ef     0x11bd ./Sources/TFC/TFC_UART.o
 .debug_info    0x00001bac      0x4f4 ./Sources/TFC/TFC_Terminal.o
 .debug_info    0x000020a0      0x705 ./Sources/TFC/TFC_Servo.o
 .debug_info    0x000027a5      0x44a ./Sources/TFC/TFC_Queue.o
 .debug_info    0x00002bef      0x538 ./Sources/TFC/TFC_Motor.o
 .debug_info    0x00003127      0x5eb ./Sources/TFC/TFC_LineScanCamera.o
 .debug_info    0x00003712      0xe4f ./Sources/TFC/TFC_CrystalClock.o
 .debug_info    0x00004561      0x48d ./Sources/TFC/TFC_BoardSupport.o
 .debug_info    0x000049ee      0x1a9 ./Sources/TFC/TFC_ARM_SysTick.o
 .debug_info    0x00004b97      0xf14 ./Sources/TFC/TFC_ADC.o
 .debug_info    0x00005aab      0xfc3 ./Sources/main.o
 .debug_info    0x00006a6e      0x34b ./Sources/TargetSpeedControl.o
 .debug_info    0x00006db9      0x18f ./Sources/SteeringControl.o
 .debug_info    0x00006f48      0x766 ./Sources/SpeedSensor.o
 .debug_info    0x000076ae      0x2dc ./Sources/SpeedControl.o
 .debug_info    0x0000798a      0x161 ./Sources/ServoMapping.o
 .debug_info    0x00007aeb      0x22d ./Sources/Probability.o
 .debug_info    0x00007d18      0xf7b ./Sources/LineDetectionDouble.o
 .debug_info    0x00008c93      0x771 ./Sources/LCD.o
 .debug_info    0x00009404      0x2c6 ./Sources/EdgeDetection.o
 .debug_info    0x000096ca      0x1a7 ./Sources/AutoExposure.o
 .debug_info    0x00009871       0xe8 ./Sources/ActiveDifferential.o
 .debug_info    0x00009959      0x12a C:/Freescale/CW MCU v10.6/MCU/ARM_GCC_Support/ewl/lib/armv6-m\libc.a(vsprintf.o)
 .debug_info    0x00009a83      0x118 C:/Freescale/CW MCU v10.6/MCU/ARM_GCC_Support/ewl/lib/armv6-m\libc.a(sscanf.o)
 .debug_info    0x00009b9b      0x253 C:/Freescale/CW MCU v10.6/MCU/ARM_GCC_Support/ewl/lib/armv6-m\libc.a(vsscanf.o)
 .debug_info    0x00009dee       0xe8 C:/Freescale/CW MCU v10.6/MCU/ARM_GCC_Support/ewl/lib/armv6-m\libc.a(exit.o)
 .debug_info    0x00009ed6       0xec C:/Freescale/CW MCU v10.6/MCU/ARM_GCC_Support/ewl/lib/armv6-m\libc.a(memset.o)
 .debug_info    0x00009fc2      0x137 C:/Freescale/CW MCU v10.6/MCU/ARM_GCC_Support/ewl/lib/armv6-m\libc.a(__filll_mem.o)
 .debug_info    0x0000a0f9      0x109 C:/Freescale/CW MCU v10.6/MCU/ARM_GCC_Support/ewl/lib/armv6-m\libc.a(strcpy.o)
 .debug_info    0x0000a202      0x114 C:/Freescale/CW MCU v10.6/MCU/ARM_GCC_Support/ewl/lib/armv6-m\libc.a(strcmp.o)
 .debug_info    0x0000a316       0xea C:/Freescale/CW MCU v10.6/MCU/ARM_GCC_Support/ewl/lib/armv6-m\libc.a(strlen.o)
 .debug_info    0x0000a400      0x50d C:/Freescale/CW MCU v10.6/MCU/ARM_GCC_Support/ewl/lib/armv6-m\libc.a(printformat_.o)
 .debug_info    0x0000a90d      0x568 C:/Freescale/CW MCU v10.6/MCU/ARM_GCC_Support/ewl/lib/armv6-m\libc.a(scanformat_.o)
 .debug_info    0x0000ae75      0x313 C:/Freescale/CW MCU v10.6/MCU/ARM_GCC_Support/ewl/lib/armv6-m\libc.a(ctype_aeabi.o)
 .debug_info    0x0000b188      0x205 C:/Freescale/CW MCU v10.6/MCU/ARM_GCC_Support/ewl/lib/armv6-m\libc.a(vsnprintf.o)
 .debug_info    0x0000b38d      0x1d6 C:/Freescale/CW MCU v10.6/MCU/ARM_GCC_Support/ewl/lib/armv6-m\libc.a(__strtoul.o)
 .debug_info    0x0000b563      0x10b C:/Freescale/CW MCU v10.6/MCU/ARM_GCC_Support/ewl/lib/armv6-m\libc.a(strchr.o)
 .debug_info    0x0000b66e      0x10f C:/Freescale/CW MCU v10.6/MCU/ARM_GCC_Support/ewl/lib/armv6-m\libc.a(memcpy.o)
 .debug_info    0x0000b77d      0x121 C:/Freescale/CW MCU v10.6/MCU/ARM_GCC_Support/ewl/lib/armv6-m\libc.a(memchr.o)
 .debug_info    0x0000b89e       0xc0 C:/Freescale/CW MCU v10.6/MCU/ARM_GCC_Support/ewl/lib/armv6-m\libm.a(w_pow.o)
 .debug_info    0x0000b95e      0x5c7 C:/Freescale/CW MCU v10.6/MCU/ARM_GCC_Support/ewl/lib/armv6-m\libm.a(e_pow.o)
 .debug_info    0x0000bf25       0xf9 C:/Freescale/CW MCU v10.6/MCU/ARM_GCC_Support/ewl/lib/armv6-m\libm.a(scalbn.o)
 .debug_info    0x0000c01e       0xb3 C:/Freescale/CW MCU v10.6/MCU/ARM_GCC_Support/ewl/lib/armv6-m\libm.a(w_sqrt.o)
 .debug_info    0x0000c0d1      0x305 C:/Freescale/CW MCU v10.6/MCU/ARM_GCC_Support/ewl/lib/armv6-m\libm.a(math_api.o)
 .debug_info    0x0000c3d6      0x1e4 C:/Freescale/CW MCU v10.6/MCU/ARM_GCC_Support/ewl/lib/armv6-m\libm.a(float.o)
 .debug_info    0x0000c5ba      0x1a1 C:/Freescale/CW MCU v10.6/MCU/ARM_GCC_Support/ewl/lib/armv6-m\libm.a(s_frexp.o)
 .debug_info    0x0000c75b      0x1e2 C:/Freescale/CW MCU v10.6/MCU/ARM_GCC_Support/ewl/lib/armv6-m\libm.a(s_ldexp.o)
 .debug_info    0x0000c93d      0x266 C:/Freescale/CW MCU v10.6/MCU/ARM_GCC_Support/ewl/lib/armv6-m\libm.a(e_sqrt.o)
 .debug_info    0x0000cba3      0x136 C:/Freescale/CW MCU v10.6/MCU/ARM_GCC_Support/ewl/lib/armv6-m\librt.a(gcc_ctor_dtor.o)
 .debug_info    0x0000ccd9      0x2b9 C:/Freescale/CW MCU v10.6/MCU/ARM_GCC_Support/ewl/lib/armv6-m\librt.a(__arm_eabi_init.o)
 .debug_info    0x0000cf92      0x19b C:/Freescale/CW MCU v10.6/MCU/ARM_GCC_Support/ewl/lib/armv6-m\librt.a(ROMCopy.o)
 .debug_info    0x0000d12d       0x9d C:/Freescale/CW MCU v10.6/MCU/ARM_GCC_Support/ewl/lib/armv6-m\libc.a(errno.o)

.debug_abbrev   0x00000000     0x3ad7
 .debug_abbrev  0x00000000      0x11c ./Project_Settings/Startup_Code/kinetis_sysinit.o
 .debug_abbrev  0x0000011c       0xc2 ./Project_Settings/Startup_Code/__arm_start.o
 .debug_abbrev  0x000001de       0x4c ./Project_Settings/Startup_Code/__arm_end.o
 .debug_abbrev  0x0000022a      0x124 ./Sources/TFC/TFC_arm_cm0.o
 .debug_abbrev  0x0000034e      0x2a1 ./Sources/TFC/TFC_UART.o
 .debug_abbrev  0x000005ef      0x1cb ./Sources/TFC/TFC_Terminal.o
 .debug_abbrev  0x000007ba      0x170 ./Sources/TFC/TFC_Servo.o
 .debug_abbrev  0x0000092a      0x19d ./Sources/TFC/TFC_Queue.o
 .debug_abbrev  0x00000ac7      0x157 ./Sources/TFC/TFC_Motor.o
 .debug_abbrev  0x00000c1e      0x122 ./Sources/TFC/TFC_LineScanCamera.o
 .debug_abbrev  0x00000d40      0x242 ./Sources/TFC/TFC_CrystalClock.o
 .debug_abbrev  0x00000f82      0x11d ./Sources/TFC/TFC_BoardSupport.o
 .debug_abbrev  0x0000109f      0x10e ./Sources/TFC/TFC_ARM_SysTick.o
 .debug_abbrev  0x000011ad      0x2a6 ./Sources/TFC/TFC_ADC.o
 .debug_abbrev  0x00001453      0x2a4 ./Sources/main.o
 .debug_abbrev  0x000016f7       0xd0 ./Sources/TargetSpeedControl.o
 .debug_abbrev  0x000017c7       0xcd ./Sources/SteeringControl.o
 .debug_abbrev  0x00001894      0x14a ./Sources/SpeedSensor.o
 .debug_abbrev  0x000019de      0x170 ./Sources/SpeedControl.o
 .debug_abbrev  0x00001b4e       0xef ./Sources/ServoMapping.o
 .debug_abbrev  0x00001c3d      0x119 ./Sources/Probability.o
 .debug_abbrev  0x00001d56      0x255 ./Sources/LineDetectionDouble.o
 .debug_abbrev  0x00001fab      0x1c6 ./Sources/LCD.o
 .debug_abbrev  0x00002171       0xc8 ./Sources/EdgeDetection.o
 .debug_abbrev  0x00002239       0xa3 ./Sources/AutoExposure.o
 .debug_abbrev  0x000022dc       0x77 ./Sources/ActiveDifferential.o
 .debug_abbrev  0x00002353       0x9d C:/Freescale/CW MCU v10.6/MCU/ARM_GCC_Support/ewl/lib/armv6-m\libc.a(vsprintf.o)
 .debug_abbrev  0x000023f0       0xb1 C:/Freescale/CW MCU v10.6/MCU/ARM_GCC_Support/ewl/lib/armv6-m\libc.a(sscanf.o)
 .debug_abbrev  0x000024a1      0x15f C:/Freescale/CW MCU v10.6/MCU/ARM_GCC_Support/ewl/lib/armv6-m\libc.a(vsscanf.o)
 .debug_abbrev  0x00002600       0x7a C:/Freescale/CW MCU v10.6/MCU/ARM_GCC_Support/ewl/lib/armv6-m\libc.a(exit.o)
 .debug_abbrev  0x0000267a       0x62 C:/Freescale/CW MCU v10.6/MCU/ARM_GCC_Support/ewl/lib/armv6-m\libc.a(memset.o)
 .debug_abbrev  0x000026dc       0x78 C:/Freescale/CW MCU v10.6/MCU/ARM_GCC_Support/ewl/lib/armv6-m\libc.a(__filll_mem.o)
 .debug_abbrev  0x00002754       0x78 C:/Freescale/CW MCU v10.6/MCU/ARM_GCC_Support/ewl/lib/armv6-m\libc.a(strcpy.o)
 .debug_abbrev  0x000027cc       0x89 C:/Freescale/CW MCU v10.6/MCU/ARM_GCC_Support/ewl/lib/armv6-m\libc.a(strcmp.o)
 .debug_abbrev  0x00002855       0x7a C:/Freescale/CW MCU v10.6/MCU/ARM_GCC_Support/ewl/lib/armv6-m\libc.a(strlen.o)
 .debug_abbrev  0x000028cf      0x200 C:/Freescale/CW MCU v10.6/MCU/ARM_GCC_Support/ewl/lib/armv6-m\libc.a(printformat_.o)
 .debug_abbrev  0x00002acf      0x1f0 C:/Freescale/CW MCU v10.6/MCU/ARM_GCC_Support/ewl/lib/armv6-m\libc.a(scanformat_.o)
 .debug_abbrev  0x00002cbf       0x9e C:/Freescale/CW MCU v10.6/MCU/ARM_GCC_Support/ewl/lib/armv6-m\libc.a(ctype_aeabi.o)
 .debug_abbrev  0x00002d5d       0xf0 C:/Freescale/CW MCU v10.6/MCU/ARM_GCC_Support/ewl/lib/armv6-m\libc.a(vsnprintf.o)
 .debug_abbrev  0x00002e4d       0xc2 C:/Freescale/CW MCU v10.6/MCU/ARM_GCC_Support/ewl/lib/armv6-m\libc.a(__strtoul.o)
 .debug_abbrev  0x00002f0f       0x7a C:/Freescale/CW MCU v10.6/MCU/ARM_GCC_Support/ewl/lib/armv6-m\libc.a(strchr.o)
 .debug_abbrev  0x00002f89       0x95 C:/Freescale/CW MCU v10.6/MCU/ARM_GCC_Support/ewl/lib/armv6-m\libc.a(memcpy.o)
 .debug_abbrev  0x0000301e       0x95 C:/Freescale/CW MCU v10.6/MCU/ARM_GCC_Support/ewl/lib/armv6-m\libc.a(memchr.o)
 .debug_abbrev  0x000030b3       0x59 C:/Freescale/CW MCU v10.6/MCU/ARM_GCC_Support/ewl/lib/armv6-m\libm.a(w_pow.o)
 .debug_abbrev  0x0000310c      0x157 C:/Freescale/CW MCU v10.6/MCU/ARM_GCC_Support/ewl/lib/armv6-m\libm.a(e_pow.o)
 .debug_abbrev  0x00003263       0x86 C:/Freescale/CW MCU v10.6/MCU/ARM_GCC_Support/ewl/lib/armv6-m\libm.a(scalbn.o)
 .debug_abbrev  0x000032e9       0x59 C:/Freescale/CW MCU v10.6/MCU/ARM_GCC_Support/ewl/lib/armv6-m\libm.a(w_sqrt.o)
 .debug_abbrev  0x00003342       0xe8 C:/Freescale/CW MCU v10.6/MCU/ARM_GCC_Support/ewl/lib/armv6-m\libm.a(math_api.o)
 .debug_abbrev  0x0000342a       0x56 C:/Freescale/CW MCU v10.6/MCU/ARM_GCC_Support/ewl/lib/armv6-m\libm.a(float.o)
 .debug_abbrev  0x00003480       0xce C:/Freescale/CW MCU v10.6/MCU/ARM_GCC_Support/ewl/lib/armv6-m\libm.a(s_frexp.o)
 .debug_abbrev  0x0000354e       0xce C:/Freescale/CW MCU v10.6/MCU/ARM_GCC_Support/ewl/lib/armv6-m\libm.a(s_ldexp.o)
 .debug_abbrev  0x0000361c      0x10b C:/Freescale/CW MCU v10.6/MCU/ARM_GCC_Support/ewl/lib/armv6-m\libm.a(e_sqrt.o)
 .debug_abbrev  0x00003727       0x99 C:/Freescale/CW MCU v10.6/MCU/ARM_GCC_Support/ewl/lib/armv6-m\librt.a(gcc_ctor_dtor.o)
 .debug_abbrev  0x000037c0      0x1b3 C:/Freescale/CW MCU v10.6/MCU/ARM_GCC_Support/ewl/lib/armv6-m\librt.a(__arm_eabi_init.o)
 .debug_abbrev  0x00003973      0x120 C:/Freescale/CW MCU v10.6/MCU/ARM_GCC_Support/ewl/lib/armv6-m\librt.a(ROMCopy.o)
 .debug_abbrev  0x00003a93       0x44 C:/Freescale/CW MCU v10.6/MCU/ARM_GCC_Support/ewl/lib/armv6-m\libc.a(errno.o)

.debug_loc      0x00000000     0x7ace
 .debug_loc     0x00000000       0x33 ./Project_Settings/Startup_Code/kinetis_sysinit.o
 .debug_loc     0x00000033       0x20 ./Project_Settings/Startup_Code/__arm_end.o
 .debug_loc     0x00000053       0xac ./Sources/TFC/TFC_arm_cm0.o
 .debug_loc     0x000000ff      0x41a ./Sources/TFC/TFC_UART.o
 .debug_loc     0x00000519      0x21e ./Sources/TFC/TFC_Terminal.o
 .debug_loc     0x00000737      0x14a ./Sources/TFC/TFC_Servo.o
 .debug_loc     0x00000881      0x3ba ./Sources/TFC/TFC_Queue.o
 .debug_loc     0x00000c3b       0xc6 ./Sources/TFC/TFC_Motor.o
 .debug_loc     0x00000d01       0x73 ./Sources/TFC/TFC_LineScanCamera.o
 .debug_loc     0x00000d74     0x11d4 ./Sources/TFC/TFC_CrystalClock.o
 .debug_loc     0x00001f48       0xe6 ./Sources/TFC/TFC_BoardSupport.o
 .debug_loc     0x0000202e       0x40 ./Sources/TFC/TFC_ARM_SysTick.o
 .debug_loc     0x0000206e      0x2b8 ./Sources/TFC/TFC_ADC.o
 .debug_loc     0x00002326      0x711 ./Sources/main.o
 .debug_loc     0x00002a37      0x119 ./Sources/TargetSpeedControl.o
 .debug_loc     0x00002b50       0xe3 ./Sources/SteeringControl.o
 .debug_loc     0x00002c33       0xbd ./Sources/SpeedSensor.o
 .debug_loc     0x00002cf0      0x206 ./Sources/SpeedControl.o
 .debug_loc     0x00002ef6       0xd1 ./Sources/ServoMapping.o
 .debug_loc     0x00002fc7      0x1ab ./Sources/Probability.o
 .debug_loc     0x00003172      0x6bf ./Sources/LineDetectionDouble.o
 .debug_loc     0x00003831      0x449 ./Sources/LCD.o
 .debug_loc     0x00003c7a      0x124 ./Sources/EdgeDetection.o
 .debug_loc     0x00003d9e       0x8c ./Sources/AutoExposure.o
 .debug_loc     0x00003e2a       0xa6 ./Sources/ActiveDifferential.o
 .debug_loc     0x00003ed0       0x64 C:/Freescale/CW MCU v10.6/MCU/ARM_GCC_Support/ewl/lib/armv6-m\libc.a(vsprintf.o)
 .debug_loc     0x00003f34       0x3f C:/Freescale/CW MCU v10.6/MCU/ARM_GCC_Support/ewl/lib/armv6-m\libc.a(sscanf.o)
 .debug_loc     0x00003f73      0x16c C:/Freescale/CW MCU v10.6/MCU/ARM_GCC_Support/ewl/lib/armv6-m\libc.a(vsscanf.o)
 .debug_loc     0x000040df       0x3e C:/Freescale/CW MCU v10.6/MCU/ARM_GCC_Support/ewl/lib/armv6-m\libc.a(exit.o)
 .debug_loc     0x0000411d       0x6f C:/Freescale/CW MCU v10.6/MCU/ARM_GCC_Support/ewl/lib/armv6-m\libc.a(memset.o)
 .debug_loc     0x0000418c      0x14a C:/Freescale/CW MCU v10.6/MCU/ARM_GCC_Support/ewl/lib/armv6-m\libc.a(__filll_mem.o)
 .debug_loc     0x000042d6       0x20 C:/Freescale/CW MCU v10.6/MCU/ARM_GCC_Support/ewl/lib/armv6-m\libc.a(strcpy.o)
 .debug_loc     0x000042f6       0x64 C:/Freescale/CW MCU v10.6/MCU/ARM_GCC_Support/ewl/lib/armv6-m\libc.a(strcmp.o)
 .debug_loc     0x0000435a       0x33 C:/Freescale/CW MCU v10.6/MCU/ARM_GCC_Support/ewl/lib/armv6-m\libc.a(strlen.o)
 .debug_loc     0x0000438d     0x104b C:/Freescale/CW MCU v10.6/MCU/ARM_GCC_Support/ewl/lib/armv6-m\libc.a(printformat_.o)
 .debug_loc     0x000053d8      0x9d8 C:/Freescale/CW MCU v10.6/MCU/ARM_GCC_Support/ewl/lib/armv6-m\libc.a(scanformat_.o)
 .debug_loc     0x00005db0      0x30d C:/Freescale/CW MCU v10.6/MCU/ARM_GCC_Support/ewl/lib/armv6-m\libc.a(ctype_aeabi.o)
 .debug_loc     0x000060bd      0x105 C:/Freescale/CW MCU v10.6/MCU/ARM_GCC_Support/ewl/lib/armv6-m\libc.a(vsnprintf.o)
 .debug_loc     0x000061c2      0x305 C:/Freescale/CW MCU v10.6/MCU/ARM_GCC_Support/ewl/lib/armv6-m\libc.a(__strtoul.o)
 .debug_loc     0x000064c7       0xaf C:/Freescale/CW MCU v10.6/MCU/ARM_GCC_Support/ewl/lib/armv6-m\libc.a(strchr.o)
 .debug_loc     0x00006576       0x59 C:/Freescale/CW MCU v10.6/MCU/ARM_GCC_Support/ewl/lib/armv6-m\libc.a(memcpy.o)
 .debug_loc     0x000065cf       0x77 C:/Freescale/CW MCU v10.6/MCU/ARM_GCC_Support/ewl/lib/armv6-m\libc.a(memchr.o)
 .debug_loc     0x00006646       0x50 C:/Freescale/CW MCU v10.6/MCU/ARM_GCC_Support/ewl/lib/armv6-m\libm.a(w_pow.o)
 .debug_loc     0x00006696      0x962 C:/Freescale/CW MCU v10.6/MCU/ARM_GCC_Support/ewl/lib/armv6-m\libm.a(e_pow.o)
 .debug_loc     0x00006ff8       0x6e C:/Freescale/CW MCU v10.6/MCU/ARM_GCC_Support/ewl/lib/armv6-m\libm.a(scalbn.o)
 .debug_loc     0x00007066       0x38 C:/Freescale/CW MCU v10.6/MCU/ARM_GCC_Support/ewl/lib/armv6-m\libm.a(w_sqrt.o)
 .debug_loc     0x0000709e      0x2d7 C:/Freescale/CW MCU v10.6/MCU/ARM_GCC_Support/ewl/lib/armv6-m\libm.a(math_api.o)
 .debug_loc     0x00007375       0xc1 C:/Freescale/CW MCU v10.6/MCU/ARM_GCC_Support/ewl/lib/armv6-m\libm.a(s_frexp.o)
 .debug_loc     0x00007436      0x16b C:/Freescale/CW MCU v10.6/MCU/ARM_GCC_Support/ewl/lib/armv6-m\libm.a(s_ldexp.o)
 .debug_loc     0x000075a1      0x220 C:/Freescale/CW MCU v10.6/MCU/ARM_GCC_Support/ewl/lib/armv6-m\libm.a(e_sqrt.o)
 .debug_loc     0x000077c1       0x9d C:/Freescale/CW MCU v10.6/MCU/ARM_GCC_Support/ewl/lib/armv6-m\librt.a(gcc_ctor_dtor.o)
 .debug_loc     0x0000785e      0x197 C:/Freescale/CW MCU v10.6/MCU/ARM_GCC_Support/ewl/lib/armv6-m\librt.a(__arm_eabi_init.o)
 .debug_loc     0x000079f5       0xd9 C:/Freescale/CW MCU v10.6/MCU/ARM_GCC_Support/ewl/lib/armv6-m\librt.a(ROMCopy.o)

.debug_aranges  0x00000000      0xbe0
 .debug_aranges
                0x00000000       0x30 ./Project_Settings/Startup_Code/kinetis_sysinit.o
 .debug_aranges
                0x00000030       0x28 ./Project_Settings/Startup_Code/__arm_start.o
 .debug_aranges
                0x00000058       0x20 ./Project_Settings/Startup_Code/__arm_end.o
 .debug_aranges
                0x00000078       0x48 ./Sources/TFC/TFC_arm_cm0.o
 .debug_aranges
                0x000000c0       0x68 ./Sources/TFC/TFC_UART.o
 .debug_aranges
                0x00000128       0x68 ./Sources/TFC/TFC_Terminal.o
 .debug_aranges
                0x00000190       0x38 ./Sources/TFC/TFC_Servo.o
 .debug_aranges
                0x000001c8       0x50 ./Sources/TFC/TFC_Queue.o
 .debug_aranges
                0x00000218       0x30 ./Sources/TFC/TFC_Motor.o
 .debug_aranges
                0x00000248       0x30 ./Sources/TFC/TFC_LineScanCamera.o
 .debug_aranges
                0x00000278      0x100 ./Sources/TFC/TFC_CrystalClock.o
 .debug_aranges
                0x00000378       0x40 ./Sources/TFC/TFC_BoardSupport.o
 .debug_aranges
                0x000003b8       0x30 ./Sources/TFC/TFC_ARM_SysTick.o
 .debug_aranges
                0x000003e8       0x68 ./Sources/TFC/TFC_ADC.o
 .debug_aranges
                0x00000450       0xa0 ./Sources/main.o
 .debug_aranges
                0x000004f0       0x20 ./Sources/TargetSpeedControl.o
 .debug_aranges
                0x00000510       0x20 ./Sources/SteeringControl.o
 .debug_aranges
                0x00000530       0x38 ./Sources/SpeedSensor.o
 .debug_aranges
                0x00000568       0x28 ./Sources/SpeedControl.o
 .debug_aranges
                0x00000590       0x28 ./Sources/ServoMapping.o
 .debug_aranges
                0x000005b8       0x28 ./Sources/Probability.o
 .debug_aranges
                0x000005e0       0x70 ./Sources/LineDetectionDouble.o
 .debug_aranges
                0x00000650       0x48 ./Sources/LCD.o
 .debug_aranges
                0x00000698       0x40 ./Sources/EdgeDetection.o
 .debug_aranges
                0x000006d8       0x28 ./Sources/AutoExposure.o
 .debug_aranges
                0x00000700       0x20 ./Sources/ActiveDifferential.o
 .debug_aranges
                0x00000720       0x20 C:/Freescale/CW MCU v10.6/MCU/ARM_GCC_Support/ewl/lib/armv6-m\libc.a(vsprintf.o)
 .debug_aranges
                0x00000740       0x20 C:/Freescale/CW MCU v10.6/MCU/ARM_GCC_Support/ewl/lib/armv6-m\libc.a(sscanf.o)
 .debug_aranges
                0x00000760       0x28 C:/Freescale/CW MCU v10.6/MCU/ARM_GCC_Support/ewl/lib/armv6-m\libc.a(vsscanf.o)
 .debug_aranges
                0x00000788       0x20 C:/Freescale/CW MCU v10.6/MCU/ARM_GCC_Support/ewl/lib/armv6-m\libc.a(exit.o)
 .debug_aranges
                0x000007a8       0x20 C:/Freescale/CW MCU v10.6/MCU/ARM_GCC_Support/ewl/lib/armv6-m\libc.a(memset.o)
 .debug_aranges
                0x000007c8       0x20 C:/Freescale/CW MCU v10.6/MCU/ARM_GCC_Support/ewl/lib/armv6-m\libc.a(__filll_mem.o)
 .debug_aranges
                0x000007e8       0x20 C:/Freescale/CW MCU v10.6/MCU/ARM_GCC_Support/ewl/lib/armv6-m\libc.a(strcpy.o)
 .debug_aranges
                0x00000808       0x20 C:/Freescale/CW MCU v10.6/MCU/ARM_GCC_Support/ewl/lib/armv6-m\libc.a(strcmp.o)
 .debug_aranges
                0x00000828       0x20 C:/Freescale/CW MCU v10.6/MCU/ARM_GCC_Support/ewl/lib/armv6-m\libc.a(strlen.o)
 .debug_aranges
                0x00000848       0x28 C:/Freescale/CW MCU v10.6/MCU/ARM_GCC_Support/ewl/lib/armv6-m\libc.a(printformat_.o)
 .debug_aranges
                0x00000870       0x20 C:/Freescale/CW MCU v10.6/MCU/ARM_GCC_Support/ewl/lib/armv6-m\libc.a(scanformat_.o)
 .debug_aranges
                0x00000890       0x88 C:/Freescale/CW MCU v10.6/MCU/ARM_GCC_Support/ewl/lib/armv6-m\libc.a(ctype_aeabi.o)
 .debug_aranges
                0x00000918       0x28 C:/Freescale/CW MCU v10.6/MCU/ARM_GCC_Support/ewl/lib/armv6-m\libc.a(vsnprintf.o)
 .debug_aranges
                0x00000940       0x20 C:/Freescale/CW MCU v10.6/MCU/ARM_GCC_Support/ewl/lib/armv6-m\libc.a(__strtoul.o)
 .debug_aranges
                0x00000960       0x20 C:/Freescale/CW MCU v10.6/MCU/ARM_GCC_Support/ewl/lib/armv6-m\libc.a(strchr.o)
 .debug_aranges
                0x00000980       0x20 C:/Freescale/CW MCU v10.6/MCU/ARM_GCC_Support/ewl/lib/armv6-m\libc.a(memcpy.o)
 .debug_aranges
                0x000009a0       0x20 C:/Freescale/CW MCU v10.6/MCU/ARM_GCC_Support/ewl/lib/armv6-m\libc.a(memchr.o)
 .debug_aranges
                0x000009c0       0x20 C:/Freescale/CW MCU v10.6/MCU/ARM_GCC_Support/ewl/lib/armv6-m\libm.a(w_pow.o)
 .debug_aranges
                0x000009e0       0x20 C:/Freescale/CW MCU v10.6/MCU/ARM_GCC_Support/ewl/lib/armv6-m\libm.a(e_pow.o)
 .debug_aranges
                0x00000a00       0x20 C:/Freescale/CW MCU v10.6/MCU/ARM_GCC_Support/ewl/lib/armv6-m\libm.a(scalbn.o)
 .debug_aranges
                0x00000a20       0x20 C:/Freescale/CW MCU v10.6/MCU/ARM_GCC_Support/ewl/lib/armv6-m\libm.a(w_sqrt.o)
 .debug_aranges
                0x00000a40       0x60 C:/Freescale/CW MCU v10.6/MCU/ARM_GCC_Support/ewl/lib/armv6-m\libm.a(math_api.o)
 .debug_aranges
                0x00000aa0       0x18 C:/Freescale/CW MCU v10.6/MCU/ARM_GCC_Support/ewl/lib/armv6-m\libm.a(float.o)
 .debug_aranges
                0x00000ab8       0x20 C:/Freescale/CW MCU v10.6/MCU/ARM_GCC_Support/ewl/lib/armv6-m\libm.a(s_frexp.o)
 .debug_aranges
                0x00000ad8       0x20 C:/Freescale/CW MCU v10.6/MCU/ARM_GCC_Support/ewl/lib/armv6-m\libm.a(s_ldexp.o)
 .debug_aranges
                0x00000af8       0x20 C:/Freescale/CW MCU v10.6/MCU/ARM_GCC_Support/ewl/lib/armv6-m\libm.a(e_sqrt.o)
 .debug_aranges
                0x00000b18       0x28 C:/Freescale/CW MCU v10.6/MCU/ARM_GCC_Support/ewl/lib/armv6-m\librt.a(gcc_ctor_dtor.o)
 .debug_aranges
                0x00000b40       0x58 C:/Freescale/CW MCU v10.6/MCU/ARM_GCC_Support/ewl/lib/armv6-m\librt.a(__arm_eabi_init.o)
 .debug_aranges
                0x00000b98       0x30 C:/Freescale/CW MCU v10.6/MCU/ARM_GCC_Support/ewl/lib/armv6-m\librt.a(ROMCopy.o)
 .debug_aranges
                0x00000bc8       0x18 C:/Freescale/CW MCU v10.6/MCU/ARM_GCC_Support/ewl/lib/armv6-m\libc.a(errno.o)

.debug_macinfo  0x00000000   0x39dc54
 .debug_macinfo
                0x00000000    0x2651f ./Project_Settings/Startup_Code/kinetis_sysinit.o
 .debug_macinfo
                0x0002651f     0x3e9c ./Project_Settings/Startup_Code/__arm_start.o
 .debug_macinfo
                0x0002a3bb     0x3485 ./Project_Settings/Startup_Code/__arm_end.o
 .debug_macinfo
                0x0002d840    0x26596 ./Sources/TFC/TFC_arm_cm0.o
 .debug_macinfo
                0x00053dd6    0x29871 ./Sources/TFC/TFC_UART.o
 .debug_macinfo
                0x0007d647    0x29905 ./Sources/TFC/TFC_Terminal.o
 .debug_macinfo
                0x000a6f4c    0x2993a ./Sources/TFC/TFC_Servo.o
 .debug_macinfo
                0x000d0886    0x29871 ./Sources/TFC/TFC_Queue.o
 .debug_macinfo
                0x000fa0f7    0x2991e ./Sources/TFC/TFC_Motor.o
 .debug_macinfo
                0x00123a15    0x29871 ./Sources/TFC/TFC_LineScanCamera.o
 .debug_macinfo
                0x0014d286    0x29968 ./Sources/TFC/TFC_CrystalClock.o
 .debug_macinfo
                0x00176bee    0x29871 ./Sources/TFC/TFC_BoardSupport.o
 .debug_macinfo
                0x001a045f    0x29871 ./Sources/TFC/TFC_ARM_SysTick.o
 .debug_macinfo
                0x001c9cd0    0x2a1b5 ./Sources/TFC/TFC_ADC.o
 .debug_macinfo
                0x001f3e85    0x29ff2 ./Sources/main.o
 .debug_macinfo
                0x0021de77     0x43d2 ./Sources/TargetSpeedControl.o
 .debug_macinfo
                0x00222249    0x2988a ./Sources/SteeringControl.o
 .debug_macinfo
                0x0024bad3    0x29934 ./Sources/SpeedSensor.o
 .debug_macinfo
                0x00275407    0x298fa ./Sources/SpeedControl.o
 .debug_macinfo
                0x0029ed01    0x29916 ./Sources/ServoMapping.o
 .debug_macinfo
                0x002c8617    0x298c7 ./Sources/Probability.o
 .debug_macinfo
                0x002f1ede    0x29b24 ./Sources/LineDetectionDouble.o
 .debug_macinfo
                0x0031ba02    0x29887 ./Sources/LCD.o
 .debug_macinfo
                0x00345289     0x5895 ./Sources/EdgeDetection.o
 .debug_macinfo
                0x0034ab1e    0x29871 ./Sources/AutoExposure.o
 .debug_macinfo
                0x0037438f    0x298c5 ./Sources/ActiveDifferential.o

.debug_line     0x00000000     0xb25a
 .debug_line    0x00000000      0x239 ./Project_Settings/Startup_Code/kinetis_sysinit.o
 .debug_line    0x00000239      0x290 ./Project_Settings/Startup_Code/__arm_start.o
 .debug_line    0x000004c9      0x265 ./Project_Settings/Startup_Code/__arm_end.o
 .debug_line    0x0000072e      0x29c ./Sources/TFC/TFC_arm_cm0.o
 .debug_line    0x000009ca      0x72e ./Sources/TFC/TFC_UART.o
 .debug_line    0x000010f8      0x69f ./Sources/TFC/TFC_Terminal.o
 .debug_line    0x00001797      0x587 ./Sources/TFC/TFC_Servo.o
 .debug_line    0x00001d1e      0x6b0 ./Sources/TFC/TFC_Queue.o
 .debug_line    0x000023ce      0x5a3 ./Sources/TFC/TFC_Motor.o
 .debug_line    0x00002971      0x55f ./Sources/TFC/TFC_LineScanCamera.o
 .debug_line    0x00002ed0      0xc33 ./Sources/TFC/TFC_CrystalClock.o
 .debug_line    0x00003b03      0x5a0 ./Sources/TFC/TFC_BoardSupport.o
 .debug_line    0x000040a3      0x558 ./Sources/TFC/TFC_ARM_SysTick.o
 .debug_line    0x000045fb      0x743 ./Sources/TFC/TFC_ADC.o
 .debug_line    0x00004d3e      0xb9c ./Sources/main.o
 .debug_line    0x000058da      0x2b1 ./Sources/TargetSpeedControl.o
 .debug_line    0x00005b8b      0x534 ./Sources/SteeringControl.o
 .debug_line    0x000060bf      0x5c7 ./Sources/SpeedSensor.o
 .debug_line    0x00006686      0x588 ./Sources/SpeedControl.o
 .debug_line    0x00006c0e      0x54f ./Sources/ServoMapping.o
 .debug_line    0x0000715d      0x592 ./Sources/Probability.o
 .debug_line    0x000076ef      0xc0c ./Sources/LineDetectionDouble.o
 .debug_line    0x000082fb      0x765 ./Sources/LCD.o
 .debug_line    0x00008a60      0x2b2 ./Sources/EdgeDetection.o
 .debug_line    0x00008d12      0x546 ./Sources/AutoExposure.o
 .debug_line    0x00009258      0x54d ./Sources/ActiveDifferential.o
 .debug_line    0x000097a5       0x94 C:/Freescale/CW MCU v10.6/MCU/ARM_GCC_Support/ewl/lib/armv6-m\libc.a(vsprintf.o)
 .debug_line    0x00009839       0x92 C:/Freescale/CW MCU v10.6/MCU/ARM_GCC_Support/ewl/lib/armv6-m\libc.a(sscanf.o)
 .debug_line    0x000098cb       0xc8 C:/Freescale/CW MCU v10.6/MCU/ARM_GCC_Support/ewl/lib/armv6-m\libc.a(vsscanf.o)
 .debug_line    0x00009993       0x8d C:/Freescale/CW MCU v10.6/MCU/ARM_GCC_Support/ewl/lib/armv6-m\libc.a(exit.o)
 .debug_line    0x00009a20       0x90 C:/Freescale/CW MCU v10.6/MCU/ARM_GCC_Support/ewl/lib/armv6-m\libc.a(memset.o)
 .debug_line    0x00009ab0       0xf6 C:/Freescale/CW MCU v10.6/MCU/ARM_GCC_Support/ewl/lib/armv6-m\libc.a(__filll_mem.o)
 .debug_line    0x00009ba6       0x7d C:/Freescale/CW MCU v10.6/MCU/ARM_GCC_Support/ewl/lib/armv6-m\libc.a(strcpy.o)
 .debug_line    0x00009c23       0x83 C:/Freescale/CW MCU v10.6/MCU/ARM_GCC_Support/ewl/lib/armv6-m\libc.a(strcmp.o)
 .debug_line    0x00009ca6       0x85 C:/Freescale/CW MCU v10.6/MCU/ARM_GCC_Support/ewl/lib/armv6-m\libc.a(strlen.o)
 .debug_line    0x00009d2b      0x2c3 C:/Freescale/CW MCU v10.6/MCU/ARM_GCC_Support/ewl/lib/armv6-m\libc.a(printformat_.o)
 .debug_line    0x00009fee      0x2be C:/Freescale/CW MCU v10.6/MCU/ARM_GCC_Support/ewl/lib/armv6-m\libc.a(scanformat_.o)
 .debug_line    0x0000a2ac      0x1be C:/Freescale/CW MCU v10.6/MCU/ARM_GCC_Support/ewl/lib/armv6-m\libc.a(ctype_aeabi.o)
 .debug_line    0x0000a46a       0xd4 C:/Freescale/CW MCU v10.6/MCU/ARM_GCC_Support/ewl/lib/armv6-m\libc.a(vsnprintf.o)
 .debug_line    0x0000a53e      0x11e C:/Freescale/CW MCU v10.6/MCU/ARM_GCC_Support/ewl/lib/armv6-m\libc.a(__strtoul.o)
 .debug_line    0x0000a65c       0x7d C:/Freescale/CW MCU v10.6/MCU/ARM_GCC_Support/ewl/lib/armv6-m\libc.a(strchr.o)
 .debug_line    0x0000a6d9       0x8b C:/Freescale/CW MCU v10.6/MCU/ARM_GCC_Support/ewl/lib/armv6-m\libc.a(memcpy.o)
 .debug_line    0x0000a764       0x9f C:/Freescale/CW MCU v10.6/MCU/ARM_GCC_Support/ewl/lib/armv6-m\libc.a(memchr.o)
 .debug_line    0x0000a803       0x73 C:/Freescale/CW MCU v10.6/MCU/ARM_GCC_Support/ewl/lib/armv6-m\libm.a(w_pow.o)
 .debug_line    0x0000a876      0x1f9 C:/Freescale/CW MCU v10.6/MCU/ARM_GCC_Support/ewl/lib/armv6-m\libm.a(e_pow.o)
 .debug_line    0x0000aa6f       0x77 C:/Freescale/CW MCU v10.6/MCU/ARM_GCC_Support/ewl/lib/armv6-m\libm.a(scalbn.o)
 .debug_line    0x0000aae6       0x74 C:/Freescale/CW MCU v10.6/MCU/ARM_GCC_Support/ewl/lib/armv6-m\libm.a(w_sqrt.o)
 .debug_line    0x0000ab5a      0x173 C:/Freescale/CW MCU v10.6/MCU/ARM_GCC_Support/ewl/lib/armv6-m\libm.a(math_api.o)
 .debug_line    0x0000accd       0x60 C:/Freescale/CW MCU v10.6/MCU/ARM_GCC_Support/ewl/lib/armv6-m\libm.a(float.o)
 .debug_line    0x0000ad2d       0xb9 C:/Freescale/CW MCU v10.6/MCU/ARM_GCC_Support/ewl/lib/armv6-m\libm.a(s_frexp.o)
 .debug_line    0x0000ade6       0xc6 C:/Freescale/CW MCU v10.6/MCU/ARM_GCC_Support/ewl/lib/armv6-m\libm.a(s_ldexp.o)
 .debug_line    0x0000aeac      0x121 C:/Freescale/CW MCU v10.6/MCU/ARM_GCC_Support/ewl/lib/armv6-m\libm.a(e_sqrt.o)
 .debug_line    0x0000afcd       0x6c C:/Freescale/CW MCU v10.6/MCU/ARM_GCC_Support/ewl/lib/armv6-m\librt.a(gcc_ctor_dtor.o)
 .debug_line    0x0000b039      0x117 C:/Freescale/CW MCU v10.6/MCU/ARM_GCC_Support/ewl/lib/armv6-m\librt.a(__arm_eabi_init.o)
 .debug_line    0x0000b150       0xbd C:/Freescale/CW MCU v10.6/MCU/ARM_GCC_Support/ewl/lib/armv6-m\librt.a(ROMCopy.o)
 .debug_line    0x0000b20d       0x4d C:/Freescale/CW MCU v10.6/MCU/ARM_GCC_Support/ewl/lib/armv6-m\libc.a(errno.o)

.debug_str      0x00000000     0x2f33
 .debug_str     0x00000000      0x2c6 ./Project_Settings/Startup_Code/kinetis_sysinit.o
                                0x2ed (size before relaxing)
 .debug_str     0x000002c6       0x85 ./Project_Settings/Startup_Code/__arm_start.o
                                0x1a1 (size before relaxing)
 .debug_str     0x0000034b       0x41 ./Project_Settings/Startup_Code/__arm_end.o
                                 0xd8 (size before relaxing)
 .debug_str     0x0000038c       0xa4 ./Sources/TFC/TFC_arm_cm0.o
                                0x241 (size before relaxing)
 .debug_str     0x00000430      0x48f ./Sources/TFC/TFC_UART.o
                                0x6cf (size before relaxing)
 .debug_str     0x000008bf      0x1da ./Sources/TFC/TFC_Terminal.o
                                0x398 (size before relaxing)
 .debug_str     0x00000a99       0xa9 ./Sources/TFC/TFC_Servo.o
                                0x54c (size before relaxing)
 .debug_str     0x00000b42       0xa4 ./Sources/TFC/TFC_Queue.o
                                0x245 (size before relaxing)
 .debug_str     0x00000be6       0x65 ./Sources/TFC/TFC_Motor.o
                                0x301 (size before relaxing)
 .debug_str     0x00000c4b      0x15e ./Sources/TFC/TFC_LineScanCamera.o
                                0x407 (size before relaxing)
 .debug_str     0x00000da9      0x23f ./Sources/TFC/TFC_CrystalClock.o
                                0x486 (size before relaxing)
 .debug_str     0x00000fe8       0x8c ./Sources/TFC/TFC_BoardSupport.o
                                0x31d (size before relaxing)
 .debug_str     0x00001074       0x9a ./Sources/TFC/TFC_ARM_SysTick.o
                                0x1e0 (size before relaxing)
 .debug_str     0x0000110e      0x4c7 ./Sources/TFC/TFC_ADC.o
                                0xa6b (size before relaxing)
 .debug_str     0x000015d5      0x2ef ./Sources/main.o
                                0xa1e (size before relaxing)
 .debug_str     0x000018c4       0x5a ./Sources/TargetSpeedControl.o
                                0x425 (size before relaxing)
 .debug_str     0x0000191e       0x79 ./Sources/SteeringControl.o
                                0x218 (size before relaxing)
 .debug_str     0x00001997       0xd0 ./Sources/SpeedSensor.o
                                0x621 (size before relaxing)
 .debug_str     0x00001a67       0x9e ./Sources/SpeedControl.o
                                0x270 (size before relaxing)
 .debug_str     0x00001b05       0x3b ./Sources/ServoMapping.o
                                0x18e (size before relaxing)
 .debug_str     0x00001b40       0xce ./Sources/Probability.o
                                0x212 (size before relaxing)
 .debug_str     0x00001c0e      0x47a ./Sources/LineDetectionDouble.o
                                0x8bb (size before relaxing)
 .debug_str     0x00002088       0x67 ./Sources/LCD.o
                                0x45e (size before relaxing)
 .debug_str     0x000020ef       0xc3 ./Sources/EdgeDetection.o
                                0x226 (size before relaxing)
 .debug_str     0x000021b2       0x5d ./Sources/AutoExposure.o
                                0x205 (size before relaxing)
 .debug_str     0x0000220f       0x53 ./Sources/ActiveDifferential.o
                                0x1a2 (size before relaxing)
 .debug_str     0x00002262       0x3f C:/Freescale/CW MCU v10.6/MCU/ARM_GCC_Support/ewl/lib/armv6-m\libc.a(vsprintf.o)
                                0x167 (size before relaxing)
 .debug_str     0x000022a1       0x13 C:/Freescale/CW MCU v10.6/MCU/ARM_GCC_Support/ewl/lib/armv6-m\libc.a(sscanf.o)
                                0x161 (size before relaxing)
 .debug_str     0x000022b4       0x9c C:/Freescale/CW MCU v10.6/MCU/ARM_GCC_Support/ewl/lib/armv6-m\libc.a(vsscanf.o)
                                0x1e5 (size before relaxing)
 .debug_str     0x00002350       0x2e C:/Freescale/CW MCU v10.6/MCU/ARM_GCC_Support/ewl/lib/armv6-m\libc.a(exit.o)
                                0x157 (size before relaxing)
 .debug_str     0x0000237e       0x23 C:/Freescale/CW MCU v10.6/MCU/ARM_GCC_Support/ewl/lib/armv6-m\libc.a(memset.o)
                                0x140 (size before relaxing)
 .debug_str     0x000023a1       0x25 C:/Freescale/CW MCU v10.6/MCU/ARM_GCC_Support/ewl/lib/armv6-m\libc.a(__filll_mem.o)
                                0x152 (size before relaxing)
 .debug_str     0x000023c6       0x1c C:/Freescale/CW MCU v10.6/MCU/ARM_GCC_Support/ewl/lib/armv6-m\libc.a(strcpy.o)
                                0x142 (size before relaxing)
 .debug_str     0x000023e2       0x26 C:/Freescale/CW MCU v10.6/MCU/ARM_GCC_Support/ewl/lib/armv6-m\libc.a(strcmp.o)
                                0x152 (size before relaxing)
 .debug_str     0x00002408       0x1c C:/Freescale/CW MCU v10.6/MCU/ARM_GCC_Support/ewl/lib/armv6-m\libc.a(strlen.o)
                                0x140 (size before relaxing)