Archive member included because of file (symbol)

C:/Freescale/CW MCU v10.6/MCU/ARM_GCC_Support/ewl/lib/armv6-m\libc.a(vsprintf.o)
                              ./Sources/TFC/TFC_Queue.o (vsprintf)
C:/Freescale/CW MCU v10.6/MCU/ARM_GCC_Support/ewl/lib/armv6-m\libc.a(sscanf.o)
                              ./Sources/TFC/TFC_Terminal.o (sscanf)
C:/Freescale/CW MCU v10.6/MCU/ARM_GCC_Support/ewl/lib/armv6-m\libc.a(vsscanf.o)
                              C:/Freescale/CW MCU v10.6/MCU/ARM_GCC_Support/ewl/lib/armv6-m\libc.a(sscanf.o) (vsscanf)
C:/Freescale/CW MCU v10.6/MCU/ARM_GCC_Support/ewl/lib/armv6-m\libc.a(exit.o)
                              ./Project_Settings/Startup_Code/__arm_start.o (exit)
C:/Freescale/CW MCU v10.6/MCU/ARM_GCC_Support/ewl/lib/armv6-m\libc.a(memset.o)
                              ./Project_Settings/Startup_Code/__arm_start.o (memset)
C:/Freescale/CW MCU v10.6/MCU/ARM_GCC_Support/ewl/lib/armv6-m\libc.a(__filll_mem.o)
                              C:/Freescale/CW MCU v10.6/MCU/ARM_GCC_Support/ewl/lib/armv6-m\libc.a(memset.o) (__fill_mem)
C:/Freescale/CW MCU v10.6/MCU/ARM_GCC_Support/ewl/lib/armv6-m\libc.a(strcpy.o)
                              ./Sources/TFC/TFC_Terminal.o (strcpy)
C:/Freescale/CW MCU v10.6/MCU/ARM_GCC_Support/ewl/lib/armv6-m\libc.a(strcmp.o)
                              ./Sources/TFC/TFC_Terminal.o (strcmp)
C:/Freescale/CW MCU v10.6/MCU/ARM_GCC_Support/ewl/lib/armv6-m\libc.a(strlen.o)
                              ./Sources/TFC/TFC_Queue.o (strlen)
C:/Freescale/CW MCU v10.6/MCU/ARM_GCC_Support/ewl/lib/armv6-m\libc.a(printformat_.o)
                              (__pformatter_)
C:/Freescale/CW MCU v10.6/MCU/ARM_GCC_Support/ewl/lib/armv6-m\libc.a(scanformat_.o)
                              (__sformatter)
C:/Freescale/CW MCU v10.6/MCU/ARM_GCC_Support/ewl/lib/armv6-m\libc.a(ctype_aeabi.o)
                              C:/Freescale/CW MCU v10.6/MCU/ARM_GCC_Support/ewl/lib/armv6-m\libc.a(scanformat_.o) (isspace)
C:/Freescale/CW MCU v10.6/MCU/ARM_GCC_Support/ewl/lib/armv6-m\libc.a(vsnprintf.o)
                              C:/Freescale/CW MCU v10.6/MCU/ARM_GCC_Support/ewl/lib/armv6-m\libc.a(vsprintf.o) (vsnprintf)
C:/Freescale/CW MCU v10.6/MCU/ARM_GCC_Support/ewl/lib/armv6-m\libc.a(__strtoul.o)
                              C:/Freescale/CW MCU v10.6/MCU/ARM_GCC_Support/ewl/lib/armv6-m\libc.a(scanformat_.o) (__strtoul)
C:/Freescale/CW MCU v10.6/MCU/ARM_GCC_Support/ewl/lib/armv6-m\libc.a(strchr.o)
                              C:/Freescale/CW MCU v10.6/MCU/ARM_GCC_Support/ewl/lib/armv6-m\libc.a(printformat_.o) (strchr)
C:/Freescale/CW MCU v10.6/MCU/ARM_GCC_Support/ewl/lib/armv6-m\libc.a(memcpy.o)
                              C:/Freescale/CW MCU v10.6/MCU/ARM_GCC_Support/ewl/lib/armv6-m\libc.a(scanformat_.o) (memcpy)
C:/Freescale/CW MCU v10.6/MCU/ARM_GCC_Support/ewl/lib/armv6-m\libc.a(memchr.o)
                              C:/Freescale/CW MCU v10.6/MCU/ARM_GCC_Support/ewl/lib/armv6-m\libc.a(printformat_.o) (memchr)
C:/Freescale/CW MCU v10.6/MCU/ARM_GCC_Support/ewl/lib/armv6-m\libm.a(w_pow.o)
                              ./Sources/Probability.o (pow)
C:/Freescale/CW MCU v10.6/MCU/ARM_GCC_Support/ewl/lib/armv6-m\libm.a(e_pow.o)
                              C:/Freescale/CW MCU v10.6/MCU/ARM_GCC_Support/ewl/lib/armv6-m\libm.a(w_pow.o) (__ieee754_pow)
C:/Freescale/CW MCU v10.6/MCU/ARM_GCC_Support/ewl/lib/armv6-m\libm.a(scalbn.o)
                              C:/Freescale/CW MCU v10.6/MCU/ARM_GCC_Support/ewl/lib/armv6-m\libm.a(e_pow.o) (scalbn)
C:/Freescale/CW MCU v10.6/MCU/ARM_GCC_Support/ewl/lib/armv6-m\libm.a(w_sqrt.o)
                              C:/Freescale/CW MCU v10.6/MCU/ARM_GCC_Support/ewl/lib/armv6-m\libm.a(e_pow.o) (sqrt)
C:/Freescale/CW MCU v10.6/MCU/ARM_GCC_Support/ewl/lib/armv6-m\libm.a(math_api.o)
                              C:/Freescale/CW MCU v10.6/MCU/ARM_GCC_Support/ewl/lib/armv6-m\libm.a(e_pow.o) (__fpclassifyd)
C:/Freescale/CW MCU v10.6/MCU/ARM_GCC_Support/ewl/lib/armv6-m\libm.a(float.o)
                              C:/Freescale/CW MCU v10.6/MCU/ARM_GCC_Support/ewl/lib/armv6-m\libm.a(e_pow.o) (__double_nan)
C:/Freescale/CW MCU v10.6/MCU/ARM_GCC_Support/ewl/lib/armv6-m\libm.a(s_frexp.o)
                              C:/Freescale/CW MCU v10.6/MCU/ARM_GCC_Support/ewl/lib/armv6-m\libm.a(scalbn.o) (frexp)
C:/Freescale/CW MCU v10.6/MCU/ARM_GCC_Support/ewl/lib/armv6-m\libm.a(s_ldexp.o)
                              C:/Freescale/CW MCU v10.6/MCU/ARM_GCC_Support/ewl/lib/armv6-m\libm.a(scalbn.o) (ldexp)
C:/Freescale/CW MCU v10.6/MCU/ARM_GCC_Support/ewl/lib/armv6-m\libm.a(e_sqrt.o)
                              C:/Freescale/CW MCU v10.6/MCU/ARM_GCC_Support/ewl/lib/armv6-m\libm.a(w_sqrt.o) (__ieee754_sqrt)
c:/freescale/cw mcu v10.6/cross_tools/arm-none-eabi-gcc-4_7_3/bin/../lib/gcc/arm-none-eabi/4.7.3/armv6-m\libgcc.a(_thumb1_case_sqi.o)
[...]
Memory Configuration

Name             Origin             Length             Attributes
m_interrupts     0x00000000         0x000000c0         xr
m_cfmprotrom     0x00000400         0x00000010         xr
m_text           0x00000800         0x0001f800         xr
m_data           0x1ffff000         0x00004000         xrw
*default*        0x00000000         0xffffffff

Linker script and memory map

LOAD ./Project_Settings/Startup_Code/kinetis_sysinit.o
LOAD ./Project_Settings/Startup_Code/__arm_start.o
LOAD ./Project_Settings/Startup_Code/__arm_end.o
LOAD ./Sources/TFC/TFC_arm_cm0.o
LOAD ./Sources/TFC/TFC_UART.o
LOAD ./Sources/TFC/TFC_Terminal.o
LOAD ./Sources/TFC/TFC_Servo.o
LOAD ./Sources/TFC/TFC_Queue.o
LOAD ./Sources/TFC/TFC_Motor.o
LOAD ./Sources/TFC/TFC_LineScanCamera.o
LOAD ./Sources/TFC/TFC_CrystalClock.o
LOAD ./Sources/TFC/TFC_BoardSupport.o
LOAD ./Sources/TFC/TFC_ARM_SysTick.o
LOAD ./Sources/TFC/TFC_ADC.o
LOAD ./Sources/main.o
LOAD ./Sources/TargetSpeedControl.o
LOAD ./Sources/SteeringControl.o
LOAD ./Sources/SpeedSensor.o
LOAD ./Sources/SpeedControl.o
LOAD ./Sources/ServoMapping.o
LOAD ./Sources/Probability.o
LOAD ./Sources/LineDetectionDouble.o
LOAD ./Sources/I2C.o
LOAD ./Sources/EdgeDetection.o
LOAD ./Sources/AutoExposure.o
LOAD ./Sources/ActiveDifferential.o
LOAD ./Sources/Accelerometer.o
                0x00008e2c                __pformatter = __pformatter_
                [0x00009254]                __sformatter = __sformatter
START GROUP
LOAD C:/Freescale/CW MCU v10.6/MCU/ARM_GCC_Support/ewl/lib/armv6-m\libc.a
LOAD C:/Freescale/CW MCU v10.6/MCU/ARM_GCC_Support/ewl/lib/armv6-m\libm.a
LOAD c:/freescale/cw mcu v10.6/cross_tools/arm-none-eabi-gcc-4_7_3/bin/../lib/gcc/arm-none-eabi/4.7.3/armv6-m\libgcc.a
LOAD C:/Freescale/CW MCU v10.6/MCU/ARM_GCC_Support/ewl/lib/armv6-m\librt.a
LOAD C:/Freescale/CW MCU v10.6/MCU/ARM_GCC_Support/ewl/lib/armv6-m\libuart.a
END GROUP
                0x20003000                _estack = 0x20003000
                0x20003000                __SP_INIT = _estack
                0x00000400                __heap_size = 0x400
                0x00000400                __stack_size = 0x400

.interrupts     0x00000000       0xc0
                0x00000000                __vector_table = .
                0x00000000                . = ALIGN (0x4)
 *(.vectortable)
 .vectortable   0x00000000       0xc0 ./Project_Settings/Startup_Code/kinetis_sysinit.o
                0x00000000                InterruptVector
                0x000000c0                . = ALIGN (0x4)

.cfmprotect     0x00000400        0x0
                0x00000400                . = ALIGN (0x4)
 *(.cfmconfig)
                0x00000400                . = ALIGN (0x4)

.text           0x00000800     0xa998
                0x00000800                . = ALIGN (0x4)
 *(.text)
 .text          0x00000800       0x14 c:/freescale/cw mcu v10.6/cross_tools/arm-none-eabi-gcc-4_7_3/bin/../lib/gcc/arm-none-eabi/4.7.3/armv6-m\libgcc.a(_thumb1_case_sqi.o)
                0x00000800                __gnu_thumb1_case_sqi
 .text          0x00000814       0x14 c:/freescale/cw mcu v10.6/cross_tools/arm-none-eabi-gcc-4_7_3/bin/../lib/gcc/arm-none-eabi/4.7.3/armv6-m\libgcc.a(_thumb1_case_uqi.o)
                0x00000814                __gnu_thumb1_case_uqi
 .text          0x00000828       0x9c c:/freescale/cw mcu v10.6/cross_tools/arm-none-eabi-gcc-4_7_3/bin/../lib/gcc/arm-none-eabi/4.7.3/armv6-m\libgcc.a(_udivsi3.o)
                0x00000828                __aeabi_uidiv
                0x00000828                __udivsi3
                0x000008b0                __aeabi_uidivmod
 .text          0x000008c4       0xc0 c:/freescale/cw mcu v10.6/cross_tools/arm-none-eabi-gcc-4_7_3/bin/../lib/gcc/arm-none-eabi/4.7.3/armv6-m\libgcc.a(_divsi3.o)
                0x000008c4                __divsi3
                0x000008c4                __aeabi_idiv
                0x00000970                __aeabi_idivmod
 .text          0x00000984        0x4 c:/freescale/cw mcu v10.6/cross_tools/arm-none-eabi-gcc-4_7_3/bin/../lib/gcc/arm-none-eabi/4.7.3/armv6-m\libgcc.a(_dvmd_tls.o)
                0x00000984                __aeabi_idiv0
                0x00000984                __aeabi_ldiv0
 .text          0x00000988       0x7c c:/freescale/cw mcu v10.6/cross_tools/arm-none-eabi-gcc-4_7_3/bin/../lib/gcc/arm-none-eabi/4.7.3/armv6-m\libgcc.a(_arm_cmpdf2.o)
                0x00000988                __aeabi_cdrcmple
                0x00000998                __aeabi_cdcmple
                0x00000998                __aeabi_cdcmpeq
                0x000009a8                __aeabi_dcmpeq
                0x000009b4                __aeabi_dcmplt
                0x000009c8                __aeabi_dcmple
                0x000009dc                __aeabi_dcmpgt
                0x000009f0                __aeabi_dcmpge
 .text          0x00000a04       0x74 c:/freescale/cw mcu v10.6/cross_tools/arm-none-eabi-gcc-4_7_3/bin/../lib/gcc/arm-none-eabi/4.7.3/armv6-m\libgcc.a(_arm_cmpsf2.o)
                0x00000a04                __aeabi_cfrcmple
                0x00000a0c                __aeabi_cfcmpeq
                0x00000a0c                __aeabi_cfcmple
                0x00000a1c                __aeabi_fcmpeq
                0x00000a28                __aeabi_fcmplt
                0x00000a3c                __aeabi_fcmple
                0x00000a50                __aeabi_fcmpgt
                0x00000a64                __aeabi_fcmpge
 .text          0x00000a78       0x30 c:/freescale/cw mcu v10.6/cross_tools/arm-none-eabi-gcc-4_7_3/bin/../lib/gcc/arm-none-eabi/4.7.3/armv6-m\libgcc.a(_fixunssfsi.o)
                0x00000a78                __fixunssfsi
                0x00000a78                __aeabi_f2uiz
 .text          0x00000aa8       0x40 c:/freescale/cw mcu v10.6/cross_tools/arm-none-eabi-gcc-4_7_3/bin/../lib/gcc/arm-none-eabi/4.7.3/armv6-m\libgcc.a(_fixunsdfsi.o)
                0x00000aa8                __aeabi_d2uiz
                0x00000aa8                __fixunsdfsi
 .text          0x00000ae8      0x3a4 c:/freescale/cw mcu v10.6/cross_tools/arm-none-eabi-gcc-4_7_3/bin/../lib/gcc/arm-none-eabi/4.7.3/armv6-m\libgcc.a(addsf3.o)
                0x00000ae8                __aeabi_fadd
 .text          0x00000e8c      0x274 c:/freescale/cw mcu v10.6/cross_tools/arm-none-eabi-gcc-4_7_3/bin/../lib/gcc/arm-none-eabi/4.7.3/armv6-m\libgcc.a(divsf3.o)
                0x00000e8c                __aeabi_fdiv
 .text          0x00001100       0x50 c:/freescale/cw mcu v10.6/cross_tools/arm-none-eabi-gcc-4_7_3/bin/../lib/gcc/arm-none-eabi/4.7.3/armv6-m\libgcc.a(eqsf2.o)
                0x00001100                __eqsf2
                0x00001100                __nesf2
 .text          0x00001150       0x90 c:/freescale/cw mcu v10.6/cross_tools/arm-none-eabi-gcc-4_7_3/bin/../lib/gcc/arm-none-eabi/4.7.3/armv6-m\libgcc.a(gesf2.o)
                0x00001150                __gesf2
                0x00001150                __gtsf2
 .text          0x000011e0       0x90 c:/freescale/cw mcu v10.6/cross_tools/arm-none-eabi-gcc-4_7_3/bin/../lib/gcc/arm-none-eabi/4.7.3/armv6-m\libgcc.a(lesf2.o)
                0x000011e0                __ltsf2
                0x000011e0                __lesf2
 .text          0x00001270      0x260 c:/freescale/cw mcu v10.6/cross_tools/arm-none-eabi-gcc-4_7_3/bin/../lib/gcc/arm-none-eabi/4.7.3/armv6-m\libgcc.a(mulsf3.o)
                0x00001270                __aeabi_fmul
 .text          0x000014d0      0x3ac c:/freescale/cw mcu v10.6/cross_tools/arm-none-eabi-gcc-4_7_3/bin/../lib/gcc/arm-none-eabi/4.7.3/armv6-m\libgcc.a(subsf3.o)
                0x000014d0                __aeabi_fsub
 .text          0x0000187c       0x40 c:/freescale/cw mcu v10.6/cross_tools/arm-none-eabi-gcc-4_7_3/bin/../lib/gcc/arm-none-eabi/4.7.3/armv6-m\libgcc.a(fixsfsi.o)
                0x0000187c                __aeabi_f2iz
 .text          0x000018bc       0xa8 c:/freescale/cw mcu v10.6/cross_tools/arm-none-eabi-gcc-4_7_3/bin/../lib/gcc/arm-none-eabi/4.7.3/armv6-m\libgcc.a(floatsisf.o)
                0x000018bc                __aeabi_i2f
 .text          0x00001964       0xa8 c:/freescale/cw mcu v10.6/cross_tools/arm-none-eabi-gcc-4_7_3/bin/../lib/gcc/arm-none-eabi/4.7.3/armv6-m\libgcc.a(floatunsisf.o)
                0x00001964                __aeabi_ui2f
 .text          0x00001a0c      0x758 c:/freescale/cw mcu v10.6/cross_tools/arm-none-eabi-gcc-4_7_3/bin/../lib/gcc/arm-none-eabi/4.7.3/armv6-m\libgcc.a(adddf3.o)
                0x00001a0c                __aeabi_dadd
 .text          0x00002164      0x5b8 c:/freescale/cw mcu v10.6/cross_tools/arm-none-eabi-gcc-4_7_3/bin/../lib/gcc/arm-none-eabi/4.7.3/armv6-m\libgcc.a(divdf3.o)
                0x00002164                __aeabi_ddiv
 .text          0x0000271c       0x7c c:/freescale/cw mcu v10.6/cross_tools/arm-none-eabi-gcc-4_7_3/bin/../lib/gcc/arm-none-eabi/4.7.3/armv6-m\libgcc.a(eqdf2.o)
                0x0000271c                __nedf2
                0x0000271c                __eqdf2
 .text          0x00002798       0xe8 c:/freescale/cw mcu v10.6/cross_tools/arm-none-eabi-gcc-4_7_3/bin/../lib/gcc/arm-none-eabi/4.7.3/armv6-m\libgcc.a(gedf2.o)
                0x00002798                __gedf2
                0x00002798                __gtdf2
 .text          0x00002880       0xd8 c:/freescale/cw mcu v10.6/cross_tools/arm-none-eabi-gcc-4_7_3/bin/../lib/gcc/arm-none-eabi/4.7.3/armv6-m\libgcc.a(ledf2.o)
                0x00002880                __ledf2
                0x00002880                __ltdf2
 .text          0x00002958      0x4e4 c:/freescale/cw mcu v10.6/cross_tools/arm-none-eabi-gcc-4_7_3/bin/../lib/gcc/arm-none-eabi/4.7.3/armv6-m\libgcc.a(muldf3.o)
                0x00002958                __aeabi_dmul
 .text          0x00002e3c      0x6f8 c:/freescale/cw mcu v10.6/cross_tools/arm-none-eabi-gcc-4_7_3/bin/../lib/gcc/arm-none-eabi/4.7.3/armv6-m\libgcc.a(subdf3.o)
                0x00002e3c                __aeabi_dsub
 .text          0x00003534       0x68 c:/freescale/cw mcu v10.6/cross_tools/arm-none-eabi-gcc-4_7_3/bin/../lib/gcc/arm-none-eabi/4.7.3/armv6-m\libgcc.a(fixdfsi.o)
                0x00003534                __aeabi_d2iz
 .text          0x0000359c       0x74 c:/freescale/cw mcu v10.6/cross_tools/arm-none-eabi-gcc-4_7_3/bin/../lib/gcc/arm-none-eabi/4.7.3/armv6-m\libgcc.a(floatsidf.o)
                0x0000359c                __aeabi_i2d
 .text          0x00003610       0x64 c:/freescale/cw mcu v10.6/cross_tools/arm-none-eabi-gcc-4_7_3/bin/../lib/gcc/arm-none-eabi/4.7.3/armv6-m\libgcc.a(floatunsidf.o)
                0x00003610                __aeabi_ui2d
 .text          0x00003674       0xa8 c:/freescale/cw mcu v10.6/cross_tools/arm-none-eabi-gcc-4_7_3/bin/../lib/gcc/arm-none-eabi/4.7.3/armv6-m\libgcc.a(extendsfdf2.o)
                0x00003674                __aeabi_f2d
 .text          0x0000371c      0x134 c:/freescale/cw mcu v10.6/cross_tools/arm-none-eabi-gcc-4_7_3/bin/../lib/gcc/arm-none-eabi/4.7.3/armv6-m\libgcc.a(truncdfsf2.o)
                0x0000371c                __aeabi_d2f
 .text          0x00003850       0x3c c:/freescale/cw mcu v10.6/cross_tools/arm-none-eabi-gcc-4_7_3/bin/../lib/gcc/arm-none-eabi/4.7.3/armv6-m\libgcc.a(_clzsi2.o)
                0x00003850                __clzsi2
 *(.text*)
 .text.Default_Handler
                0x0000388c        0xc ./Project_Settings/Startup_Code/kinetis_sysinit.o
                0x0000388c                RTC_Alarm_IRQHandler
                0x0000388c                I2C0_IRQHandler
                0x0000388c                HardFault_Handler
                0x0000388c                PendSV_Handler
                0x0000388c                NMI_Handler
                0x0000388c                I2C1_IRQHandler
                0x0000388c                UART1_IRQHandler
                0x0000388c                DMA2_IRQHandler
                0x0000388c                TSI0_IRQHandler
                0x0000388c                SPI1_IRQHandler
                0x0000388c                PORTD_IRQHandler
                0x0000388c                LPTimer_IRQHandler
                0x0000388c                RTC_Seconds_IRQHandler
                0x0000388c                MCG_IRQHandler
                0x0000388c                Default_Handler
                0x0000388c                LLW_IRQHandler
                0x0000388c                SVC_Handler
                0x0000388c                USBOTG_IRQHandler
                0x0000388c                DMA3_IRQHandler
                0x0000388c                DMA0_IRQHandler
                0x0000388c                DAC0_IRQHandler
                0x0000388c                PMC_IRQHandler
                0x0000388c                SPI0_IRQHandler
                0x0000388c                FTM0_IRQHandler
                0x0000388c                PORTA_IRQHandler
                0x0000388c                MCM_IRQHandler
                0x0000388c                FTFL_IRQHandler
                0x0000388c                CMP0_IRQHandler
                0x0000388c                DMA1_IRQHandler
 .text.Default_Handler_Helper
                0x00003898        0xc ./Project_Settings/Startup_Code/kinetis_sysinit.o
                0x00003898                Default_Handler_Helper
 .text.__init_hardware
                0x000038a4       0x24 ./Project_Settings/Startup_Code/kinetis_sysinit.o
                0x000038a4                __init_hardware
 .text.__thumb_startup
                0x000038c8       0x38 ./Project_Settings/Startup_Code/__arm_start.o
                0x000038c8                __thumb_startup
 .text._ExitProcess
                0x00003900        0x4 ./Project_Settings/Startup_Code/__arm_end.o
                0x00003900                _ExitProcess
 .text.enable_irq
                0x00003904       0x30 ./Sources/TFC/TFC_arm_cm0.o
                0x00003904                enable_irq
 .text.disable_irq
                0x00003934       0x24 ./Sources/TFC/TFC_arm_cm0.o
                0x00003934                disable_irq
 .text.set_irq_priority
                0x00003958       0x24 ./Sources/TFC/TFC_arm_cm0.o
                0x00003958                set_irq_priority
 .text.TFC_UART_Process
                0x0000397c       0x2c ./Sources/TFC/TFC_UART.o
                0x0000397c                TFC_UART_Process
 .text.UART0_IRQHandler
                0x000039a8       0x60 ./Sources/TFC/TFC_UART.o
                0x000039a8                UART0_IRQHandler
 .text.uart0_init
                0x00003a08      0x15c ./Sources/TFC/TFC_UART.o
                0x00003a08                uart0_init
 .text.TFC_InitUARTs
                0x00003b64      0x110 ./Sources/TFC/TFC_UART.o
                0x00003b64                TFC_InitUARTs
 .text.UART2_IRQHandler
                0x00003c74        0x4 ./Sources/TFC/TFC_UART.o
                0x00003c74                UART2_IRQHandler
 .text.uart_getchar
                0x00003c78       0x10 ./Sources/TFC/TFC_UART.o
                0x00003c78                uart_getchar
 .text.uart_putchar
                0x00003c88       0x10 ./Sources/TFC/TFC_UART.o
                0x00003c88                uart_putchar
 .text.uart_getchar_present
                0x00003c98        0x8 ./Sources/TFC/TFC_UART.o
                0x00003c98                uart_getchar_present
 .text.TerminalCmd_GetLineScan
                0x00003ca0       0x9c ./Sources/TFC/TFC_Terminal.o
                0x00003ca0                TerminalCmd_GetLineScan
 .text.TerminalCmd_E
                0x00003d3c       0x20 ./Sources/TFC/TFC_Terminal.o
                0x00003d3c                TerminalCmd_E
 .text.TerminalCmd_Help
                0x00003d5c       0x84 ./Sources/TFC/TFC_Terminal.o
                0x00003d5c                TerminalCmd_Help
 .text.TerminalCmd_H
                0x00003de0       0x68 ./Sources/TFC/TFC_Terminal.o
                0x00003de0                TerminalCmd_H
 .text.TerminalCmd_D
                0x00003e48       0x28 ./Sources/TFC/TFC_Terminal.o
                0x00003e48                TerminalCmd_D
 .text.TerminalCmd_S
                0x00003e70       0x70 ./Sources/TFC/TFC_Terminal.o
                0x00003e70                TerminalCmd_S
 .text.TFC_InitTerminal
                0x00003ee0       0x64 ./Sources/TFC/TFC_Terminal.o
                0x00003ee0                TFC_InitTerminal
 .text.TFC_ProcessTerminal
                0x00003f44      0x2d8 ./Sources/TFC/TFC_Terminal.o
                0x00003f44                TFC_ProcessTerminal
 *fill*         0x0000421c        0x4 00
 .text.TFC_SetServo
                0x00004220       0x88 ./Sources/TFC/TFC_Servo.o
                0x00004220                TFC_SetServo
 .text.FTM1_IRQHandler
                0x000042a8       0x2c ./Sources/TFC/TFC_Servo.o
                0x000042a8                FTM1_IRQHandler
 .text.TFC_InitServos
                0x000042d4       0xac ./Sources/TFC/TFC_Servo.o
                0x000042d4                TFC_InitServos
 .text.InitByteQueue
                0x00004380       0x24 ./Sources/TFC/TFC_Queue.o
                0x00004380                InitByteQueue
 .text.BytesInQueue
                0x000043a4       0x20 ./Sources/TFC/TFC_Queue.o
                0x000043a4                BytesInQueue
 .text.ByteEnqueue
                0x000043c4       0x4c ./Sources/TFC/TFC_Queue.o
                0x000043c4                ByteEnqueue
 .text.Qprintf  0x00004410      0x150 ./Sources/TFC/TFC_Queue.o
                0x00004410                Qprintf
 .text.ByteDequeue
                0x00004560       0x44 ./Sources/TFC/TFC_Queue.o
                0x00004560                ByteDequeue
 .text.ForcedByteDequeue
                0x000045a4       0x40 ./Sources/TFC/TFC_Queue.o
                0x000045a4                ForcedByteDequeue
 .text.TFC_InitMotorPWM
                0x000045e4       0xbc ./Sources/TFC/TFC_Motor.o
                0x000045e4                TFC_InitMotorPWM
 .text.TFC_SetMotorPWM
                0x000046a0       0xe4 ./Sources/TFC/TFC_Motor.o
                0x000046a0                TFC_SetMotorPWM
 .text.TFC_GetMotorPWM
                0x00004784        0xc ./Sources/TFC/TFC_Motor.o
                0x00004784                TFC_GetMotorPWM
 .text.TFC_InitLineScanCamera
                0x00004790       0x90 ./Sources/TFC/TFC_LineScanCamera.o
                0x00004790                TFC_InitLineScanCamera
 .text.TFC_SetLineScanExposureTime
                0x00004820       0x2c ./Sources/TFC/TFC_LineScanCamera.o
                0x00004820                TFC_SetLineScanExposureTime
 .text.TFC_getLineScanExposureTime
                0x0000484c       0x2c ./Sources/TFC/TFC_LineScanCamera.o
                0x0000484c                TFC_getLineScanExposureTime
 .text.pll_init
                0x00004878      0x294 ./Sources/TFC/TFC_CrystalClock.o
                0x00004878                pll_init
 .text.TFC_InitClock
                0x00004b0c       0x20 ./Sources/TFC/TFC_CrystalClock.o
                0x00004b0c                TFC_InitClock
 .text.TFC_InitGPIO
                0x00004b2c       0x64 ./Sources/TFC/TFC_BoardSupport.o
                0x00004b2c                TFC_InitGPIO
 .text.TFC_GetDIP_Switch
                0x00004b90       0x10 ./Sources/TFC/TFC_BoardSupport.o
                0x00004b90                TFC_GetDIP_Switch
 .text.TFC_GetPush_Button
                0x00004ba0       0x28 ./Sources/TFC/TFC_BoardSupport.o
                0x00004ba0                TFC_GetPush_Button
 .text.TFC_InitSysTick
                0x00004bc8       0x2c ./Sources/TFC/TFC_ARM_SysTick.o
                0x00004bc8                TFC_InitSysTick
 .text.SysTick_Handler
                0x00004bf4       0x88 ./Sources/TFC/TFC_ARM_SysTick.o
                0x00004bf4                SysTick_Handler
 .text.TFC_InitADCs
                0x00004c7c      0x150 ./Sources/TFC/TFC_ADC.o
                0x00004c7c                TFC_InitADCs
 .text.PIT_IRQHandler
                0x00004dcc       0x34 ./Sources/TFC/TFC_ADC.o
                0x00004dcc                PIT_IRQHandler
 .text.ADC0_IRQHandler
                0x00004e00      0x1c0 ./Sources/TFC/TFC_ADC.o
                0x00004e00                ADC0_IRQHandler
 .text.TFC_ReadMotorCurrent
                0x00004fc0       0x38 ./Sources/TFC/TFC_ADC.o
                0x00004fc0                TFC_ReadMotorCurrent
 .text.TFC_ReadBatteryVoltage
                0x00004ff8       0x30 ./Sources/TFC/TFC_ADC.o
                0x00004ff8                TFC_ReadBatteryVoltage
 .text.TFC_Init
                0x00005028       0x5c ./Sources/main.o
                0x00005028                TFC_Init
 *fill*         0x00005084        0x4 00
 .text.telemetrySendData
                0x00005088      0xc88 ./Sources/main.o
                0x00005088                telemetrySendData
 .text.BluetoothSetLED
                0x00005d10       0xb8 ./Sources/main.o
                0x00005d10                BluetoothSetLED
 .text.telemetryReadData
                0x00005dc8       0xc0 ./Sources/main.o
                0x00005dc8                telemetryReadData
 .text.startup.main
                0x00005e88      0x888 ./Sources/main.o
                0x00005e88                main
 .text.getDesiredSpeed
                0x00006710       0x84 ./Sources/TargetSpeedControl.o
                0x00006710                getDesiredSpeed
 .text.getDesiredServoValue
                0x00006794      0x16c ./Sources/SteeringControl.o
                0x00006794                getDesiredServoValue
 .text.TFC_InitSpeedSensor
                0x00006900       0x90 ./Sources/SpeedSensor.o
                0x00006900                TFC_InitSpeedSensor
 .text.isANewmeasurementAvailable
                0x00006990       0x80 ./Sources/SpeedSensor.o
                0x00006990                isANewmeasurementAvailable
 .text.getSpeed
                0x00006a10       0x74 ./Sources/SpeedSensor.o
                0x00006a10                getSpeed
 .text.FTM2_IRQHandler
                0x00006a84       0xf0 ./Sources/SpeedSensor.o
                0x00006a84                FTM2_IRQHandler
 .text.getDesiredMotorPWM
                0x00006b74      0x11c ./Sources/SpeedControl.o
                0x00006b74                getDesiredMotorPWM
 .text.getRadiusRoot
                0x00006c90       0x80 ./Sources/ServoMapping.o
                0x00006c90                getRadiusRoot
 .text.getRadius
                0x00006d10       0x8c ./Sources/ServoMapping.o
                0x00006d10                getRadius
 *fill*         0x00006d9c        0x4 00
 .text.getProbability
                0x00006da0      0x1d8 ./Sources/Probability.o
                0x00006da0                getProbability
 .text.findLine
                0x00006f78     0x1368 ./Sources/LineDetectionDouble.o
                0x00006f78                findLine
 .text.preloadProbabilityTables
                0x000082e0       0x20 ./Sources/LineDetectionDouble.o
                0x000082e0                preloadProbabilityTables
 .text.weightStopLines
                0x00008300      0x100 ./Sources/LineDetectionDouble.o
                0x00008300                weightStopLines
 .text.findStop
                0x00008400      0x26c ./Sources/LineDetectionDouble.o
                0x00008400                findStop
 *fill*         0x0000866c        0x4 00
 .text.generateKernel
                0x00008670      0x100 ./Sources/EdgeDetection.o
                0x00008670                generateKernel
 .text.blurImage
                0x00008770       0xdc ./Sources/EdgeDetection.o
                0x00008770                blurImage
 .text.sobelDerivative
                0x0000884c       0x64 ./Sources/EdgeDetection.o
                0x0000884c                sobelDerivative
 .text.findLocalMax
                0x000088b0       0xd0 ./Sources/EdgeDetection.o
                0x000088b0                findLocalMax
 .text.edgeDetection
                0x00008980       0x4c ./Sources/EdgeDetection.o
                0x00008980                edgeDetection
 .text.getTotalIntensity
                0x000089cc       0x24 ./Sources/AutoExposure.o
                0x000089cc                getTotalIntensity
 .text.calculateNewExposure
                0x000089f0       0xc4 ./Sources/AutoExposure.o
                0x000089f0                calculateNewExposure
 .text.getActiveDifferentialModifier
                0x00008ab4       0x44 ./Sources/ActiveDifferential.o
                0x00008ab4                getActiveDifferentialModifier
 .text.vsprintf
                0x00008af8       0x12 C:/Freescale/CW MCU v10.6/MCU/ARM_GCC_Support/ewl/lib/armv6-m\libc.a(vsprintf.o)
                0x00008af8                vsprintf
 .text.sscanf   0x00008b0a       0x18 C:/Freescale/CW MCU v10.6/MCU/ARM_GCC_Support/ewl/lib/armv6-m\libc.a(sscanf.o)
                0x00008b0a                sscanf
 .text.__StringRead
                0x00008b22       0x3c C:/Freescale/CW MCU v10.6/MCU/ARM_GCC_Support/ewl/lib/armv6-m\libc.a(vsscanf.o)
                0x00008b22                __StringRead
 *fill*         0x00008b5e        0x2 00
 .text.vsscanf  0x00008b60       0x30 C:/Freescale/CW MCU v10.6/MCU/ARM_GCC_Support/ewl/lib/armv6-m\libc.a(vsscanf.o)
                0x00008b60                vsscanf
 .text.exit     0x00008b90       0x38 C:/Freescale/CW MCU v10.6/MCU/ARM_GCC_Support/ewl/lib/armv6-m\libc.a(exit.o)
                0x00008b90                exit
 .text.memset   0x00008bc8        0xc C:/Freescale/CW MCU v10.6/MCU/ARM_GCC_Support/ewl/lib/armv6-m\libc.a(memset.o)
                0x00008bc8                memset
 .text.__fill_mem
                0x00008bd4       0x7e C:/Freescale/CW MCU v10.6/MCU/ARM_GCC_Support/ewl/lib/armv6-m\libc.a(__filll_mem.o)
                0x00008bd4                __fill_mem
 .text.strcpy   0x00008c52       0x10 C:/Freescale/CW MCU v10.6/MCU/ARM_GCC_Support/ewl/lib/armv6-m\libc.a(strcpy.o)
                0x00008c52                strcpy
 .text.strcmp   0x00008c62       0x1c C:/Freescale/CW MCU v10.6/MCU/ARM_GCC_Support/ewl/lib/armv6-m\libc.a(strcmp.o)
                0x00008c62                strcmp
 .text.strlen   0x00008c7e       0x10 C:/Freescale/CW MCU v10.6/MCU/ARM_GCC_Support/ewl/lib/armv6-m\libc.a(strlen.o)
                0x00008c7e                strlen
 *fill*         0x00008c8e        0x2 00
 .text.long2str.isra.0
                0x00008c90      0x19c C:/Freescale/CW MCU v10.6/MCU/ARM_GCC_Support/ewl/lib/armv6-m\libc.a(printformat_.o)
 .text.__pformatter_
                0x00008e2c      0x428 C:/Freescale/CW MCU v10.6/MCU/ARM_GCC_Support/ewl/lib/armv6-m\libc.a(printformat_.o)
                0x00008e2c                __pformatter_
 .text.__sformatter
                0x00009254      0x698 C:/Freescale/CW MCU v10.6/MCU/ARM_GCC_Support/ewl/lib/armv6-m\libc.a(scanformat_.o)
                0x00009254                __sformatter
 .text.isalpha  0x000098ec       0x20 C:/Freescale/CW MCU v10.6/MCU/ARM_GCC_Support/ewl/lib/armv6-m\libc.a(ctype_aeabi.o)
                0x000098ec                isalpha
 .text.isspace  0x0000990c       0x20 C:/Freescale/CW MCU v10.6/MCU/ARM_GCC_Support/ewl/lib/armv6-m\libc.a(ctype_aeabi.o)
                0x0000990c                isspace
 .text.toupper  0x0000992c        0xe C:/Freescale/CW MCU v10.6/MCU/ARM_GCC_Support/ewl/lib/armv6-m\libc.a(ctype_aeabi.o)
                0x0000992c                toupper
 .text.__StringWrite
                0x0000993a       0x26 C:/Freescale/CW MCU v10.6/MCU/ARM_GCC_Support/ewl/lib/armv6-m\libc.a(vsnprintf.o)
                0x0000993a                __StringWrite
 .text.vsnprintf
                0x00009960       0x38 C:/Freescale/CW MCU v10.6/MCU/ARM_GCC_Support/ewl/lib/armv6-m\libc.a(vsnprintf.o)
                0x00009960                vsnprintf
 .text.__strtoul
                0x00009998      0x1ce C:/Freescale/CW MCU v10.6/MCU/ARM_GCC_Support/ewl/lib/armv6-m\libc.a(__strtoul.o)
                0x00009998                __strtoul
 .text.strchr   0x00009b66       0x1e C:/Freescale/CW MCU v10.6/MCU/ARM_GCC_Support/ewl/lib/armv6-m\libc.a(strchr.o)
                0x00009b66                strchr
 .text.memcpy   0x00009b84       0x12 C:/Freescale/CW MCU v10.6/MCU/ARM_GCC_Support/ewl/lib/armv6-m\libc.a(memcpy.o)
                0x00009b84                memcpy
 .text.memchr   0x00009b96       0x1a C:/Freescale/CW MCU v10.6/MCU/ARM_GCC_Support/ewl/lib/armv6-m\libc.a(memchr.o)
                0x00009b96                memchr
 .text.pow      0x00009bb0        0x8 C:/Freescale/CW MCU v10.6/MCU/ARM_GCC_Support/ewl/lib/armv6-m\libm.a(w_pow.o)
                0x00009bb0                pow
 .text.__ieee754_pow
                0x00009bb8      0xb70 C:/Freescale/CW MCU v10.6/MCU/ARM_GCC_Support/ewl/lib/armv6-m\libm.a(e_pow.o)
                0x00009bb8                __ieee754_pow
 .text.scalbn   0x0000a728       0x14 C:/Freescale/CW MCU v10.6/MCU/ARM_GCC_Support/ewl/lib/armv6-m\libm.a(scalbn.o)
                0x0000a728                scalbn
 .text.sqrt     0x0000a73c        0x8 C:/Freescale/CW MCU v10.6/MCU/ARM_GCC_Support/ewl/lib/armv6-m\libm.a(w_sqrt.o)
                0x0000a73c                sqrt
 .text.__fpclassifyd
                0x0000a744       0x38 C:/Freescale/CW MCU v10.6/MCU/ARM_GCC_Support/ewl/lib/armv6-m\libm.a(math_api.o)
                0x0000a744                __fpclassifyd
 *fill*         0x0000a77c        0x4 00
 .text.frexp    0x0000a780       0x80 C:/Freescale/CW MCU v10.6/MCU/ARM_GCC_Support/ewl/lib/armv6-m\libm.a(s_frexp.o)
                0x0000a780                frexp
 .text.ldexp    0x0000a800      0x148 C:/Freescale/CW MCU v10.6/MCU/ARM_GCC_Support/ewl/lib/armv6-m\libm.a(s_ldexp.o)
                0x0000a800                ldexp
 .text.__ieee754_sqrt
                0x0000a948      0x17c C:/Freescale/CW MCU v10.6/MCU/ARM_GCC_Support/ewl/lib/armv6-m\libm.a(e_sqrt.o)
                0x0000a948                __ieee754_sqrt
 .text.__init_cpp
                0x0000aac4       0x48 C:/Freescale/CW MCU v10.6/MCU/ARM_GCC_Support/ewl/lib/armv6-m\librt.a(gcc_ctor_dtor.o)
                0x0000aac4                __init_cpp
 .text.__fini_cpp
                0x0000ab0c       0x34 C:/Freescale/CW MCU v10.6/MCU/ARM_GCC_Support/ewl/lib/armv6-m\librt.a(gcc_ctor_dtor.o)
                0x0000ab0c                __fini_cpp
 .text.__destroy_global_chain
                0x0000ab40       0x1c C:/Freescale/CW MCU v10.6/MCU/ARM_GCC_Support/ewl/lib/armv6-m\librt.a(__arm_eabi_init.o)
                0x0000ab40                __destroy_global_chain
 .text.__init_registers
                0x0000ab5c       0x1c C:/Freescale/CW MCU v10.6/MCU/ARM_GCC_Support/ewl/lib/armv6-m\librt.a(__arm_eabi_init.o)
                0x0000ab5c                __init_registers
 .text.__init_user
                0x0000ab78        0x4 C:/Freescale/CW MCU v10.6/MCU/ARM_GCC_Support/ewl/lib/armv6-m\librt.a(__arm_eabi_init.o)
                0x0000ab78                __init_user
 .text.__copy_rom_section
                0x0000ab7c       0x48 C:/Freescale/CW MCU v10.6/MCU/ARM_GCC_Support/ewl/lib/armv6-m\librt.a(ROMCopy.o)
                0x0000ab7c                __copy_rom_section
 .text.__copy_rom_sections_to_ram
                0x0000abc4       0x34 C:/Freescale/CW MCU v10.6/MCU/ARM_GCC_Support/ewl/lib/armv6-m\librt.a(ROMCopy.o)
                0x0000abc4                __copy_rom_sections_to_ram
 *(.rodata)
 .rodata        0x0000abf8       0x40 c:/freescale/cw mcu v10.6/cross_tools/arm-none-eabi-gcc-4_7_3/bin/../lib/gcc/arm-none-eabi/4.7.3/armv6-m\libgcc.a(divsf3.o)
 .rodata        0x0000ac38       0x40 c:/freescale/cw mcu v10.6/cross_tools/arm-none-eabi-gcc-4_7_3/bin/../lib/gcc/arm-none-eabi/4.7.3/armv6-m\libgcc.a(mulsf3.o)
 .rodata        0x0000ac78       0x40 c:/freescale/cw mcu v10.6/cross_tools/arm-none-eabi-gcc-4_7_3/bin/../lib/gcc/arm-none-eabi/4.7.3/armv6-m\libgcc.a(divdf3.o)
 .rodata        0x0000acb8       0x40 c:/freescale/cw mcu v10.6/cross_tools/arm-none-eabi-gcc-4_7_3/bin/../lib/gcc/arm-none-eabi/4.7.3/armv6-m\libgcc.a(muldf3.o)
 *(.rodata*)
 .rodata.str1.4
                0x0000acf8      0x343 ./Sources/TFC/TFC_Terminal.o
                                0x350 (size before relaxing)
 *fill*         0x0000b03b        0x1 00
 .rodata.ADC0_IRQHandler
                0x0000b03c       0x1c ./Sources/TFC/TFC_ADC.o
 .rodata.str1.4
                0x0000b058        0x4 ./Sources/main.o
                                  0x8 (size before relaxing)
 .rodata.str1.1
                0x0000b05c        0x1 C:/Freescale/CW MCU v10.6/MCU/ARM_GCC_Support/ewl/lib/armv6-m\libc.a(printformat_.o)
 .rodata.CSWTCH.20
                0x0000b05d        0x5 C:/Freescale/CW MCU v10.6/MCU/ARM_GCC_Support/ewl/lib/armv6-m\libc.a(printformat_.o)
 .rodata.CSWTCH.21
                0x0000b062        0x5 C:/Freescale/CW MCU v10.6/MCU/ARM_GCC_Support/ewl/lib/armv6-m\libc.a(printformat_.o)
 .rodata.__aeabi_ctype_table_C
                0x0000b067      0x101 C:/Freescale/CW MCU v10.6/MCU/ARM_GCC_Support/ewl/lib/armv6-m\libc.a(ctype_aeabi.o)
                0x0000b067                __aeabi_ctype_table_C
 .rodata.dp_h   0x0000b168       0x10 C:/Freescale/CW MCU v10.6/MCU/ARM_GCC_Support/ewl/lib/armv6-m\libm.a(e_pow.o)
 .rodata.dp_l   0x0000b178       0x10 C:/Freescale/CW MCU v10.6/MCU/ARM_GCC_Support/ewl/lib/armv6-m\libm.a(e_pow.o)
 .rodata.bp     0x0000b188       0x10 C:/Freescale/CW MCU v10.6/MCU/ARM_GCC_Support/ewl/lib/armv6-m\libm.a(e_pow.o)
 *(.glue_7)
 .glue_7        0x00000000        0x0 linker stubs
 *(.glue_7t)
 .glue_7t       0x00000000        0x0 linker stubs
 *(.eh_frame)
 *(.init)
 *(.fini)
                0x0000b198                . = ALIGN (0x4)
                0x0000b198                _etext = .

.vfp11_veneer   0x0000b198        0x0
 .vfp11_veneer  0x00000000        0x0 linker stubs

.v4_bx          0x0000b198        0x0
 .v4_bx         0x00000000        0x0 linker stubs

.iplt           0x0000b198        0x0
 .iplt          0x00000000        0x0 ./Project_Settings/Startup_Code/kinetis_sysinit.o

.rel.dyn        0x0000b198        0x0
 .rel.iplt      0x00000000        0x0 ./Project_Settings/Startup_Code/kinetis_sysinit.o

.ARM.extab
 *(.ARM.extab* .gnu.linkonce.armextab.*)

.ARM            0x0000b198        0x0
                0x0000b198                __exidx_start = .
 *(.ARM.exidx*)
                0x0000b198                __exidx_end = .

.ctors          0x0000b198        0x0
                0x0000b198                __CTOR_LIST__ = .
 *crtbegin.o(.ctors)
 *(EXCLUDE_FILE(*crtend.o) .ctors)
 *(SORT(.ctors.*))
 *(.ctors)
                0x0000b198                __CTOR_END__ = .

.dtors          0x0000b198        0x0
                0x0000b198                __DTOR_LIST__ = .
 *crtbegin.o(.dtors)
 *(EXCLUDE_FILE(*crtend.o) .dtors)
 *(SORT(.dtors.*))
 *(.dtors)
                0x0000b198                __DTOR_END__ = .

.preinit_array  0x0000b198        0x0
                0x0000b198                PROVIDE (__preinit_array_start, .)
 *(.preinit_array*)
                0x0000b198                PROVIDE (__preinit_array_end, .)

.init_array     0x0000b198        0x0
                0x0000b198                PROVIDE (__init_array_start, .)
 *(SORT(.init_array.*))
 *(.init_array*)
                0x0000b198                PROVIDE (__init_array_end, .)

.fini_array     0x0000b198        0x0
                0x0000b198                PROVIDE (__fini_array_start, .)
 *(SORT(.fini_array.*))
 *(.fini_array*)
                0x0000b198                PROVIDE (__fini_array_end, .)
                0x0000b198                ___ROM_AT = .

.mtb            0x1ffff000        0x0
                0x1ffff000                . = ALIGN (0x8)
                0x1ffff000                _mtb_start = .
 *(.mtb_buf)
                0x1ffff000                . = ALIGN (0x8)
                0x1ffff000                _mtb_end = .

.data           0x1ffff000      0x224 load address 0x0000b198
                0x1ffff000                . = ALIGN (0x4)
                0x1ffff000                _sdata = .
 *(.data)
 *(.data*)
 .data.MyTerminalCallbackRecords
                0x1ffff000       0x48 ./Sources/TFC/TFC_Terminal.o
                0x1ffff000                MyTerminalCallbackRecords
 .data.max_speed_percent
                0x1ffff048        0x4 ./Sources/main.o
                0x1ffff048                max_speed_percent
 .data.cross_section_enable
                0x1ffff04c        0x1 ./Sources/main.o
                0x1ffff04c                cross_section_enable
 *fill*         0x1ffff04d        0x3 00
 .data.carState
                0x1ffff050       0x10 ./Sources/main.o
 .data.mapArray
                0x1ffff060      0x194 ./Sources/ServoMapping.o
                0x1ffff060                mapArray
 .data.previousRight.6016
                0x1ffff1f4       0x10 ./Sources/LineDetectionDouble.o
 .data.previousLeft.6015
                0x1ffff204       0x10 ./Sources/LineDetectionDouble.o
 .data.trackWidthAverage
                0x1ffff214        0x4 ./Sources/LineDetectionDouble.o
 .data.newExposure
                0x1ffff218        0x4 ./Sources/AutoExposure.o
                0x1ffff218                newExposure
 .data.__double_nan
                0x1ffff21c        0x8 C:/Freescale/CW MCU v10.6/MCU/ARM_GCC_Support/ewl/lib/armv6-m\libm.a(float.o)
                0x1ffff21c                __double_nan
                0x1ffff224                . = ALIGN (0x4)
                0x1ffff224                _edata = .
                0x00000224                ___data_size = (_edata - _sdata)

.igot.plt       0x1ffff224        0x0 load address 0x0000b3bc
 .igot.plt      0x00000000        0x0 ./Project_Settings/Startup_Code/kinetis_sysinit.o
                0x1ffff224                . = ALIGN (0x4)

.bss            0x1ffff224     0x2dd0 load address 0x0000b3bc
                0x1ffff224                __START_BSS = .
                0x1ffff224                PROVIDE (__bss_start__, __START_BSS)
 *(.bss)
 *(.bss*)
 .bss.argv      0x1ffff224        0x4 ./Project_Settings/Startup_Code/__arm_start.o
 .bss.StringBuffer
                0x1ffff228      0x100 ./Sources/TFC/TFC_Queue.o
 .bss.motorValue
                0x1ffff328        0x8 ./Sources/TFC/TFC_Motor.o
 .bss.DelayTimerTick
                0x1ffff330        0x4 ./Sources/TFC/TFC_ARM_SysTick.o
 .bss.carState  0x1ffff334        0x4 ./Sources/TFC/TFC_ADC.o
 .bss.CurrentADC_State
                0x1ffff338        0x1 ./Sources/TFC/TFC_ADC.o
 .bss.CurrentLineScanPixel
                0x1ffff339        0x1 ./Sources/TFC/TFC_ADC.o
                0x1ffff339                CurrentLineScanPixel
 .bss.CurrentLineScanChannel
                0x1ffff33a        0x1 ./Sources/TFC/TFC_ADC.o
                0x1ffff33a                CurrentLineScanChannel
 .bss.count     0x1ffff33b        0x1 ./Sources/main.o
                0x1ffff33b                count
 .bss.stopDelayTime.6148
                0x1ffff33c        0x4 ./Sources/main.o
 .bss.totalIntensity.6145
                0x1ffff340        0x4 ./Sources/main.o
 .bss.previousTargetSpeed.6210
                0x1ffff344        0x4 ./Sources/main.o
 .bss.loop_begin
                0x1ffff348        0x2 ./Sources/main.o
                0x1ffff348                loop_begin
 *fill*         0x1ffff34a        0x2 00
 .bss.servoValue
                0x1ffff34c        0x4 ./Sources/main.o
 .bss.speedL    0x1ffff350        0x4 ./Sources/main.o
                0x1ffff350                speedL
 .bss.stopline_enable
                0x1ffff354        0x1 ./Sources/main.o
                0x1ffff354                stopline_enable
 *fill*         0x1ffff355        0x3 00
 .bss.batteryLevel
                0x1ffff358        0x4 ./Sources/main.o
                0x1ffff358                batteryLevel
 .bss.test_begin
                0x1ffff35c        0x4 ./Sources/main.o
                0x1ffff35c                test_begin
 .bss.speedR    0x1ffff360        0x4 ./Sources/main.o
                0x1ffff360                speedR
 .bss.received_byte1
                0x1ffff364        0x1 ./Sources/main.o
                0x1ffff364                received_byte1
 .bss.received_byte2
                0x1ffff365        0x1 ./Sources/main.o
                0x1ffff365                received_byte2
 *fill*         0x1ffff366        0x2 00
 .bss.test_time
                0x1ffff368        0x4 ./Sources/main.o
                0x1ffff368                test_time
 .bss.stoplineJustDetected
                0x1ffff36c        0x1 ./Sources/main.o
 *fill*         0x1ffff36d        0x3 00
 .bss.friction_correct
                0x1ffff370        0x4 ./Sources/main.o
                0x1ffff370                friction_correct
 .bss.previousRaceLine.6206
                0x1ffff374        0x4 ./Sources/main.o
 .bss.stoplineDetectedMoment.6147
                0x1ffff378        0x4 ./Sources/main.o
 .bss.s_mode_enable
                0x1ffff37c        0x1 ./Sources/main.o
                0x1ffff37c                s_mode_enable
 *fill*         0x1ffff37d        0x3 00
 .bss.previousServoValue.6214
                0x1ffff380        0x4 ./Sources/main.o
 .bss.loop_time
                0x1ffff384        0x2 ./Sources/main.o
                0x1ffff384                loop_time
 .bss.steeringControlUpdate.6144
                0x1ffff386        0x1 ./Sources/main.o
 *fill*         0x1ffff387        0x1 00
 .bss.targetSpeed
                0x1ffff388        0x4 ./Sources/main.o
 .bss.newPosition.5887
                0x1ffff38c        0x4 ./Sources/SteeringControl.o
 .bss.errorSum.5888
                0x1ffff390        0x4 ./Sources/SteeringControl.o
 .bss.previousError.5889
                0x1ffff394        0x4 ./Sources/SteeringControl.o
 .bss.speeds    0x1ffff398       0x30 ./Sources/SpeedSensor.o
 .bss.PIDVariables.5929
                0x1ffff3c8       0x30 ./Sources/SpeedControl.o
 .bss.probabilityTables
                0x1ffff3f8     0x1024 ./Sources/Probability.o
                0x1ffff3f8                probabilityTables
 .bss.detectedDoubleLines
                0x2000041c      0x208 ./Sources/LineDetectionDouble.o
 .bss.detectedLines
                0x20000624      0x284 ./Sources/LineDetectionDouble.o
 .bss.previousTrack.6012
                0x200008a8       0x10 ./Sources/LineDetectionDouble.o
 .bss.lineTransitionsStop
                0x200008b8      0x104 ./Sources/LineDetectionDouble.o
 .bss.lineCenterTemp
                0x200009bc        0x4 ./Sources/LineDetectionDouble.o
 .bss.lineCenterPrevious
                0x200009c0        0x1 ./Sources/LineDetectionDouble.o
 .bss.edgePreviousValid
                0x200009c1        0x1 ./Sources/LineDetectionDouble.o
 *fill*         0x200009c2        0x2 00
 .bss.lineTransitions
                0x200009c4      0x104 ./Sources/LineDetectionDouble.o
 .bss.imageDifferentialTwo.6010
                0x20000ac8      0x100 ./Sources/LineDetectionDouble.o
 .bss.detectedTracks
                0x20000bc8      0x204 ./Sources/LineDetectionDouble.o
 .bss.imageDifferential.6009
                0x20000dcc      0x100 ./Sources/LineDetectionDouble.o
 .bss.Kernel    0x20000ecc       0x14 ./Sources/EdgeDetection.o
                0x20000ecc                Kernel
 .bss.blurredImage
                0x20000ee0      0x200 ./Sources/EdgeDetection.o
 .bss.derivativeImage
                0x200010e0      0x100 ./Sources/EdgeDetection.o
 .bss.previousError
                0x200011e0        0x4 ./Sources/AutoExposure.o
                0x200011e0                previousError
 .bss.error     0x200011e4        0x4 ./Sources/AutoExposure.o
                0x200011e4                error
 .bss.errorSum  0x200011e8        0x4 ./Sources/AutoExposure.o
                0x200011e8                errorSum
 .bss.dError    0x200011ec        0x4 ./Sources/AutoExposure.o
                0x200011ec                dError
 .bss.__stdio_exit
                0x200011f0        0x4 C:/Freescale/CW MCU v10.6/MCU/ARM_GCC_Support/ewl/lib/armv6-m\libc.a(exit.o)
                0x200011f0                __stdio_exit
 .bss.__console_exit
                0x200011f4        0x4 C:/Freescale/CW MCU v10.6/MCU/ARM_GCC_Support/ewl/lib/armv6-m\libc.a(exit.o)
                0x200011f4                __console_exit
 .bss.__global_destructor_chain
                0x200011f8        0x4 C:/Freescale/CW MCU v10.6/MCU/ARM_GCC_Support/ewl/lib/armv6-m\librt.a(__arm_eabi_init.o)
                0x200011f8                __global_destructor_chain
 .bss.__S_romp  0x200011fc        0xc C:/Freescale/CW MCU v10.6/MCU/ARM_GCC_Support/ewl/lib/armv6-m\librt.a(ROMCopy.o)
 *(COMMON)
 COMMON         0x20001208      0x898 ./Sources/TFC/TFC_UART.o
                0x20001208                SDA_SERIAL_INCOMING_QUEUE
                0x20001214                SDA_SERIAL_OUTGOING_QUEUE
                0x20001220                SDA_SERIAL_INCOMING_QUEUE_Storage
                0x200012a0                SDA_SERIAL_OUTGOING_QUEUE_Storage
 COMMON         0x20001aa0       0x86 ./Sources/TFC/TFC_Terminal.o
                0x20001aa0                CmdFound
                0x20001aa1                NextCharIn
                0x20001aa4                TerminalLineBuf
                0x20001ae4                TerminalArgs
                0x20001b04                TerminalCmdBuf
                0x20001b25                TerminalPos
 COMMON         0x20001b26        0x1 ./Sources/TFC/TFC_Servo.o
                0x20001b26                ServoTickVar
 *fill*         0x20001b27        0x1 00
 COMMON         0x20001b28      0x414 ./Sources/TFC/TFC_LineScanCamera.o
                0x20001b28                LineScanWorkingBuffer
                0x20001b2c                LineScanImage1
                0x20001b30                LineScanImage0Buffer
                0x20001d30                LineScanImage0WorkingBuffer
                0x20001d34                LineScanImage1Buffer
                0x20001f34                LineScanImage0
                0x20001f38                LineScanImage1WorkingBuffer
 COMMON         0x20001f3c       0x24 ./Sources/TFC/TFC_ARM_SysTick.o
                0x20001f3c                TFC_Ticker
 COMMON         0x20001f60        0xa ./Sources/TFC/TFC_ADC.o
                0x20001f60                motorCurrent
                0x20001f64                PotADC_Value
                0x20001f68                BatSenseADC_Value
 *fill*         0x20001f6a        0x2 00
 COMMON         0x20001f6c       0x84 ./Sources/main.o
                0x20001f6c                incline_speed
                0x20001f70                camera_output
 COMMON         0x20001ff0        0x4 C:/Freescale/CW MCU v10.6/MCU/ARM_GCC_Support/ewl/lib/armv6-m\libc.a(errno.o)
                0x20001ff0                errno
                0x20001ff4                . = ALIGN (0x4)
                0x20001ff4                __END_BSS = .
                0x20001ff4                PROVIDE (__bss_end__, __END_BSS)
                0x0000b3bc                _romp_at = (___ROM_AT + SIZEOF (.data))

.romp           0x20001ff4       0x18 load address 0x0000b3bc
                0x0000b3bc                __S_romp = _romp_at
                0x20001ff4        0x4 LONG 0xb198 ___ROM_AT
                0x20001ff8        0x4 LONG 0x1ffff000 _sdata
                0x20001ffc        0x4 LONG 0x224 ___data_size
                0x20002000        0x4 LONG 0x0
                0x20002004        0x4 LONG 0x0
                0x20002008        0x4 LONG 0x0

._user_heap_stack
                0x2000200c      0x800 load address 0x0000b3d4
                0x2000200c                . = ALIGN (0x4)
                0x2000200c                PROVIDE (end, .)
                0x2000200c                PROVIDE (_end, .)
                0x2000200c                __heap_addr = .
                0x2000240c                . = (. + __heap_size)
 *fill*         0x2000200c      0x400 00
                0x2000280c                . = (. + __stack_size)
 *fill*         0x2000240c      0x400 00
                0x2000280c                . = ALIGN (0x4)

.ARM.attributes
                0x00000000       0x31
 *(.ARM.attributes)
 .ARM.attributes
                0x00000000       0x31 ./Project_Settings/Startup_Code/kinetis_sysinit.o
 .ARM.attributes
                0x00000031       0x31 ./Project_Settings/Startup_Code/__arm_start.o
 .ARM.attributes
                0x00000062       0x31 ./Project_Settings/Startup_Code/__arm_end.o
 .ARM.attributes
                0x00000093       0x31 ./Sources/TFC/TFC_arm_cm0.o
 .ARM.attributes
                0x000000c4       0x31 ./Sources/TFC/TFC_UART.o
 .ARM.attributes
                0x000000f5       0x31 ./Sources/TFC/TFC_Terminal.o
 .ARM.attributes
                0x00000126       0x31 ./Sources/TFC/TFC_Servo.o
 .ARM.attributes
                0x00000157       0x31 ./Sources/TFC/TFC_Queue.o
 .ARM.attributes
                0x00000188       0x31 ./Sources/TFC/TFC_Motor.o
 .ARM.attributes
                0x000001b9       0x31 ./Sources/TFC/TFC_LineScanCamera.o
 .ARM.attributes
                0x000001ea       0x31 ./Sources/TFC/TFC_CrystalClock.o
 .ARM.attributes
                0x0000021b       0x31 ./Sources/TFC/TFC_BoardSupport.o
 .ARM.attributes
                0x0000024c       0x31 ./Sources/TFC/TFC_ARM_SysTick.o
 .ARM.attributes
                0x0000027d       0x31 ./Sources/TFC/TFC_ADC.o
 .ARM.attributes
                0x000002ae       0x31 ./Sources/main.o
 .ARM.attributes
                0x000002df       0x31 ./Sources/TargetSpeedControl.o
 .ARM.attributes
                0x00000310       0x31 ./Sources/SteeringControl.o
 .ARM.attributes
                0x00000341       0x31 ./Sources/SpeedSensor.o
 .ARM.attributes
                0x00000372       0x31 ./Sources/SpeedControl.o
 .ARM.attributes
                0x000003a3       0x31 ./Sources/ServoMapping.o
 .ARM.attributes
                0x000003d4       0x31 ./Sources/Probability.o
 .ARM.attributes
                0x00000405       0x31 ./Sources/LineDetectionDouble.o
 .ARM.attributes
                0x00000436       0x31 ./Sources/EdgeDetection.o
 .ARM.attributes
                0x00000467       0x31 ./Sources/AutoExposure.o
 .ARM.attributes
                0x00000498       0x31 ./Sources/ActiveDifferential.o
 .ARM.attributes
                0x000004c9       0x31 C:/Freescale/CW MCU v10.6/MCU/ARM_GCC_Support/ewl/lib/armv6-m\libc.a(vsprintf.o)
 .ARM.attributes
                0x000004fa       0x31 C:/Freescale/CW MCU v10.6/MCU/ARM_GCC_Support/ewl/lib/armv6-m\libc.a(sscanf.o)
 .ARM.attributes
                0x0000052b       0x31 C:/Freescale/CW MCU v10.6/MCU/ARM_GCC_Support/ewl/lib/armv6-m\libc.a(vsscanf.o)
 .ARM.attributes
                0x0000055c       0x31 C:/Freescale/CW MCU v10.6/MCU/ARM_GCC_Support/ewl/lib/armv6-m\libc.a(exit.o)
 .ARM.attributes
                0x0000058d       0x31 C:/Freescale/CW MCU v10.6/MCU/ARM_GCC_Support/ewl/lib/armv6-m\libc.a(memset.o)
 .ARM.attributes
                0x000005be       0x31 C:/Freescale/CW MCU v10.6/MCU/ARM_GCC_Support/ewl/lib/armv6-m\libc.a(__filll_mem.o)
 .ARM.attributes
                0x000005ef       0x31 C:/Freescale/CW MCU v10.6/MCU/ARM_GCC_Support/ewl/lib/armv6-m\libc.a(strcpy.o)
 .ARM.attributes
                0x00000620       0x31 C:/Freescale/CW MCU v10.6/MCU/ARM_GCC_Support/ewl/lib/armv6-m\libc.a(strcmp.o)
 .ARM.attributes
                0x00000651       0x31 C:/Freescale/CW MCU v10.6/MCU/ARM_GCC_Support/ewl/lib/armv6-m\libc.a(strlen.o)
 .ARM.attributes
                0x00000682       0x31 C:/Freescale/CW MCU v10.6/MCU/ARM_GCC_Support/ewl/lib/armv6-m\libc.a(printformat_.o)
 .ARM.attributes
                0x000006b3       0x31 C:/Freescale/CW MCU v10.6/MCU/ARM_GCC_Support/ewl/lib/armv6-m\libc.a(scanformat_.o)
 .ARM.attributes
                0x000006e4       0x31 C:/Freescale/CW MCU v10.6/MCU/ARM_GCC_Support/ewl/lib/armv6-m\libc.a(ctype_aeabi.o)
 .ARM.attributes
                0x00000715       0x31 C:/Freescale/CW MCU v10.6/MCU/ARM_GCC_Support/ewl/lib/armv6-m\libc.a(vsnprintf.o)
 .ARM.attributes
                0x00000746       0x31 C:/Freescale/CW MCU v10.6/MCU/ARM_GCC_Support/ewl/lib/armv6-m\libc.a(__strtoul.o)
 .ARM.attributes
                0x00000777       0x31 C:/Freescale/CW MCU v10.6/MCU/ARM_GCC_Support/ewl/lib/armv6-m\libc.a(strchr.o)
 .ARM.attributes
                0x000007a8       0x31 C:/Freescale/CW MCU v10.6/MCU/ARM_GCC_Support/ewl/lib/armv6-m\libc.a(memcpy.o)
 .ARM.attributes
                0x000007d9       0x31 C:/Freescale/CW MCU v10.6/MCU/ARM_GCC_Support/ewl/lib/armv6-m\libc.a(memchr.o)
 .ARM.attributes
                0x0000080a       0x31 C:/Freescale/CW MCU v10.6/MCU/ARM_GCC_Support/ewl/lib/armv6-m\libm.a(w_pow.o)
 .ARM.attributes
                0x0000083b       0x31 C:/Freescale/CW MCU v10.6/MCU/ARM_GCC_Support/ewl/lib/armv6-m\libm.a(e_pow.o)
 .ARM.attributes
                0x0000086c       0x31 C:/Freescale/CW MCU v10.6/MCU/ARM_GCC_Support/ewl/lib/armv6-m\libm.a(scalbn.o)
 .ARM.attributes
                0x0000089d       0x31 C:/Freescale/CW MCU v10.6/MCU/ARM_GCC_Support/ewl/lib/armv6-m\libm.a(w_sqrt.o)
 .ARM.attributes
                0x000008ce       0x31 C:/Freescale/CW MCU v10.6/MCU/ARM_GCC_Support/ewl/lib/armv6-m\libm.a(math_api.o)
 .ARM.attributes
                0x000008ff       0x31 C:/Freescale/CW MCU v10.6/MCU/ARM_GCC_Support/ewl/lib/armv6-m\libm.a(float.o)
 .ARM.attributes
                0x00000930       0x31 C:/Freescale/CW MCU v10.6/MCU/ARM_GCC_Support/ewl/lib/armv6-m\libm.a(s_frexp.o)
 .ARM.attributes
                0x00000961       0x31 C:/Freescale/CW MCU v10.6/MCU/ARM_GCC_Support/ewl/lib/armv6-m\libm.a(s_ldexp.o)
 .ARM.attributes
                0x00000992       0x31 C:/Freescale/CW MCU v10.6/MCU/ARM_GCC_Support/ewl/lib/armv6-m\libm.a(e_sqrt.o)
 .ARM.attributes
                0x000009c3       0x1e c:/freescale/cw mcu v10.6/cross_tools/arm-none-eabi-gcc-4_7_3/bin/../lib/gcc/arm-none-eabi/4.7.3/armv6-m\libgcc.a(_thumb1_case_sqi.o)
 .ARM.attributes
                0x000009e1       0x1e c:/freescale/cw mcu v10.6/cross_tools/arm-none-eabi-gcc-4_7_3/bin/../lib/gcc/arm-none-eabi/4.7.3/armv6-m\libgcc.a(_thumb1_case_uqi.o)
 .ARM.attributes
                0x000009ff       0x1e c:/freescale/cw mcu v10.6/cross_tools/arm-none-eabi-gcc-4_7_3/bin/../lib/gcc/arm-none-eabi/4.7.3/armv6-m\libgcc.a(_udivsi3.o)
 .ARM.attributes
                0x00000a1d       0x1e c:/freescale/cw mcu v10.6/cross_tools/arm-none-eabi-gcc-4_7_3/bin/../lib/gcc/arm-none-eabi/4.7.3/armv6-m\libgcc.a(_divsi3.o)
 .ARM.attributes
                0x00000a3b       0x1e c:/freescale/cw mcu v10.6/cross_tools/arm-none-eabi-gcc-4_7_3/bin/../lib/gcc/arm-none-eabi/4.7.3/armv6-m\libgcc.a(_dvmd_tls.o)
 .ARM.attributes
                0x00000a59       0x1e c:/freescale/cw mcu v10.6/cross_tools/arm-none-eabi-gcc-4_7_3/bin/../lib/gcc/arm-none-eabi/4.7.3/armv6-m\libgcc.a(_arm_cmpdf2.o)
 .ARM.attributes
                0x00000a77       0x1e c:/freescale/cw mcu v10.6/cross_tools/arm-none-eabi-gcc-4_7_3/bin/../lib/gcc/arm-none-eabi/4.7.3/armv6-m\libgcc.a(_arm_cmpsf2.o)
 .ARM.attributes
                0x00000a95       0x2c c:/freescale/cw mcu v10.6/cross_tools/arm-none-eabi-gcc-4_7_3/bin/../lib/gcc/arm-none-eabi/4.7.3/armv6-m\libgcc.a(_fixunssfsi.o)
 .ARM.attributes
                0x00000ac1       0x2c c:/freescale/cw mcu v10.6/cross_tools/arm-none-eabi-gcc-4_7_3/bin/../lib/gcc/arm-none-eabi/4.7.3/armv6-m\libgcc.a(_fixunsdfsi.o)
 .ARM.attributes
                0x00000aed       0x2c c:/freescale/cw mcu v10.6/cross_tools/arm-none-eabi-gcc-4_7_3/bin/../lib/gcc/arm-none-eabi/4.7.3/armv6-m\libgcc.a(addsf3.o)
 .ARM.attributes
                0x00000b19       0x2c c:/freescale/cw mcu v10.6/cross_tools/arm-none-eabi-gcc-4_7_3/bin/../lib/gcc/arm-none-eabi/4.7.3/armv6-m\libgcc.a(divsf3.o)
 .ARM.attributes
                0x00000b45       0x2c c:/freescale/cw mcu v10.6/cross_tools/arm-none-eabi-gcc-4_7_3/bin/../lib/gcc/arm-none-eabi/4.7.3/armv6-m\libgcc.a(eqsf2.o)
 .ARM.attributes
                0x00000b71       0x2c c:/freescale/cw mcu v10.6/cross_tools/arm-none-eabi-gcc-4_7_3/bin/../lib/gcc/arm-none-eabi/4.7.3/armv6-m\libgcc.a(gesf2.o)
 .ARM.attributes
                0x00000b9d       0x2c c:/freescale/cw mcu v10.6/cross_tools/arm-none-eabi-gcc-4_7_3/bin/../lib/gcc/arm-none-eabi/4.7.3/armv6-m\libgcc.a(lesf2.o)
 .ARM.attributes
                0x00000bc9       0x2c c:/freescale/cw mcu v10.6/cross_tools/arm-none-eabi-gcc-4_7_3/bin/../lib/gcc/arm-none-eabi/4.7.3/armv6-m\libgcc.a(mulsf3.o)
 .ARM.attributes
                0x00000bf5       0x2c c:/freescale/cw mcu v10.6/cross_tools/arm-none-eabi-gcc-4_7_3/bin/../lib/gcc/arm-none-eabi/4.7.3/armv6-m\libgcc.a(subsf3.o)
 .ARM.attributes
                0x00000c21       0x2c c:/freescale/cw mcu v10.6/cross_tools/arm-none-eabi-gcc-4_7_3/bin/../lib/gcc/arm-none-eabi/4.7.3/armv6-m\libgcc.a(fixsfsi.o)
 .ARM.attributes
                0x00000c4d       0x2c c:/freescale/cw mcu v10.6/cross_tools/arm-none-eabi-gcc-4_7_3/bin/../lib/gcc/arm-none-eabi/4.7.3/armv6-m\libgcc.a(floatsisf.o)
 .ARM.attributes
                0x00000c79       0x2c c:/freescale/cw mcu v10.6/cross_tools/arm-none-eabi-gcc-4_7_3/bin/../lib/gcc/arm-none-eabi/4.7.3/armv6-m\libgcc.a(floatunsisf.o)
 .ARM.attributes
                0x00000ca5       0x2c c:/freescale/cw mcu v10.6/cross_tools/arm-none-eabi-gcc-4_7_3/bin/../lib/gcc/arm-none-eabi/4.7.3/armv6-m\libgcc.a(adddf3.o)
 .ARM.attributes
                0x00000cd1       0x2c c:/freescale/cw mcu v10.6/cross_tools/arm-none-eabi-gcc-4_7_3/bin/../lib/gcc/arm-none-eabi/4.7.3/armv6-m\libgcc.a(divdf3.o)
 .ARM.attributes
                0x00000cfd       0x2c c:/freescale/cw mcu v10.6/cross_tools/arm-none-eabi-gcc-4_7_3/bin/../lib/gcc/arm-none-eabi/4.7.3/armv6-m\libgcc.a(eqdf2.o)
 .ARM.attributes
                0x00000d29       0x2c c:/freescale/cw mcu v10.6/cross_tools/arm-none-eabi-gcc-4_7_3/bin/../lib/gcc/arm-none-eabi/4.7.3/armv6-m\libgcc.a(gedf2.o)
 .ARM.attributes
                0x00000d55       0x2c c:/freescale/cw mcu v10.6/cross_tools/arm-none-eabi-gcc-4_7_3/bin/../lib/gcc/arm-none-eabi/4.7.3/armv6-m\libgcc.a(ledf2.o)
 .ARM.attributes
                0x00000d81       0x2c c:/freescale/cw mcu v10.6/cross_tools/arm-none-eabi-gcc-4_7_3/bin/../lib/gcc/arm-none-eabi/4.7.3/armv6-m\libgcc.a(muldf3.o)
 .ARM.attributes
                0x00000dad       0x2c c:/freescale/cw mcu v10.6/cross_tools/arm-none-eabi-gcc-4_7_3/bin/../lib/gcc/arm-none-eabi/4.7.3/armv6-m\libgcc.a(subdf3.o)
 .ARM.attributes
                0x00000dd9       0x2c c:/freescale/cw mcu v10.6/cross_tools/arm-none-eabi-gcc-4_7_3/bin/../lib/gcc/arm-none-eabi/4.7.3/armv6-m\libgcc.a(fixdfsi.o)
 .ARM.attributes
                0x00000e05       0x2c c:/freescale/cw mcu v10.6/cross_tools/arm-none-eabi-gcc-4_7_3/bin/../lib/gcc/arm-none-eabi/4.7.3/armv6-m\libgcc.a(floatsidf.o)
 .ARM.attributes
                0x00000e31       0x2c c:/freescale/cw mcu v10.6/cross_tools/arm-none-eabi-gcc-4_7_3/bin/../lib/gcc/arm-none-eabi/4.7.3/armv6-m\libgcc.a(floatunsidf.o)
 .ARM.attributes
                0x00000e5d       0x2c c:/freescale/cw mcu v10.6/cross_tools/arm-none-eabi-gcc-4_7_3/bin/../lib/gcc/arm-none-eabi/4.7.3/armv6-m\libgcc.a(extendsfdf2.o)
 .ARM.attributes
                0x00000e89       0x2c c:/freescale/cw mcu v10.6/cross_tools/arm-none-eabi-gcc-4_7_3/bin/../lib/gcc/arm-none-eabi/4.7.3/armv6-m\libgcc.a(truncdfsf2.o)
 .ARM.attributes
                0x00000eb5       0x1e c:/freescale/cw mcu v10.6/cross_tools/arm-none-eabi-gcc-4_7_3/bin/../lib/gcc/arm-none-eabi/4.7.3/armv6-m\libgcc.a(_clzsi2.o)
 .ARM.attributes
                0x00000ed3       0x31 C:/Freescale/CW MCU v10.6/MCU/ARM_GCC_Support/ewl/lib/armv6-m\librt.a(gcc_ctor_dtor.o)
 .ARM.attributes
                0x00000f04       0x31 C:/Freescale/CW MCU v10.6/MCU/ARM_GCC_Support/ewl/lib/armv6-m\librt.a(__arm_eabi_init.o)
 .ARM.attributes
                0x00000f35       0x31 C:/Freescale/CW MCU v10.6/MCU/ARM_GCC_Support/ewl/lib/armv6-m\librt.a(ROMCopy.o)
 .ARM.attributes
                0x00000f66       0x31 C:/Freescale/CW MCU v10.6/MCU/ARM_GCC_Support/ewl/lib/armv6-m\libc.a(errno.o)
OUTPUT(FRDM-TRC.elf elf32-littlearm)

.debug_info     0x00000000     0xca8b
 .debug_info    0x00000000      0x492 ./Project_Settings/Startup_Code/kinetis_sysinit.o
 .debug_info    0x00000492      0x148 ./Project_Settings/Startup_Code/__arm_start.o
 .debug_info    0x000005da       0x53 ./Project_Settings/Startup_Code/__arm_end.o
 .debug_info    0x0000062d      0x3c2 ./Sources/TFC/TFC_arm_cm0.o
 .debug_info    0x000009ef     0x11bd ./Sources/TFC/TFC_UART.o
 .debug_info    0x00001bac      0x4f4 ./Sources/TFC/TFC_Terminal.o
 .debug_info    0x000020a0      0x705 ./Sources/TFC/TFC_Servo.o
 .debug_info    0x000027a5      0x44a ./Sources/TFC/TFC_Queue.o
 .debug_info    0x00002bef      0x538 ./Sources/TFC/TFC_Motor.o
 .debug_info    0x00003127      0x5eb ./Sources/TFC/TFC_LineScanCamera.o
 .debug_info    0x00003712      0xe4f ./Sources/TFC/TFC_CrystalClock.o
 .debug_info    0x00004561      0x48d ./Sources/TFC/TFC_BoardSupport.o
 .debug_info    0x000049ee      0x1a9 ./Sources/TFC/TFC_ARM_SysTick.o
 .debug_info    0x00004b97      0xf14 ./Sources/TFC/TFC_ADC.o
 .debug_info    0x00005aab      0xff5 ./Sources/main.o
 .debug_info    0x00006aa0      0x34b ./Sources/TargetSpeedControl.o
 .debug_info    0x00006deb      0x18f ./Sources/SteeringControl.o
 .debug_info    0x00006f7a      0x766 ./Sources/SpeedSensor.o
 .debug_info    0x000076e0      0x2dc ./Sources/SpeedControl.o
 .debug_info    0x000079bc      0x161 ./Sources/ServoMapping.o
 .debug_info    0x00007b1d      0x22d ./Sources/Probability.o
 .debug_info    0x00007d4a      0xf7b ./Sources/LineDetectionDouble.o
 .debug_info    0x00008cc5      0x2c6 ./Sources/EdgeDetection.o
 .debug_info    0x00008f8b      0x1a7 ./Sources/AutoExposure.o
 .debug_info    0x00009132       0xe8 ./Sources/ActiveDifferential.o
 .debug_info    0x0000921a      0x12a C:/Freescale/CW MCU v10.6/MCU/ARM_GCC_Support/ewl/lib/armv6-m\libc.a(vsprintf.o)
 .debug_info    0x00009344      0x118 C:/Freescale/CW MCU v10.6/MCU/ARM_GCC_Support/ewl/lib/armv6-m\libc.a(sscanf.o)
 .debug_info    0x0000945c      0x253 C:/Freescale/CW MCU v10.6/MCU/ARM_GCC_Support/ewl/lib/armv6-m\libc.a(vsscanf.o)
 .debug_info    0x000096af       0xe8 C:/Freescale/CW MCU v10.6/MCU/ARM_GCC_Support/ewl/lib/armv6-m\libc.a(exit.o)
 .debug_info    0x00009797       0xec C:/Freescale/CW MCU v10.6/MCU/ARM_GCC_Support/ewl/lib/armv6-m\libc.a(memset.o)
 .debug_info    0x00009883      0x137 C:/Freescale/CW MCU v10.6/MCU/ARM_GCC_Support/ewl/lib/armv6-m\libc.a(__filll_mem.o)
 .debug_info    0x000099ba      0x109 C:/Freescale/CW MCU v10.6/MCU/ARM_GCC_Support/ewl/lib/armv6-m\libc.a(strcpy.o)
 .debug_info    0x00009ac3      0x114 C:/Freescale/CW MCU v10.6/MCU/ARM_GCC_Support/ewl/lib/armv6-m\libc.a(strcmp.o)
 .debug_info    0x00009bd7       0xea C:/Freescale/CW MCU v10.6/MCU/ARM_GCC_Support/ewl/lib/armv6-m\libc.a(strlen.o)
 .debug_info    0x00009cc1      0x50d C:/Freescale/CW MCU v10.6/MCU/ARM_GCC_Support/ewl/lib/armv6-m\libc.a(printformat_.o)
 .debug_info    0x0000a1ce      0x568 C:/Freescale/CW MCU v10.6/MCU/ARM_GCC_Support/ewl/lib/armv6-m\libc.a(scanformat_.o)
 .debug_info    0x0000a736      0x313 C:/Freescale/CW MCU v10.6/MCU/ARM_GCC_Support/ewl/lib/armv6-m\libc.a(ctype_aeabi.o)
 .debug_info    0x0000aa49      0x205 C:/Freescale/CW MCU v10.6/MCU/ARM_GCC_Support/ewl/lib/armv6-m\libc.a(vsnprintf.o)
 .debug_info    0x0000ac4e      0x1d6 C:/Freescale/CW MCU v10.6/MCU/ARM_GCC_Support/ewl/lib/armv6-m\libc.a(__strtoul.o)
 .debug_info    0x0000ae24      0x10b C:/Freescale/CW MCU v10.6/MCU/ARM_GCC_Support/ewl/lib/armv6-m\libc.a(strchr.o)
 .debug_info    0x0000af2f      0x10f C:/Freescale/CW MCU v10.6/MCU/ARM_GCC_Support/ewl/lib/armv6-m\libc.a(memcpy.o)
 .debug_info    0x0000b03e      0x121 C:/Freescale/CW MCU v10.6/MCU/ARM_GCC_Support/ewl/lib/armv6-m\libc.a(memchr.o)
 .debug_info    0x0000b15f       0xc0 C:/Freescale/CW MCU v10.6/MCU/ARM_GCC_Support/ewl/lib/armv6-m\libm.a(w_pow.o)
 .debug_info    0x0000b21f      0x5c7 C:/Freescale/CW MCU v10.6/MCU/ARM_GCC_Support/ewl/lib/armv6-m\libm.a(e_pow.o)
 .debug_info    0x0000b7e6       0xf9 C:/Freescale/CW MCU v10.6/MCU/ARM_GCC_Support/ewl/lib/armv6-m\libm.a(scalbn.o)
 .debug_info    0x0000b8df       0xb3 C:/Freescale/CW MCU v10.6/MCU/ARM_GCC_Support/ewl/lib/armv6-m\libm.a(w_sqrt.o)
 .debug_info    0x0000b992      0x305 C:/Freescale/CW MCU v10.6/MCU/ARM_GCC_Support/ewl/lib/armv6-m\libm.a(math_api.o)
 .debug_info    0x0000bc97      0x1e4 C:/Freescale/CW MCU v10.6/MCU/ARM_GCC_Support/ewl/lib/armv6-m\libm.a(float.o)
 .debug_info    0x0000be7b      0x1a1 C:/Freescale/CW MCU v10.6/MCU/ARM_GCC_Support/ewl/lib/armv6-m\libm.a(s_frexp.o)
 .debug_info    0x0000c01c      0x1e2 C:/Freescale/CW MCU v10.6/MCU/ARM_GCC_Support/ewl/lib/armv6-m\libm.a(s_ldexp.o)
 .debug_info    0x0000c1fe      0x266 C:/Freescale/CW MCU v10.6/MCU/ARM_GCC_Support/ewl/lib/armv6-m\libm.a(e_sqrt.o)
 .debug_info    0x0000c464      0x136 C:/Freescale/CW MCU v10.6/MCU/ARM_GCC_Support/ewl/lib/armv6-m\librt.a(gcc_ctor_dtor.o)
 .debug_info    0x0000c59a      0x2b9 C:/Freescale/CW MCU v10.6/MCU/ARM_GCC_Support/ewl/lib/armv6-m\librt.a(__arm_eabi_init.o)
 .debug_info    0x0000c853      0x19b C:/Freescale/CW MCU v10.6/MCU/ARM_GCC_Support/ewl/lib/armv6-m\librt.a(ROMCopy.o)
 .debug_info    0x0000c9ee       0x9d C:/Freescale/CW MCU v10.6/MCU/ARM_GCC_Support/ewl/lib/armv6-m\libc.a(errno.o)

.debug_abbrev   0x00000000     0x3922
 .debug_abbrev  0x00000000      0x11c ./Project_Settings/Startup_Code/kinetis_sysinit.o
 .debug_abbrev  0x0000011c       0xc2 ./Project_Settings/Startup_Code/__arm_start.o
 .debug_abbrev  0x000001de       0x4c ./Project_Settings/Startup_Code/__arm_end.o
 .debug_abbrev  0x0000022a      0x124 ./Sources/TFC/TFC_arm_cm0.o
 .debug_abbrev  0x0000034e      0x2a1 ./Sources/TFC/TFC_UART.o
 .debug_abbrev  0x000005ef      0x1cb ./Sources/TFC/TFC_Terminal.o
 .debug_abbrev  0x000007ba      0x170 ./Sources/TFC/TFC_Servo.o
 .debug_abbrev  0x0000092a      0x19d ./Sources/TFC/TFC_Queue.o
 .debug_abbrev  0x00000ac7      0x157 ./Sources/TFC/TFC_Motor.o
 .debug_abbrev  0x00000c1e      0x122 ./Sources/TFC/TFC_LineScanCamera.o
 .debug_abbrev  0x00000d40      0x242 ./Sources/TFC/TFC_CrystalClock.o
 .debug_abbrev  0x00000f82      0x11d ./Sources/TFC/TFC_BoardSupport.o
 .debug_abbrev  0x0000109f      0x10e ./Sources/TFC/TFC_ARM_SysTick.o
 .debug_abbrev  0x000011ad      0x2a6 ./Sources/TFC/TFC_ADC.o
 .debug_abbrev  0x00001453      0x2b5 ./Sources/main.o
 .debug_abbrev  0x00001708       0xd0 ./Sources/TargetSpeedControl.o
 .debug_abbrev  0x000017d8       0xcd ./Sources/SteeringControl.o
 .debug_abbrev  0x000018a5      0x14a ./Sources/SpeedSensor.o
 .debug_abbrev  0x000019ef      0x170 ./Sources/SpeedControl.o
 .debug_abbrev  0x00001b5f       0xef ./Sources/ServoMapping.o
 .debug_abbrev  0x00001c4e      0x119 ./Sources/Probability.o
 .debug_abbrev  0x00001d67      0x255 ./Sources/LineDetectionDouble.o
 .debug_abbrev  0x00001fbc       0xc8 ./Sources/EdgeDetection.o
 .debug_abbrev  0x00002084       0xa3 ./Sources/AutoExposure.o
 .debug_abbrev  0x00002127       0x77 ./Sources/ActiveDifferential.o
 .debug_abbrev  0x0000219e       0x9d C:/Freescale/CW MCU v10.6/MCU/ARM_GCC_Support/ewl/lib/armv6-m\libc.a(vsprintf.o)
 .debug_abbrev  0x0000223b       0xb1 C:/Freescale/CW MCU v10.6/MCU/ARM_GCC_Support/ewl/lib/armv6-m\libc.a(sscanf.o)
 .debug_abbrev  0x000022ec      0x15f C:/Freescale/CW MCU v10.6/MCU/ARM_GCC_Support/ewl/lib/armv6-m\libc.a(vsscanf.o)
 .debug_abbrev  0x0000244b       0x7a C:/Freescale/CW MCU v10.6/MCU/ARM_GCC_Support/ewl/lib/armv6-m\libc.a(exit.o)
 .debug_abbrev  0x000024c5       0x62 C:/Freescale/CW MCU v10.6/MCU/ARM_GCC_Support/ewl/lib/armv6-m\libc.a(memset.o)
 .debug_abbrev  0x00002527       0x78 C:/Freescale/CW MCU v10.6/MCU/ARM_GCC_Support/ewl/lib/armv6-m\libc.a(__filll_mem.o)
 .debug_abbrev  0x0000259f       0x78 C:/Freescale/CW MCU v10.6/MCU/ARM_GCC_Support/ewl/lib/armv6-m\libc.a(strcpy.o)
 .debug_abbrev  0x00002617       0x89 C:/Freescale/CW MCU v10.6/MCU/ARM_GCC_Support/ewl/lib/armv6-m\libc.a(strcmp.o)
 .debug_abbrev  0x000026a0       0x7a C:/Freescale/CW MCU v10.6/MCU/ARM_GCC_Support/ewl/lib/armv6-m\libc.a(strlen.o)
 .debug_abbrev  0x0000271a      0x200 C:/Freescale/CW MCU v10.6/MCU/ARM_GCC_Support/ewl/lib/armv6-m\libc.a(printformat_.o)
 .debug_abbrev  0x0000291a      0x1f0 C:/Freescale/CW MCU v10.6/MCU/ARM_GCC_Support/ewl/lib/armv6-m\libc.a(scanformat_.o)
 .debug_abbrev  0x00002b0a       0x9e C:/Freescale/CW MCU v10.6/MCU/ARM_GCC_Support/ewl/lib/armv6-m\libc.a(ctype_aeabi.o)
 .debug_abbrev  0x00002ba8       0xf0 C:/Freescale/CW MCU v10.6/MCU/ARM_GCC_Support/ewl/lib/armv6-m\libc.a(vsnprintf.o)
 .debug_abbrev  0x00002c98       0xc2 C:/Freescale/CW MCU v10.6/MCU/ARM_GCC_Support/ewl/lib/armv6-m\libc.a(__strtoul.o)
 .debug_abbrev  0x00002d5a       0x7a C:/Freescale/CW MCU v10.6/MCU/ARM_GCC_Support/ewl/lib/armv6-m\libc.a(strchr.o)
 .debug_abbrev  0x00002dd4       0x95 C:/Freescale/CW MCU v10.6/MCU/ARM_GCC_Support/ewl/lib/armv6-m\libc.a(memcpy.o)
 .debug_abbrev  0x00002e69       0x95 C:/Freescale/CW MCU v10.6/MCU/ARM_GCC_Support/ewl/lib/armv6-m\libc.a(memchr.o)
 .debug_abbrev  0x00002efe       0x59 C:/Freescale/CW MCU v10.6/MCU/ARM_GCC_Support/ewl/lib/armv6-m\libm.a(w_pow.o)
 .debug_abbrev  0x00002f57      0x157 C:/Freescale/CW MCU v10.6/MCU/ARM_GCC_Support/ewl/lib/armv6-m\libm.a(e_pow.o)
 .debug_abbrev  0x000030ae       0x86 C:/Freescale/CW MCU v10.6/MCU/ARM_GCC_Support/ewl/lib/armv6-m\libm.a(scalbn.o)
 .debug_abbrev  0x00003134       0x59 C:/Freescale/CW MCU v10.6/MCU/ARM_GCC_Support/ewl/lib/armv6-m\libm.a(w_sqrt.o)
 .debug_abbrev  0x0000318d       0xe8 C:/Freescale/CW MCU v10.6/MCU/ARM_GCC_Support/ewl/lib/armv6-m\libm.a(math_api.o)
 .debug_abbrev  0x00003275       0x56 C:/Freescale/CW MCU v10.6/MCU/ARM_GCC_Support/ewl/lib/armv6-m\libm.a(float.o)
 .debug_abbrev  0x000032cb       0xce C:/Freescale/CW MCU v10.6/MCU/ARM_GCC_Support/ewl/lib/armv6-m\libm.a(s_frexp.o)
 .debug_abbrev  0x00003399       0xce C:/Freescale/CW MCU v10.6/MCU/ARM_GCC_Support/ewl/lib/armv6-m\libm.a(s_ldexp.o)
 .debug_abbrev  0x00003467      0x10b C:/Freescale/CW MCU v10.6/MCU/ARM_GCC_Support/ewl/lib/armv6-m\libm.a(e_sqrt.o)
 .debug_abbrev  0x00003572       0x99 C:/Freescale/CW MCU v10.6/MCU/ARM_GCC_Support/ewl/lib/armv6-m\librt.a(gcc_ctor_dtor.o)
 .debug_abbrev  0x0000360b      0x1b3 C:/Freescale/CW MCU v10.6/MCU/ARM_GCC_Support/ewl/lib/armv6-m\librt.a(__arm_eabi_init.o)
 .debug_abbrev  0x000037be      0x120 C:/Freescale/CW MCU v10.6/MCU/ARM_GCC_Support/ewl/lib/armv6-m\librt.a(ROMCopy.o)
 .debug_abbrev  0x000038de       0x44 C:/Freescale/CW MCU v10.6/MCU/ARM_GCC_Support/ewl/lib/armv6-m\libc.a(errno.o)

.debug_loc      0x00000000     0x7685
 .debug_loc     0x00000000       0x33 ./Project_Settings/Startup_Code/kinetis_sysinit.o
 .debug_loc     0x00000033       0x20 ./Project_Settings/Startup_Code/__arm_end.o
 .debug_loc     0x00000053       0xac ./Sources/TFC/TFC_arm_cm0.o
 .debug_loc     0x000000ff      0x41a ./Sources/TFC/TFC_UART.o
 .debug_loc     0x00000519      0x21e ./Sources/TFC/TFC_Terminal.o
 .debug_loc     0x00000737      0x14a ./Sources/TFC/TFC_Servo.o
 .debug_loc     0x00000881      0x3ba ./Sources/TFC/TFC_Queue.o
 .debug_loc     0x00000c3b       0xc6 ./Sources/TFC/TFC_Motor.o
 .debug_loc     0x00000d01       0x73 ./Sources/TFC/TFC_LineScanCamera.o
 .debug_loc     0x00000d74     0x11d4 ./Sources/TFC/TFC_CrystalClock.o
 .debug_loc     0x00001f48       0xe6 ./Sources/TFC/TFC_BoardSupport.o
 .debug_loc     0x0000202e       0x40 ./Sources/TFC/TFC_ARM_SysTick.o
 .debug_loc     0x0000206e      0x2b8 ./Sources/TFC/TFC_ADC.o
 .debug_loc     0x00002326      0x711 ./Sources/main.o
 .debug_loc     0x00002a37      0x119 ./Sources/TargetSpeedControl.o
 .debug_loc     0x00002b50       0xe3 ./Sources/SteeringControl.o
 .debug_loc     0x00002c33       0xbd ./Sources/SpeedSensor.o
 .debug_loc     0x00002cf0      0x206 ./Sources/SpeedControl.o
 .debug_loc     0x00002ef6       0xd1 ./Sources/ServoMapping.o
 .debug_loc     0x00002fc7      0x1ab ./Sources/Probability.o
 .debug_loc     0x00003172      0x6bf ./Sources/LineDetectionDouble.o
 .debug_loc     0x00003831      0x124 ./Sources/EdgeDetection.o
 .debug_loc     0x00003955       0x8c ./Sources/AutoExposure.o
 .debug_loc     0x000039e1       0xa6 ./Sources/ActiveDifferential.o
 .debug_loc     0x00003a87       0x64 C:/Freescale/CW MCU v10.6/MCU/ARM_GCC_Support/ewl/lib/armv6-m\libc.a(vsprintf.o)
 .debug_loc     0x00003aeb       0x3f C:/Freescale/CW MCU v10.6/MCU/ARM_GCC_Support/ewl/lib/armv6-m\libc.a(sscanf.o)
 .debug_loc     0x00003b2a      0x16c C:/Freescale/CW MCU v10.6/MCU/ARM_GCC_Support/ewl/lib/armv6-m\libc.a(vsscanf.o)
 .debug_loc     0x00003c96       0x3e C:/Freescale/CW MCU v10.6/MCU/ARM_GCC_Support/ewl/lib/armv6-m\libc.a(exit.o)
 .debug_loc     0x00003cd4       0x6f C:/Freescale/CW MCU v10.6/MCU/ARM_GCC_Support/ewl/lib/armv6-m\libc.a(memset.o)
 .debug_loc     0x00003d43      0x14a C:/Freescale/CW MCU v10.6/MCU/ARM_GCC_Support/ewl/lib/armv6-m\libc.a(__filll_mem.o)
 .debug_loc     0x00003e8d       0x20 C:/Freescale/CW MCU v10.6/MCU/ARM_GCC_Support/ewl/lib/armv6-m\libc.a(strcpy.o)
 .debug_loc     0x00003ead       0x64 C:/Freescale/CW MCU v10.6/MCU/ARM_GCC_Support/ewl/lib/armv6-m\libc.a(strcmp.o)
 .debug_loc     0x00003f11       0x33 C:/Freescale/CW MCU v10.6/MCU/ARM_GCC_Support/ewl/lib/armv6-m\libc.a(strlen.o)
 .debug_loc     0x00003f44     0x104b C:/Freescale/CW MCU v10.6/MCU/ARM_GCC_Support/ewl/lib/armv6-m\libc.a(printformat_.o)
 .debug_loc     0x00004f8f      0x9d8 C:/Freescale/CW MCU v10.6/MCU/ARM_GCC_Support/ewl/lib/armv6-m\libc.a(scanformat_.o)
 .debug_loc     0x00005967      0x30d C:/Freescale/CW MCU v10.6/MCU/ARM_GCC_Support/ewl/lib/armv6-m\libc.a(ctype_aeabi.o)
 .debug_loc     0x00005c74      0x105 C:/Freescale/CW MCU v10.6/MCU/ARM_GCC_Support/ewl/lib/armv6-m\libc.a(vsnprintf.o)
 .debug_loc     0x00005d79      0x305 C:/Freescale/CW MCU v10.6/MCU/ARM_GCC_Support/ewl/lib/armv6-m\libc.a(__strtoul.o)
 .debug_loc     0x0000607e       0xaf C:/Freescale/CW MCU v10.6/MCU/ARM_GCC_Support/ewl/lib/armv6-m\libc.a(strchr.o)
 .debug_loc     0x0000612d       0x59 C:/Freescale/CW MCU v10.6/MCU/ARM_GCC_Support/ewl/lib/armv6-m\libc.a(memcpy.o)
 .debug_loc     0x00006186       0x77 C:/Freescale/CW MCU v10.6/MCU/ARM_GCC_Support/ewl/lib/armv6-m\libc.a(memchr.o)
 .debug_loc     0x000061fd       0x50 C:/Freescale/CW MCU v10.6/MCU/ARM_GCC_Support/ewl/lib/armv6-m\libm.a(w_pow.o)
 .debug_loc     0x0000624d      0x962 C:/Freescale/CW MCU v10.6/MCU/ARM_GCC_Support/ewl/lib/armv6-m\libm.a(e_pow.o)
 .debug_loc     0x00006baf       0x6e C:/Freescale/CW MCU v10.6/MCU/ARM_GCC_Support/ewl/lib/armv6-m\libm.a(scalbn.o)
 .debug_loc     0x00006c1d       0x38 C:/Freescale/CW MCU v10.6/MCU/ARM_GCC_Support/ewl/lib/armv6-m\libm.a(w_sqrt.o)
 .debug_loc     0x00006c55      0x2d7 C:/Freescale/CW MCU v10.6/MCU/ARM_GCC_Support/ewl/lib/armv6-m\libm.a(math_api.o)
 .debug_loc     0x00006f2c       0xc1 C:/Freescale/CW MCU v10.6/MCU/ARM_GCC_Support/ewl/lib/armv6-m\libm.a(s_frexp.o)
 .debug_loc     0x00006fed      0x16b C:/Freescale/CW MCU v10.6/MCU/ARM_GCC_Support/ewl/lib/armv6-m\libm.a(s_ldexp.o)
 .debug_loc     0x00007158      0x220 C:/Freescale/CW MCU v10.6/MCU/ARM_GCC_Support/ewl/lib/armv6-m\libm.a(e_sqrt.o)
 .debug_loc     0x00007378       0x9d C:/Freescale/CW MCU v10.6/MCU/ARM_GCC_Support/ewl/lib/armv6-m\librt.a(gcc_ctor_dtor.o)
 .debug_loc     0x00007415      0x197 C:/Freescale/CW MCU v10.6/MCU/ARM_GCC_Support/ewl/lib/armv6-m\librt.a(__arm_eabi_init.o)
 .debug_loc     0x000075ac       0xd9 C:/Freescale/CW MCU v10.6/MCU/ARM_GCC_Support/ewl/lib/armv6-m\librt.a(ROMCopy.o)

.debug_aranges  0x00000000      0xb98
 .debug_aranges
                0x00000000       0x30 ./Project_Settings/Startup_Code/kinetis_sysinit.o
 .debug_aranges
                0x00000030       0x28 ./Project_Settings/Startup_Code/__arm_start.o
 .debug_aranges
                0x00000058       0x20 ./Project_Settings/Startup_Code/__arm_end.o
 .debug_aranges
                0x00000078       0x48 ./Sources/TFC/TFC_arm_cm0.o
 .debug_aranges
                0x000000c0       0x68 ./Sources/TFC/TFC_UART.o
 .debug_aranges
                0x00000128       0x68 ./Sources/TFC/TFC_Terminal.o
 .debug_aranges
                0x00000190       0x38 ./Sources/TFC/TFC_Servo.o
 .debug_aranges
                0x000001c8       0x50 ./Sources/TFC/TFC_Queue.o
 .debug_aranges
                0x00000218       0x30 ./Sources/TFC/TFC_Motor.o
 .debug_aranges
                0x00000248       0x30 ./Sources/TFC/TFC_LineScanCamera.o
 .debug_aranges
                0x00000278      0x100 ./Sources/TFC/TFC_CrystalClock.o
 .debug_aranges
                0x00000378       0x40 ./Sources/TFC/TFC_BoardSupport.o
 .debug_aranges
                0x000003b8       0x30 ./Sources/TFC/TFC_ARM_SysTick.o
 .debug_aranges
                0x000003e8       0x68 ./Sources/TFC/TFC_ADC.o
 .debug_aranges
                0x00000450       0xa0 ./Sources/main.o
 .debug_aranges
                0x000004f0       0x20 ./Sources/TargetSpeedControl.o
 .debug_aranges
                0x00000510       0x20 ./Sources/SteeringControl.o
 .debug_aranges
                0x00000530       0x38 ./Sources/SpeedSensor.o
 .debug_aranges
                0x00000568       0x28 ./Sources/SpeedControl.o
 .debug_aranges
                0x00000590       0x28 ./Sources/ServoMapping.o
 .debug_aranges
                0x000005b8       0x28 ./Sources/Probability.o
 .debug_aranges
                0x000005e0       0x70 ./Sources/LineDetectionDouble.o
 .debug_aranges
                0x00000650       0x40 ./Sources/EdgeDetection.o
 .debug_aranges
                0x00000690       0x28 ./Sources/AutoExposure.o
 .debug_aranges
                0x000006b8       0x20 ./Sources/ActiveDifferential.o
 .debug_aranges
                0x000006d8       0x20 C:/Freescale/CW MCU v10.6/MCU/ARM_GCC_Support/ewl/lib/armv6-m\libc.a(vsprintf.o)
 .debug_aranges
                0x000006f8       0x20 C:/Freescale/CW MCU v10.6/MCU/ARM_GCC_Support/ewl/lib/armv6-m\libc.a(sscanf.o)
 .debug_aranges
                0x00000718       0x28 C:/Freescale/CW MCU v10.6/MCU/ARM_GCC_Support/ewl/lib/armv6-m\libc.a(vsscanf.o)
 .debug_aranges
                0x00000740       0x20 C:/Freescale/CW MCU v10.6/MCU/ARM_GCC_Support/ewl/lib/armv6-m\libc.a(exit.o)
 .debug_aranges
                0x00000760       0x20 C:/Freescale/CW MCU v10.6/MCU/ARM_GCC_Support/ewl/lib/armv6-m\libc.a(memset.o)
 .debug_aranges
                0x00000780       0x20 C:/Freescale/CW MCU v10.6/MCU/ARM_GCC_Support/ewl/lib/armv6-m\libc.a(__filll_mem.o)
 .debug_aranges
                0x000007a0       0x20 C:/Freescale/CW MCU v10.6/MCU/ARM_GCC_Support/ewl/lib/armv6-m\libc.a(strcpy.o)
 .debug_aranges
                0x000007c0       0x20 C:/Freescale/CW MCU v10.6/MCU/ARM_GCC_Support/ewl/lib/armv6-m\libc.a(strcmp.o)
 .debug_aranges
                0x000007e0       0x20 C:/Freescale/CW MCU v10.6/MCU/ARM_GCC_Support/ewl/lib/armv6-m\libc.a(strlen.o)
 .debug_aranges
                0x00000800       0x28 C:/Freescale/CW MCU v10.6/MCU/ARM_GCC_Support/ewl/lib/armv6-m\libc.a(printformat_.o)
 .debug_aranges
                0x00000828       0x20 C:/Freescale/CW MCU v10.6/MCU/ARM_GCC_Support/ewl/lib/armv6-m\libc.a(scanformat_.o)
 .debug_aranges
                0x00000848       0x88 C:/Freescale/CW MCU v10.6/MCU/ARM_GCC_Support/ewl/lib/armv6-m\libc.a(ctype_aeabi.o)
 .debug_aranges
                0x000008d0       0x28 C:/Freescale/CW MCU v10.6/MCU/ARM_GCC_Support/ewl/lib/armv6-m\libc.a(vsnprintf.o)
 .debug_aranges
                0x000008f8       0x20 C:/Freescale/CW MCU v10.6/MCU/ARM_GCC_Support/ewl/lib/armv6-m\libc.a(__strtoul.o)
 .debug_aranges
                0x00000918       0x20 C:/Freescale/CW MCU v10.6/MCU/ARM_GCC_Support/ewl/lib/armv6-m\libc.a(strchr.o)
 .debug_aranges
                0x00000938       0x20 C:/Freescale/CW MCU v10.6/MCU/ARM_GCC_Support/ewl/lib/armv6-m\libc.a(memcpy.o)
 .debug_aranges
                0x00000958       0x20 C:/Freescale/CW MCU v10.6/MCU/ARM_GCC_Support/ewl/lib/armv6-m\libc.a(memchr.o)
 .debug_aranges
                0x00000978       0x20 C:/Freescale/CW MCU v10.6/MCU/ARM_GCC_Support/ewl/lib/armv6-m\libm.a(w_pow.o)
 .debug_aranges
                0x00000998       0x20 C:/Freescale/CW MCU v10.6/MCU/ARM_GCC_Support/ewl/lib/armv6-m\libm.a(e_pow.o)
 .debug_aranges
                0x000009b8       0x20 C:/Freescale/CW MCU v10.6/MCU/ARM_GCC_Support/ewl/lib/armv6-m\libm.a(scalbn.o)
 .debug_aranges
                0x000009d8       0x20 C:/Freescale/CW MCU v10.6/MCU/ARM_GCC_Support/ewl/lib/armv6-m\libm.a(w_sqrt.o)
 .debug_aranges
                0x000009f8       0x60 C:/Freescale/CW MCU v10.6/MCU/ARM_GCC_Support/ewl/lib/armv6-m\libm.a(math_api.o)
 .debug_aranges
                0x00000a58       0x18 C:/Freescale/CW MCU v10.6/MCU/ARM_GCC_Support/ewl/lib/armv6-m\libm.a(float.o)
 .debug_aranges
                0x00000a70       0x20 C:/Freescale/CW MCU v10.6/MCU/ARM_GCC_Support/ewl/lib/armv6-m\libm.a(s_frexp.o)
 .debug_aranges
                0x00000a90       0x20 C:/Freescale/CW MCU v10.6/MCU/ARM_GCC_Support/ewl/lib/armv6-m\libm.a(s_ldexp.o)
 .debug_aranges
                0x00000ab0       0x20 C:/Freescale/CW MCU v10.6/MCU/ARM_GCC_Support/ewl/lib/armv6-m\libm.a(e_sqrt.o)
 .debug_aranges
                0x00000ad0       0x28 C:/Freescale/CW MCU v10.6/MCU/ARM_GCC_Support/ewl/lib/armv6-m\librt.a(gcc_ctor_dtor.o)
 .debug_aranges
                0x00000af8       0x58 C:/Freescale/CW MCU v10.6/MCU/ARM_GCC_Support/ewl/lib/armv6-m\librt.a(__arm_eabi_init.o)
 .debug_aranges
                0x00000b50       0x30 C:/Freescale/CW MCU v10.6/MCU/ARM_GCC_Support/ewl/lib/armv6-m\librt.a(ROMCopy.o)
 .debug_aranges
                0x00000b80       0x18 C:/Freescale/CW MCU v10.6/MCU/ARM_GCC_Support/ewl/lib/armv6-m\libc.a(errno.o)

.debug_macinfo  0x00000000   0x37436b
 .debug_macinfo
                0x00000000    0x2651f ./Project_Settings/Startup_Code/kinetis_sysinit.o
 .debug_macinfo
                0x0002651f     0x3e9c ./Project_Settings/Startup_Code/__arm_start.o
 .debug_macinfo
                0x0002a3bb     0x3485 ./Project_Settings/Startup_Code/__arm_end.o
 .debug_macinfo
                0x0002d840    0x26596 ./Sources/TFC/TFC_arm_cm0.o
 .debug_macinfo
                0x00053dd6    0x2986d ./Sources/TFC/TFC_UART.o
 .debug_macinfo
                0x0007d643    0x29901 ./Sources/TFC/TFC_Terminal.o
 .debug_macinfo
                0x000a6f44    0x29936 ./Sources/TFC/TFC_Servo.o
 .debug_macinfo
                0x000d087a    0x2986d ./Sources/TFC/TFC_Queue.o
 .debug_macinfo
                0x000fa0e7    0x2991a ./Sources/TFC/TFC_Motor.o
 .debug_macinfo
                0x00123a01    0x2986d ./Sources/TFC/TFC_LineScanCamera.o
 .debug_macinfo
                0x0014d26e    0x29964 ./Sources/TFC/TFC_CrystalClock.o
 .debug_macinfo
                0x00176bd2    0x2986d ./Sources/TFC/TFC_BoardSupport.o
 .debug_macinfo
                0x001a043f    0x2986d ./Sources/TFC/TFC_ARM_SysTick.o
 .debug_macinfo
                0x001c9cac    0x2a1b1 ./Sources/TFC/TFC_ADC.o
 .debug_macinfo
                0x001f3e5d    0x29fdc ./Sources/main.o
 .debug_macinfo
                0x0021de39     0x43ce ./Sources/TargetSpeedControl.o
 .debug_macinfo
                0x00222207    0x29886 ./Sources/SteeringControl.o
 .debug_macinfo
                0x0024ba8d    0x29930 ./Sources/SpeedSensor.o
 .debug_macinfo
                0x002753bd    0x298f6 ./Sources/SpeedControl.o
 .debug_macinfo
                0x0029ecb3    0x29912 ./Sources/ServoMapping.o
 .debug_macinfo
                0x002c85c5    0x298c3 ./Sources/Probability.o
 .debug_macinfo
                0x002f1e88    0x29b20 ./Sources/LineDetectionDouble.o
 .debug_macinfo
                0x0031b9a8     0x5895 ./Sources/EdgeDetection.o
 .debug_macinfo
                0x0032123d    0x2986d ./Sources/AutoExposure.o
 .debug_macinfo
                0x0034aaaa    0x298c1 ./Sources/ActiveDifferential.o

.debug_line     0x00000000     0xb289
 .debug_line    0x00000000      0x258 ./Project_Settings/Startup_Code/kinetis_sysinit.o
 .debug_line    0x00000258      0x2af ./Project_Settings/Startup_Code/__arm_start.o
 .debug_line    0x00000507      0x265 ./Project_Settings/Startup_Code/__arm_end.o
 .debug_line    0x0000076c      0x2da ./Sources/TFC/TFC_arm_cm0.o
 .debug_line    0x00000a46      0x78b ./Sources/TFC/TFC_UART.o
 .debug_line    0x000011d1      0x6fc ./Sources/TFC/TFC_Terminal.o
 .debug_line    0x000018cd      0x5e4 ./Sources/TFC/TFC_Servo.o
 .debug_line    0x00001eb1      0x70d ./Sources/TFC/TFC_Queue.o
 .debug_line    0x000025be      0x600 ./Sources/TFC/TFC_Motor.o
 .debug_line    0x00002bbe      0x5bc ./Sources/TFC/TFC_LineScanCamera.o
 .debug_line    0x0000317a      0xc90 ./Sources/TFC/TFC_CrystalClock.o
 .debug_line    0x00003e0a      0x5fd ./Sources/TFC/TFC_BoardSupport.o
 .debug_line    0x00004407      0x5b5 ./Sources/TFC/TFC_ARM_SysTick.o
 .debug_line    0x000049bc      0x7a0 ./Sources/TFC/TFC_ADC.o
 .debug_line    0x0000515c      0xbec ./Sources/main.o
 .debug_line    0x00005d48      0x2ef ./Sources/TargetSpeedControl.o
 .debug_line    0x00006037      0x591 ./Sources/SteeringControl.o
 .debug_line    0x000065c8      0x624 ./Sources/SpeedSensor.o
 .debug_line    0x00006bec      0x5e5 ./Sources/SpeedControl.o
 .debug_line    0x000071d1      0x5ac ./Sources/ServoMapping.o
 .debug_line    0x0000777d      0x5ef ./Sources/Probability.o
 .debug_line    0x00007d6c      0xc69 ./Sources/LineDetectionDouble.o
 .debug_line    0x000089d5      0x2b2 ./Sources/EdgeDetection.o
 .debug_line    0x00008c87      0x5a3 ./Sources/AutoExposure.o
 .debug_line    0x0000922a      0x5aa ./Sources/ActiveDifferential.o
 .debug_line    0x000097d4       0x94 C:/Freescale/CW MCU v10.6/MCU/ARM_GCC_Support/ewl/lib/armv6-m\libc.a(vsprintf.o)
 .debug_line    0x00009868       0x92 C:/Freescale/CW MCU v10.6/MCU/ARM_GCC_Support/ewl/lib/armv6-m\libc.a(sscanf.o)
 .debug_line    0x000098fa       0xc8 C:/Freescale/CW MCU v10.6/MCU/ARM_GCC_Support/ewl/lib/armv6-m\libc.a(vsscanf.o)
 .debug_line    0x000099c2       0x8d C:/Freescale/CW MCU v10.6/MCU/ARM_GCC_Support/ewl/lib/armv6-m\libc.a(exit.o)
 .debug_line    0x00009a4f       0x90 C:/Freescale/CW MCU v10.6/MCU/ARM_GCC_Support/ewl/lib/armv6-m\libc.a(memset.o)
 .debug_line    0x00009adf       0xf6 C:/Freescale/CW MCU v10.6/MCU/ARM_GCC_Support/ewl/lib/armv6-m\libc.a(__filll_mem.o)
 .debug_line    0x00009bd5       0x7d C:/Freescale/CW MCU v10.6/MCU/ARM_GCC_Support/ewl/lib/armv6-m\libc.a(strcpy.o)
 .debug_line    0x00009c52       0x83 C:/Freescale/CW MCU v10.6/MCU/ARM_GCC_Support/ewl/lib/armv6-m\libc.a(strcmp.o)
 .debug_line    0x00009cd5       0x85 C:/Freescale/CW MCU v10.6/MCU/ARM_GCC_Support/ewl/lib/armv6-m\libc.a(strlen.o)
 .debug_line    0x00009d5a      0x2c3 C:/Freescale/CW MCU v10.6/MCU/ARM_GCC_Support/ewl/lib/armv6-m\libc.a(printformat_.o)
 .debug_line    0x0000a01d      0x2be C:/Freescale/CW MCU v10.6/MCU/ARM_GCC_Support/ewl/lib/armv6-m\libc.a(scanformat_.o)
 .debug_line    0x0000a2db      0x1be C:/Freescale/CW MCU v10.6/MCU/ARM_GCC_Support/ewl/lib/armv6-m\libc.a(ctype_aeabi.o)
 .debug_line    0x0000a499       0xd4 C:/Freescale/CW MCU v10.6/MCU/ARM_GCC_Support/ewl/lib/armv6-m\libc.a(vsnprintf.o)
 .debug_line    0x0000a56d      0x11e C:/Freescale/CW MCU v10.6/MCU/ARM_GCC_Support/ewl/lib/armv6-m\libc.a(__strtoul.o)
 .debug_line    0x0000a68b       0x7d C:/Freescale/CW MCU v10.6/MCU/ARM_GCC_Support/ewl/lib/armv6-m\libc.a(strchr.o)
 .debug_line    0x0000a708       0x8b C:/Freescale/CW MCU v10.6/MCU/ARM_GCC_Support/ewl/lib/armv6-m\libc.a(memcpy.o)
 .debug_line    0x0000a793       0x9f C:/Freescale/CW MCU v10.6/MCU/ARM_GCC_Support/ewl/lib/armv6-m\libc.a(memchr.o)
 .debug_line    0x0000a832       0x73 C:/Freescale/CW MCU v10.6/MCU/ARM_GCC_Support/ewl/lib/armv6-m\libm.a(w_pow.o)
 .debug_line    0x0000a8a5      0x1f9 C:/Freescale/CW MCU v10.6/MCU/ARM_GCC_Support/ewl/lib/armv6-m\libm.a(e_pow.o)
 .debug_line    0x0000aa9e       0x77 C:/Freescale/CW MCU v10.6/MCU/ARM_GCC_Support/ewl/lib/armv6-m\libm.a(scalbn.o)
 .debug_line    0x0000ab15       0x74 C:/Freescale/CW MCU v10.6/MCU/ARM_GCC_Support/ewl/lib/armv6-m\libm.a(w_sqrt.o)
 .debug_line    0x0000ab89      0x173 C:/Freescale/CW MCU v10.6/MCU/ARM_GCC_Support/ewl/lib/armv6-m\libm.a(math_api.o)
 .debug_line    0x0000acfc       0x60 C:/Freescale/CW MCU v10.6/MCU/ARM_GCC_Support/ewl/lib/armv6-m\libm.a(float.o)
 .debug_line    0x0000ad5c       0xb9 C:/Freescale/CW MCU v10.6/MCU/ARM_GCC_Support/ewl/lib/armv6-m\libm.a(s_frexp.o)
 .debug_line    0x0000ae15       0xc6 C:/Freescale/CW MCU v10.6/MCU/ARM_GCC_Support/ewl/lib/armv6-m\libm.a(s_ldexp.o)
 .debug_line    0x0000aedb      0x121 C:/Freescale/CW MCU v10.6/MCU/ARM_GCC_Support/ewl/lib/armv6-m\libm.a(e_sqrt.o)
 .debug_line    0x0000affc       0x6c C:/Freescale/CW MCU v10.6/MCU/ARM_GCC_Support/ewl/lib/armv6-m\librt.a(gcc_ctor_dtor.o)
 .debug_line    0x0000b068      0x117 C:/Freescale/CW MCU v10.6/MCU/ARM_GCC_Support/ewl/lib/armv6-m\librt.a(__arm_eabi_init.o)
 .debug_line    0x0000b17f       0xbd C:/Freescale/CW MCU v10.6/MCU/ARM_GCC_Support/ewl/lib/armv6-m\librt.a(ROMCopy.o)
 .debug_line    0x0000b23c       0x4d C:/Freescale/CW MCU v10.6/MCU/ARM_GCC_Support/ewl/lib/armv6-m\libc.a(errno.o)

.debug_str      0x00000000     0x2f5b
 .debug_str     0x00000000      0x2e5 ./Project_Settings/Startup_Code/kinetis_sysinit.o
                                0x30c (size before relaxing)
 .debug_str     0x000002e5       0x85 ./Project_Settings/Startup_Code/__arm_start.o
                                0x1c0 (size before relaxing)
 .debug_str     0x0000036a       0xaa ./Project_Settings/Startup_Code/__arm_end.o
                                0x109 (size before relaxing)
 .debug_str     0x00000414       0xa4 ./Sources/TFC/TFC_arm_cm0.o
                                0x260 (size before relaxing)
 .debug_str     0x000004b8      0x48f ./Sources/TFC/TFC_UART.o
                                0x6ee (size before relaxing)
 .debug_str     0x00000947      0x1da ./Sources/TFC/TFC_Terminal.o
                                0x3b7 (size before relaxing)
 .debug_str     0x00000b21       0xa9 ./Sources/TFC/TFC_Servo.o
                                0x56b (size before relaxing)
 .debug_str     0x00000bca       0xa4 ./Sources/TFC/TFC_Queue.o
                                0x264 (size before relaxing)
 .debug_str     0x00000c6e       0x65 ./Sources/TFC/TFC_Motor.o
                                0x320 (size before relaxing)
 .debug_str     0x00000cd3      0x15e ./Sources/TFC/TFC_LineScanCamera.o
                                0x426 (size before relaxing)
 .debug_str     0x00000e31      0x23f ./Sources/TFC/TFC_CrystalClock.o
                                0x4a5 (size before relaxing)
 .debug_str     0x00001070       0x8c ./Sources/TFC/TFC_BoardSupport.o
                                0x33c (size before relaxing)
 .debug_str     0x000010fc       0x9a ./Sources/TFC/TFC_ARM_SysTick.o
                                0x1ff (size before relaxing)
 .debug_str     0x00001196      0x4c7 ./Sources/TFC/TFC_ADC.o
                                0xa8a (size before relaxing)
 .debug_str     0x0000165d      0x2fd ./Sources/main.o
                                0xa4b (size before relaxing)
 .debug_str     0x0000195a       0x5a ./Sources/TargetSpeedControl.o
                                0x444 (size before relaxing)
 .debug_str     0x000019b4       0x79 ./Sources/SteeringControl.o
                                0x237 (size before relaxing)
 .debug_str     0x00001a2d       0xd0 ./Sources/SpeedSensor.o
                                0x640 (size before relaxing)
 .debug_str     0x00001afd       0x9e ./Sources/SpeedControl.o
                                0x28f (size before relaxing)
 .debug_str     0x00001b9b       0x3b ./Sources/ServoMapping.o
                                0x1ad (size before relaxing)
 .debug_str     0x00001bd6       0xce ./Sources/Probability.o
                                0x231 (size before relaxing)
 .debug_str     0x00001ca4      0x47a ./Sources/LineDetectionDouble.o
                                0x8da (size before relaxing)
 .debug_str     0x0000211e       0xbc ./Sources/EdgeDetection.o
                                0x257 (size before relaxing)
 .debug_str     0x000021da       0x5d ./Sources/AutoExposure.o
                                0x224 (size before relaxing)
 .debug_str     0x00002237       0x53 ./Sources/ActiveDifferential.o
                                0x1c1 (size before relaxing)
 .debug_str     0x0000228a       0x3f C:/Freescale/CW MCU v10.6/MCU/ARM_GCC_Support/ewl/lib/armv6-m\libc.a(vsprintf.o)
                                0x167 (size before relaxing)
 .debug_str     0x000022c9       0x13 C:/Freescale/CW MCU v10.6/MCU/ARM_GCC_Support/ewl/lib/armv6-m\libc.a(sscanf.o)
                                0x161 (size before relaxing)
 .debug_str     0x000022dc       0x9c C:/Freescale/CW MCU v10.6/MCU/ARM_GCC_Support/ewl/lib/armv6-m\libc.a(vsscanf.o)
                                0x1e5 (size before relaxing)
 .debug_str     0x00002378       0x2e C:/Freescale/CW MCU v10.6/MCU/ARM_GCC_Support/ewl/lib/armv6-m\libc.a(exit.o)
                                0x157 (size before relaxing)
 .debug_str     0x000023a6       0x23 C:/Freescale/CW MCU v10.6/MCU/ARM_GCC_Support/ewl/lib/armv6-m\libc.a(memset.o)
                                0x140 (size before relaxing)
 .debug_str     0x000023c9       0x25 C:/Freescale/CW MCU v10.6/MCU/ARM_GCC_Support/ewl/lib/armv6-m\libc.a(__filll_mem.o)
                                0x152 (size before relaxing)
 .debug_str     0x000023ee       0x1c C:/Freescale/CW MCU v10.6/MCU/ARM_GCC_Support/ewl/lib/armv6-m\libc.a(strcpy.o)
                                0x142 (size before relaxing)
 .debug_str     0x0000240a       0x26 C:/Freescale/CW MCU v10.6/MCU/ARM_GCC_Support/ewl/lib/armv6-m\libc.a(strcmp.o)
                                0x152 (size before relaxing)
 .debug_str     0x00002430       0x1c C:/Freescale/CW MCU v10.6/MCU/ARM_GCC_Support/ewl/lib/armv6-m\libc.a(strlen.o)
                                0x140 (size before relaxing)
 .debug_str     0x0000244c      0x21d C:/Freescale/CW MCU v10.6/MCU/ARM_GCC_Support/ewl/lib/armv6-m\libc.a(printformat_.o)
                                0x3b3 (size before relaxing)
 .debug_str     0x00002669      0x14b C:/Freescale/CW MCU v10.6/MCU/ARM_GCC_Support/ewl/lib/armv6-m\libc.a(scanformat_.o)
                                0x3f9 (size before relaxing)
 .debug_str     0x000027b4       0x9d C:/Freescale/CW MCU v10.6/MCU/ARM_GCC_Support/ewl/lib/armv6-m\libc.a(ctype_aeabi.o)
                                0x1bc (size before relaxing)
 .debug_str     0x00002851       0x7c C:/Freescale/CW MCU v10.6/MCU/ARM_GCC_Support/ewl/lib/armv6-m\libc.a(vsnprintf.o)
                                0x1cc (size before relaxing)